Component: ARM Compiler 5.06 update 6 (build 750) Tool: armlink [4d35ed]

==============================================================================

Section Cross References

    startup_stm32f401xc.o(STACK) refers (Special) to heapauxi.o(.text) for __use_two_region_memory
    startup_stm32f401xc.o(HEAP) refers (Special) to heapauxi.o(.text) for __use_two_region_memory
    startup_stm32f401xc.o(RESET) refers (Special) to heapauxi.o(.text) for __use_two_region_memory
    startup_stm32f401xc.o(RESET) refers to startup_stm32f401xc.o(STACK) for __initial_sp
    startup_stm32f401xc.o(RESET) refers to startup_stm32f401xc.o(.text) for Reset_Handler
    startup_stm32f401xc.o(RESET) refers to stm32f4xx_it.o(i.NMI_Handler) for NMI_Handler
    startup_stm32f401xc.o(RESET) refers to stm32f4xx_it.o(i.HardFault_Handler) for HardFault_Handler
    startup_stm32f401xc.o(RESET) refers to stm32f4xx_it.o(i.MemManage_Handler) for MemManage_Handler
    startup_stm32f401xc.o(RESET) refers to stm32f4xx_it.o(i.BusFault_Handler) for BusFault_Handler
    startup_stm32f401xc.o(RESET) refers to stm32f4xx_it.o(i.UsageFault_Handler) for UsageFault_Handler
    startup_stm32f401xc.o(RESET) refers to stm32f4xx_it.o(i.SVC_Handler) for SVC_Handler
    startup_stm32f401xc.o(RESET) refers to stm32f4xx_it.o(i.DebugMon_Handler) for DebugMon_Handler
    startup_stm32f401xc.o(RESET) refers to stm32f4xx_it.o(i.PendSV_Handler) for PendSV_Handler
    startup_stm32f401xc.o(RESET) refers to stm32f4xx_it.o(i.SysTick_Handler) for SysTick_Handler
    startup_stm32f401xc.o(RESET) refers to stm32f4xx_it.o(i.DMA1_Stream4_IRQHandler) for DMA1_Stream4_IRQHandler
    startup_stm32f401xc.o(RESET) refers to stm32f4xx_it.o(i.SDIO_IRQHandler) for SDIO_IRQHandler
    startup_stm32f401xc.o(RESET) refers to stm32f4xx_it.o(i.DMA2_Stream0_IRQHandler) for DMA2_Stream0_IRQHandler
    startup_stm32f401xc.o(RESET) refers to stm32f4xx_it.o(i.DMA2_Stream2_IRQHandler) for DMA2_Stream2_IRQHandler
    startup_stm32f401xc.o(RESET) refers to stm32f4xx_it.o(i.DMA2_Stream3_IRQHandler) for DMA2_Stream3_IRQHandler
    startup_stm32f401xc.o(RESET) refers to stm32f4xx_it.o(i.OTG_FS_IRQHandler) for OTG_FS_IRQHandler
    startup_stm32f401xc.o(RESET) refers to stm32f4xx_it.o(i.DMA2_Stream5_IRQHandler) for DMA2_Stream5_IRQHandler
    startup_stm32f401xc.o(RESET) refers to stm32f4xx_it.o(i.DMA2_Stream6_IRQHandler) for DMA2_Stream6_IRQHandler
    startup_stm32f401xc.o(RESET) refers to stm32f4xx_it.o(i.DMA2_Stream7_IRQHandler) for DMA2_Stream7_IRQHandler
    startup_stm32f401xc.o(.text) refers (Special) to heapauxi.o(.text) for __use_two_region_memory
    startup_stm32f401xc.o(.text) refers to system_stm32f4xx.o(i.SystemInit) for SystemInit
    startup_stm32f401xc.o(.text) refers to __main.o(!!!main) for __main
    startup_stm32f401xc.o(.text) refers to startup_stm32f401xc.o(HEAP) for Heap_Mem
    startup_stm32f401xc.o(.text) refers to startup_stm32f401xc.o(STACK) for Stack_Mem
    main.o(i.SystemClock_Config) refers to rt_memclr_w.o(.text) for __aeabi_memclr4
    main.o(i.SystemClock_Config) refers to stm32f4xx_hal_rcc.o(i.HAL_RCC_OscConfig) for HAL_RCC_OscConfig
    main.o(i.SystemClock_Config) refers to stm32f4xx_hal_rcc.o(i.HAL_RCC_ClockConfig) for HAL_RCC_ClockConfig
    main.o(i.adc_handle) refers to stm32f4xx_hal_adc.o(i.HAL_ADC_PollForConversion) for HAL_ADC_PollForConversion
    main.o(i.adc_handle) refers to stm32f4xx_hal_adc.o(i.HAL_ADC_GetState) for HAL_ADC_GetState
    main.o(i.adc_handle) refers to stm32f4xx_hal_adc.o(i.HAL_ADC_GetValue) for HAL_ADC_GetValue
    main.o(i.adc_handle) refers to stm32f4xx_hal_adc.o(i.HAL_ADC_Stop) for HAL_ADC_Stop
    main.o(i.adc_handle) refers to usbd_cdc_if.o(i.CDC_Transmit_FS) for CDC_Transmit_FS
    main.o(i.adc_handle) refers to adc.o(.bss) for hadc1
    main.o(i.flash_read_func) refers to stm32f4xx_hal_spi.o(i.HAL_SPI_Receive_DMA) for HAL_SPI_Receive_DMA
    main.o(i.flash_read_func) refers to spi.o(.bss) for hspi1
    main.o(i.flash_write_func) refers to stm32f4xx_hal_spi.o(i.HAL_SPI_Transmit_DMA) for HAL_SPI_Transmit_DMA
    main.o(i.flash_write_func) refers to spi.o(.bss) for hspi1
    main.o(i.main) refers to stm32f4xx_hal.o(i.HAL_Init) for HAL_Init
    main.o(i.main) refers to main.o(i.SystemClock_Config) for SystemClock_Config
    main.o(i.main) refers to gpio.o(i.MX_GPIO_Init) for MX_GPIO_Init
    main.o(i.main) refers to dma.o(i.MX_DMA_Init) for MX_DMA_Init
    main.o(i.main) refers to adc.o(i.MX_ADC1_Init) for MX_ADC1_Init
    main.o(i.main) refers to i2s.o(i.MX_I2S2_Init) for MX_I2S2_Init
    main.o(i.main) refers to spi.o(i.MX_SPI1_Init) for MX_SPI1_Init
    main.o(i.main) refers to sdio.o(i.MX_SDIO_SD_Init) for MX_SDIO_SD_Init
    main.o(i.main) refers to tim.o(i.MX_TIM1_Init) for MX_TIM1_Init
    main.o(i.main) refers to tim.o(i.MX_TIM2_Init) for MX_TIM2_Init
    main.o(i.main) refers to usb_device.o(i.MX_USB_DEVICE_Init) for MX_USB_DEVICE_Init
[...]
    HAL_UART_MspInit                         0x08004f49   Thumb Code   204  usart.o(i.HAL_UART_MspInit)
    HardFault_Handler                        0x08005029   Thumb Code     2  stm32f4xx_it.o(i.HardFault_Handler)
    LCD_WriteData_16Bit                      0x08005219   Thumb Code    58  bg_lcd.o(i.LCD_WriteData_16Bit)
    Lcd_Clear                                0x0800525d   Thumb Code   126  bg_lcd.o(i.Lcd_Clear)
    Lcd_SetRegion                            0x080052e5   Thumb Code    82  bg_lcd.o(i.Lcd_SetRegion)
    Lcd_SetXY                                0x08005337   Thumb Code     8  bg_lcd.o(i.Lcd_SetXY)
    Lcd_WriteData                            0x08005341   Thumb Code    46  bg_lcd.o(i.Lcd_WriteData)
    Lcd_WriteIndex                           0x08005375   Thumb Code    46  bg_lcd.o(i.Lcd_WriteIndex)
    MX_ADC1_Init                             0x080053a9   Thumb Code   144  adc.o(i.MX_ADC1_Init)
    MX_DMA_Init                              0x08005445   Thumb Code   152  dma.o(i.MX_DMA_Init)
    MX_GPIO_Init                             0x080054e1   Thumb Code   220  gpio.o(i.MX_GPIO_Init)
    MX_I2S2_Init                             0x080055cd   Thumb Code    52  i2s.o(i.MX_I2S2_Init)
    MX_SDIO_SD_Init                          0x08005609   Thumb Code    56  sdio.o(i.MX_SDIO_SD_Init)
    MX_SPI1_Init                             0x08005649   Thumb Code    60  spi.o(i.MX_SPI1_Init)
    MX_TIM1_Init                             0x0800568d   Thumb Code    96  tim.o(i.MX_TIM1_Init)
    MX_TIM2_Init                             0x080056f5   Thumb Code    96  tim.o(i.MX_TIM2_Init)
    MX_USART1_UART_Init                      0x08005759   Thumb Code    48  usart.o(i.MX_USART1_UART_Init)
    MX_USB_DEVICE_Init                       0x08005791   Thumb Code    66  usb_device.o(i.MX_USB_DEVICE_Init)
    MemManage_Handler                        0x080057e5   Thumb Code     2  stm32f4xx_it.o(i.MemManage_Handler)
    NMI_Handler                              0x080057e7   Thumb Code     2  stm32f4xx_it.o(i.NMI_Handler)
    OTG_FS_IRQHandler                        0x080057e9   Thumb Code     6  stm32f4xx_it.o(i.OTG_FS_IRQHandler)
    PendSV_Handler                           0x08005963   Thumb Code     2  stm32f4xx_it.o(i.PendSV_Handler)
    SDIO_ConfigData                          0x08005965   Thumb Code    36  stm32f4xx_ll_sdmmc.o(i.SDIO_ConfigData)
    SDIO_GetPowerState                       0x08005989   Thumb Code     8  stm32f4xx_ll_sdmmc.o(i.SDIO_GetPowerState)
    SDIO_GetResponse                         0x08005991   Thumb Code     6  stm32f4xx_ll_sdmmc.o(i.SDIO_GetResponse)
    SDIO_IRQHandler                          0x08005999   Thumb Code     6  stm32f4xx_it.o(i.SDIO_IRQHandler)
    SDIO_Init                                0x080059a5   Thumb Code    36  stm32f4xx_ll_sdmmc.o(i.SDIO_Init)
    SDIO_PowerState_ON                       0x080059c9   Thumb Code     8  stm32f4xx_ll_sdmmc.o(i.SDIO_PowerState_ON)
    SDIO_ReadFIFO                            0x080059d1   Thumb Code     6  stm32f4xx_ll_sdmmc.o(i.SDIO_ReadFIFO)
    SDIO_SendCommand                         0x080059d7   Thumb Code    32  stm32f4xx_ll_sdmmc.o(i.SDIO_SendCommand)
    SDIO_WriteFIFO                           0x080059f7   Thumb Code    10  stm32f4xx_ll_sdmmc.o(i.SDIO_WriteFIFO)
    SDMMC_CmdAppCommand                      0x08005a01   Thumb Code    50  stm32f4xx_ll_sdmmc.o(i.SDMMC_CmdAppCommand)
    SDMMC_CmdAppOperCommand                  0x08005a35   Thumb Code    48  stm32f4xx_ll_sdmmc.o(i.SDMMC_CmdAppOperCommand)
    SDMMC_CmdBlockLength                     0x08005a69   Thumb Code    50  stm32f4xx_ll_sdmmc.o(i.SDMMC_CmdBlockLength)
    SDMMC_CmdBusWidth                        0x08005a9b   Thumb Code    50  stm32f4xx_ll_sdmmc.o(i.SDMMC_CmdBusWidth)
    SDMMC_CmdGoIdleState                     0x08005acd   Thumb Code    74  stm32f4xx_ll_sdmmc.o(i.SDMMC_CmdGoIdleState)
    SDMMC_CmdOperCond                        0x08005b1d   Thumb Code    48  stm32f4xx_ll_sdmmc.o(i.SDMMC_CmdOperCond)
    SDMMC_CmdReadMultiBlock                  0x08005b4d   Thumb Code    50  stm32f4xx_ll_sdmmc.o(i.SDMMC_CmdReadMultiBlock)
    SDMMC_CmdReadSingleBlock                 0x08005b7f   Thumb Code    50  stm32f4xx_ll_sdmmc.o(i.SDMMC_CmdReadSingleBlock)
    SDMMC_CmdSelDesel                        0x08005bb1   Thumb Code    50  stm32f4xx_ll_sdmmc.o(i.SDMMC_CmdSelDesel)
    SDMMC_CmdSendCID                         0x08005be3   Thumb Code    44  stm32f4xx_ll_sdmmc.o(i.SDMMC_CmdSendCID)
    SDMMC_CmdSendCSD                         0x08005c0f   Thumb Code    44  stm32f4xx_ll_sdmmc.o(i.SDMMC_CmdSendCSD)
    SDMMC_CmdSendSCR                         0x08005c3b   Thumb Code    48  stm32f4xx_ll_sdmmc.o(i.SDMMC_CmdSendSCR)
    SDMMC_CmdSendStatus                      0x08005c6b   Thumb Code    50  stm32f4xx_ll_sdmmc.o(i.SDMMC_CmdSendStatus)
    SDMMC_CmdSetRelAdd                       0x08005c9d   Thumb Code    48  stm32f4xx_ll_sdmmc.o(i.SDMMC_CmdSetRelAdd)
    SDMMC_CmdStopTransfer                    0x08005ccd   Thumb Code    46  stm32f4xx_ll_sdmmc.o(i.SDMMC_CmdStopTransfer)
    SDMMC_GetCmdResp1                        0x08005d01   Thumb Code   278  stm32f4xx_ll_sdmmc.o(i.SDMMC_GetCmdResp1)
    SDMMC_GetCmdResp2                        0x08005e21   Thumb Code    76  stm32f4xx_ll_sdmmc.o(i.SDMMC_GetCmdResp2)
    SDMMC_GetCmdResp3                        0x08005e71   Thumb Code    62  stm32f4xx_ll_sdmmc.o(i.SDMMC_GetCmdResp3)
    SDMMC_GetCmdResp6                        0x08005eb5   Thumb Code   130  stm32f4xx_ll_sdmmc.o(i.SDMMC_GetCmdResp6)
    SDMMC_GetCmdResp7                        0x08005f3d   Thumb Code    82  stm32f4xx_ll_sdmmc.o(i.SDMMC_GetCmdResp7)
    SVC_Handler                              0x0800662d   Thumb Code     2  stm32f4xx_it.o(i.SVC_Handler)
    ShowChar                                 0x08006639   Thumb Code     2  bg_lcd.o(i.ShowChar)
    SysTick_Handler                          0x0800663b   Thumb Code     4  stm32f4xx_it.o(i.SysTick_Handler)
    SystemClock_Config                       0x08006641   Thumb Code   136  main.o(i.SystemClock_Config)
    SystemInit                               0x080066d1   Thumb Code    12  system_stm32f4xx.o(i.SystemInit)
    TIM_Base_SetConfig                       0x080066e1   Thumb Code   136  stm32f4xx_hal_tim.o(i.TIM_Base_SetConfig)
    TIM_ETR_SetConfig                        0x08006785   Thumb Code    20  stm32f4xx_hal_tim.o(i.TIM_ETR_SetConfig)
    USBD_CDC_GetDeviceQualifierDescriptor    0x08006a79   Thumb Code     8  usbd_cdc.o(i.USBD_CDC_GetDeviceQualifierDescriptor)
    USBD_CDC_ReceivePacket                   0x08006c55   Thumb Code    50  usbd_cdc.o(i.USBD_CDC_ReceivePacket)
    USBD_CDC_RegisterInterface               0x08006c8d   Thumb Code    22  usbd_cdc.o(i.USBD_CDC_RegisterInterface)
    USBD_CDC_SetRxBuffer                     0x08006ca3   Thumb Code    26  usbd_cdc.o(i.USBD_CDC_SetRxBuffer)
    USBD_CDC_SetTxBuffer                     0x08006cbd   Thumb Code    30  usbd_cdc.o(i.USBD_CDC_SetTxBuffer)
    USBD_CDC_TransmitPacket                  0x08006db1   Thumb Code    76  usbd_cdc.o(i.USBD_CDC_TransmitPacket)
    USBD_ClrClassConfig                      0x08006e01   Thumb Code    20  usbd_core.o(i.USBD_ClrClassConfig)
    USBD_CoreFindEP                          0x08006e15   Thumb Code     4  usbd_core.o(i.USBD_CoreFindEP)
    USBD_CoreFindIF                          0x08006e19   Thumb Code     4  usbd_core.o(i.USBD_CoreFindIF)
    USBD_CtlContinueRx                       0x08006e1d   Thumb Code    16  usbd_ioreq.o(i.USBD_CtlContinueRx)
    USBD_CtlContinueSendData                 0x08006e2d   Thumb Code    16  usbd_ioreq.o(i.USBD_CtlContinueSendData)
    USBD_CtlError                            0x08006e3d   Thumb Code    22  usbd_ctlreq.o(i.USBD_CtlError)
    USBD_CtlPrepareRx                        0x08006e53   Thumb Code    30  usbd_ioreq.o(i.USBD_CtlPrepareRx)
    USBD_CtlReceiveStatus                    0x08006e71   Thumb Code    22  usbd_ioreq.o(i.USBD_CtlReceiveStatus)
    USBD_CtlSendData                         0x08006e87   Thumb Code    26  usbd_ioreq.o(i.USBD_CtlSendData)
    USBD_CtlSendStatus                       0x08006ea1   Thumb Code    22  usbd_ioreq.o(i.USBD_CtlSendStatus)
    USBD_FS_ConfigStrDescriptor              0x08006eb9   Thumb Code    16  usbd_desc.o(i.USBD_FS_ConfigStrDescriptor)
    USBD_FS_DeviceDescriptor                 0x08006ed9   Thumb Code     8  usbd_desc.o(i.USBD_FS_DeviceDescriptor)
    USBD_FS_InterfaceStrDescriptor           0x08006ee5   Thumb Code    16  usbd_desc.o(i.USBD_FS_InterfaceStrDescriptor)
    USBD_FS_LangIDStrDescriptor              0x08006f09   Thumb Code     8  usbd_desc.o(i.USBD_FS_LangIDStrDescriptor)
    USBD_FS_ManufacturerStrDescriptor        0x08006f15   Thumb Code    16  usbd_desc.o(i.USBD_FS_ManufacturerStrDescriptor)
    USBD_FS_ProductStrDescriptor             0x08006f31   Thumb Code    16  usbd_desc.o(i.USBD_FS_ProductStrDescriptor)
    USBD_FS_SerialStrDescriptor              0x08006f5d   Thumb Code    48  usbd_desc.o(i.USBD_FS_SerialStrDescriptor)
    USBD_GetEpDesc                           0x0800707b   Thumb Code    58  usbd_core.o(i.USBD_GetEpDesc)
    USBD_GetNextDesc                         0x080070c9   Thumb Code    14  usbd_core.o(i.USBD_GetNextDesc)
    USBD_GetString                           0x080070d7   Thumb Code    78  usbd_ctlreq.o(i.USBD_GetString)
    USBD_Get_USB_Status                      0x08007125   Thumb Code    24  usbd_conf.o(i.USBD_Get_USB_Status)
    USBD_Init                                0x0800713d   Thumb Code    38  usbd_core.o(i.USBD_Init)
    USBD_LL_ClearStallEP                     0x08007163   Thumb Code    18  usbd_conf.o(i.USBD_LL_ClearStallEP)
    USBD_LL_CloseEP                          0x08007175   Thumb Code    18  usbd_conf.o(i.USBD_LL_CloseEP)
    USBD_LL_DataInStage                      0x08007187   Thumb Code   182  usbd_core.o(i.USBD_LL_DataInStage)
    USBD_LL_DataOutStage                     0x0800723d   Thumb Code   142  usbd_core.o(i.USBD_LL_DataOutStage)
    USBD_LL_DevConnected                     0x080072cb   Thumb Code     4  usbd_core.o(i.USBD_LL_DevConnected)
    USBD_LL_DevDisconnected                  0x080072cf   Thumb Code    30  usbd_core.o(i.USBD_LL_DevDisconnected)
    USBD_LL_GetRxDataSize                    0x080072ed   Thumb Code     8  usbd_conf.o(i.USBD_LL_GetRxDataSize)
    USBD_LL_Init                             0x080072f5   Thumb Code    90  usbd_conf.o(i.USBD_LL_Init)
    USBD_LL_IsStallEP                        0x08007355   Thumb Code    30  usbd_conf.o(i.USBD_LL_IsStallEP)
    USBD_LL_IsoINIncomplete                  0x08007373   Thumb Code    40  usbd_core.o(i.USBD_LL_IsoINIncomplete)
    USBD_LL_IsoOUTIncomplete                 0x0800739b   Thumb Code    40  usbd_core.o(i.USBD_LL_IsoOUTIncomplete)
    USBD_LL_OpenEP                           0x080073c3   Thumb Code    24  usbd_conf.o(i.USBD_LL_OpenEP)
    USBD_LL_PrepareReceive                   0x080073db   Thumb Code    18  usbd_conf.o(i.USBD_LL_PrepareReceive)
    USBD_LL_Reset                            0x080073ed   Thumb Code    92  usbd_core.o(i.USBD_LL_Reset)
    USBD_LL_Resume                           0x08007449   Thumb Code    20  usbd_core.o(i.USBD_LL_Resume)
    USBD_LL_SOF                              0x0800745d   Thumb Code    26  usbd_core.o(i.USBD_LL_SOF)
    USBD_LL_SetSpeed                         0x08007477   Thumb Code     6  usbd_core.o(i.USBD_LL_SetSpeed)
    USBD_LL_SetUSBAddress                    0x0800747d   Thumb Code    18  usbd_conf.o(i.USBD_LL_SetUSBAddress)
    USBD_LL_SetupStage                       0x0800748f   Thumb Code    96  usbd_core.o(i.USBD_LL_SetupStage)
    USBD_LL_StallEP                          0x080074ef   Thumb Code    18  usbd_conf.o(i.USBD_LL_StallEP)
    USBD_LL_Start                            0x08007501   Thumb Code    18  usbd_conf.o(i.USBD_LL_Start)
    USBD_LL_Suspend                          0x08007513   Thumb Code    26  usbd_core.o(i.USBD_LL_Suspend)
    USBD_LL_Transmit                         0x0800752d   Thumb Code    18  usbd_conf.o(i.USBD_LL_Transmit)
    USBD_ParseSetupRequest                   0x0800753f   Thumb Code    44  usbd_ctlreq.o(i.USBD_ParseSetupRequest)
    USBD_RegisterClass                       0x0800756b   Thumb Code    58  usbd_core.o(i.USBD_RegisterClass)
    USBD_SetClassConfig                      0x080075a5   Thumb Code    20  usbd_core.o(i.USBD_SetClassConfig)
    USBD_Start                               0x08007671   Thumb Code     4  usbd_core.o(i.USBD_Start)
    USBD_StdDevReq                           0x08007675   Thumb Code   300  usbd_ctlreq.o(i.USBD_StdDevReq)
    USBD_StdEPReq                            0x080077a1   Thumb Code   352  usbd_ctlreq.o(i.USBD_StdEPReq)
    USBD_StdItfReq                           0x08007901   Thumb Code   114  usbd_ctlreq.o(i.USBD_StdItfReq)
    USBD_static_free                         0x08007973   Thumb Code     2  usbd_conf.o(i.USBD_static_free)
    USBD_static_malloc                       0x08007975   Thumb Code     4  usbd_conf.o(i.USBD_static_malloc)
    USB_ActivateEndpoint                     0x0800797d   Thumb Code   122  stm32f4xx_ll_usb.o(i.USB_ActivateEndpoint)
    USB_ActivateSetup                        0x080079fd   Thumb Code    28  stm32f4xx_ll_usb.o(i.USB_ActivateSetup)
    USB_CoreInit                             0x08007a19   Thumb Code   126  stm32f4xx_ll_usb.o(i.USB_CoreInit)
    USB_DeactivateEndpoint                   0x08007ad9   Thumb Code   194  stm32f4xx_ll_usb.o(i.USB_DeactivateEndpoint)
    USB_DevConnect                           0x08007ba5   Thumb Code    28  stm32f4xx_ll_usb.o(i.USB_DevConnect)
    USB_DevDisconnect                        0x08007bc1   Thumb Code    28  stm32f4xx_ll_usb.o(i.USB_DevDisconnect)
    USB_DevInit                              0x08007bdd   Thumb Code   370  stm32f4xx_ll_usb.o(i.USB_DevInit)
    USB_DisableGlobalInt                     0x08007d59   Thumb Code    12  stm32f4xx_ll_usb.o(i.USB_DisableGlobalInt)
    USB_EP0_OutStart                         0x08007d65   Thumb Code    84  stm32f4xx_ll_usb.o(i.USB_EP0_OutStart)
    USB_EPClearStall                         0x08007dbd   Thumb Code    88  stm32f4xx_ll_usb.o(i.USB_EPClearStall)
    USB_EPSetStall                           0x08007e15   Thumb Code    88  stm32f4xx_ll_usb.o(i.USB_EPSetStall)
    USB_EPStartXfer                          0x08007e6d   Thumb Code   562  stm32f4xx_ll_usb.o(i.USB_EPStartXfer)
    USB_EPStopXfer                           0x080080a5   Thumb Code   158  stm32f4xx_ll_usb.o(i.USB_EPStopXfer)
    USB_EnableGlobalInt                      0x08008143   Thumb Code    12  stm32f4xx_ll_usb.o(i.USB_EnableGlobalInt)
    USB_FlushRxFifo                          0x0800814f   Thumb Code    56  stm32f4xx_ll_usb.o(i.USB_FlushRxFifo)
    USB_FlushTxFifo                          0x08008187   Thumb Code    60  stm32f4xx_ll_usb.o(i.USB_FlushTxFifo)
    USB_GetDevSpeed                          0x080081c3   Thumb Code    26  stm32f4xx_ll_usb.o(i.USB_GetDevSpeed)
    USB_GetMode                              0x080081dd   Thumb Code     8  stm32f4xx_ll_usb.o(i.USB_GetMode)
    USB_ReadDevAllInEpInterrupt              0x080081e5   Thumb Code    14  stm32f4xx_ll_usb.o(i.USB_ReadDevAllInEpInterrupt)
    USB_ReadDevAllOutEpInterrupt             0x080081f3   Thumb Code    14  stm32f4xx_ll_usb.o(i.USB_ReadDevAllOutEpInterrupt)
    USB_ReadDevInEPInterrupt                 0x08008201   Thumb Code    36  stm32f4xx_ll_usb.o(i.USB_ReadDevInEPInterrupt)
    USB_ReadDevOutEPInterrupt                0x08008225   Thumb Code    16  stm32f4xx_ll_usb.o(i.USB_ReadDevOutEPInterrupt)
    USB_ReadInterrupts                       0x08008235   Thumb Code     8  stm32f4xx_ll_usb.o(i.USB_ReadInterrupts)
    USB_ReadPacket                           0x0800823d   Thumb Code    62  stm32f4xx_ll_usb.o(i.USB_ReadPacket)
    USB_SetCurrentMode                       0x0800827b   Thumb Code    92  stm32f4xx_ll_usb.o(i.USB_SetCurrentMode)
    USB_SetDevAddress                        0x080082d7   Thumb Code    34  stm32f4xx_ll_usb.o(i.USB_SetDevAddress)
    USB_SetTurnaroundTime                    0x080082f9   Thumb Code   158  stm32f4xx_ll_usb.o(i.USB_SetTurnaroundTime)
    USB_WritePacket                          0x080083e1   Thumb Code    40  stm32f4xx_ll_usb.o(i.USB_WritePacket)
    UsageFault_Handler                       0x08008409   Thumb Code     2  stm32f4xx_it.o(i.UsageFault_Handler)
    Windbond_GetCapacity                     0x0800840b   Thumb Code    56  bg_flash_manager.o(i.Windbond_GetCapacity)
    __ARM_fpclassify                         0x08008443   Thumb Code    48  fpclassify.o(i.__ARM_fpclassify)
    _is_digit                                0x08008493   Thumb Code    14  __printf_wp.o(i._is_digit)
    delay_ms                                 0x080084a1   Thumb Code    36  delay.o(i.delay_ms)
    delay_us                                 0x080084c5   Thumb Code    34  delay.o(i.delay_us)
    flash_EraseAll                           0x080084e9   Thumb Code    86  bg_flash_manager.o(i.flash_EraseAll)
    flash_GetRemainingCapacity               0x08008545   Thumb Code    82  bg_flash_manager.o(i.flash_GetRemainingCapacity)
    flash_GetTotalByte                       0x080085c1   Thumb Code    96  bg_flash_manager.o(i.flash_GetTotalByte)
    flash_IsSectorErased                     0x08008635   Thumb Code    28  bg_flash_manager.o(i.flash_IsSectorErased)
    flash_PageProgram                        0x08008651   Thumb Code   166  bg_flash_manager.o(i.flash_PageProgram)
    flash_ReadData                           0x080086fd   Thumb Code   134  bg_flash_manager.o(i.flash_ReadData)
    flash_ReadID                             0x08008789   Thumb Code   114  bg_flash_manager.o(i.flash_ReadID)
    flash_ReadStatusReg                      0x08008801   Thumb Code    76  bg_flash_manager.o(i.flash_ReadStatusReg)
    flash_SectorErase                        0x08008851   Thumb Code   136  bg_flash_manager.o(i.flash_SectorErase)
    flash_WaitForWriteEnd                    0x080088dd   Thumb Code    16  bg_flash_manager.o(i.flash_WaitForWriteEnd)
    flash_WriteEnable                        0x080088ed   Thumb Code    78  bg_flash_manager.o(i.flash_WriteEnable)
    flash_init                               0x08008941   Thumb Code     8  bg_flash_manager.o(i.flash_init)
    flash_read                               0x0800894d   Thumb Code    18  bg_flash_manager.o(i.flash_read)
    flash_read_byte                          0x08008965   Thumb Code    24  bg_flash_manager.o(i.flash_read_byte)
    flash_read_func                          0x08008981   Thumb Code    10  main.o(i.flash_read_func)
    flash_write                              0x08008991   Thumb Code    18  bg_flash_manager.o(i.flash_write)
    flash_write_byte                         0x080089a9   Thumb Code    20  bg_flash_manager.o(i.flash_write_byte)
    flash_write_func                         0x080089c1   Thumb Code    10  main.o(i.flash_write_func)
    get_sd_info                              0x080089d1   Thumb Code   116  sd_card.o(i.get_sd_info)
    gui_Circle                               0x08008b4d   Thumb Code   348  bg_lcd.o(i.gui_Circle)
    lcd_init                                 0x08008ca9   Thumb Code     4  bg_lcd.o(i.lcd_init)
    lcd_write_byte                           0x08008cad   Thumb Code    22  bg_lcd.o(i.lcd_write_byte)
    main                                     0x08008cc9   Thumb Code   228  main.o(i.main)
    sd_read_test                             0x08008de1   Thumb Code    98  sd_card.o(i.sd_read_test)
    showimage                                0x08008e9d   Thumb Code    64  bg_lcd.o(i.showimage)
    st7735_init                              0x08008edd   Thumb Code   382  st7735.o(i.st7735_init)
    usb_printf                               0x08009061   Thumb Code    32  usbd_cdc_if.o(i.usb_printf)
    _get_lc_numeric                          0x08009085   Thumb Code    44  lc_numeric_c.o(locale$$code)
    _get_lc_ctype                            0x080090b1   Thumb Code    44  lc_ctype_c.o(locale$$code)
    _fp_init                                 0x080090dd   Thumb Code    10  fpinit.o(x$fpl$fpinit)
    __fplib_config_fpu_vfp                   0x080090e5   Thumb Code     0  fpinit.o(x$fpl$fpinit)
    __fplib_config_pureend_doubles           0x080090e5   Thumb Code     0  fpinit.o(x$fpl$fpinit)
    _printf_fp_dec                           0x080090e7   Thumb Code     4  printf1.o(x$fpl$printf1)
    _printf_fp_hex                           0x080090eb   Thumb Code     4  printf2.o(x$fpl$printf2)
    __I$use$fp                               0x080090ee   Number         0  usenofp.o(x$fpl$usenofp)
    AHBPrescTable                            0x080090f6   Data          16  system_stm32f4xx.o(.constdata)
    APBPrescTable                            0x08009106   Data           8  system_stm32f4xx.o(.constdata)
    Region$$Table$$Base                      0x0800925c   Number         0  anon$$obj.o(Region$$Table)
    Region$$Table$$Limit                     0x0800927c   Number         0  anon$$obj.o(Region$$Table)
    __ctype                                  0x080092a5   Data           0  lc_ctype_c.o(locale$$data)
    uwTickFreq                               0x20000000   Data           1  stm32f4xx_hal.o(.data)
    uwTickPrio                               0x20000004   Data           4  stm32f4xx_hal.o(.data)
    uwTick                                   0x20000008   Data           4  stm32f4xx_hal.o(.data)
    SystemCoreClock                          0x2000000c   Data           4  system_stm32f4xx.o(.data)
    FS_Desc                                  0x20000010   Data          28  usbd_desc.o(.data)
    USBD_LangIDDesc                          0x2000002c   Data           4  usbd_desc.o(.data)
    USBD_FS_DeviceDesc                       0x20000030   Data          18  usbd_desc.o(.data)
    USBD_StringSerial                        0x20000044   Data          26  usbd_desc.o(.data)
    USBD_Interface_fops_FS                   0x20000060   Data          20  usbd_cdc_if.o(.data)
    USBD_CDC                                 0x200000cc   Data          56  usbd_cdc.o(.data)
    BG_lcd                                   0x20000104   Data          40  bg_lcd.o(.data)
    i                                        0x2000012c   Data           4  sd_card.o(.data)
    BG_flash_manager                         0x20000130   Data          44  bg_flash_manager.o(.data)
    hadc1                                    0x2000015c   Data          72  adc.o(.bss)
    hi2s2                                    0x200001a4   Data          72  i2s.o(.bss)
    hdma_spi2_tx                             0x200001ec   Data          96  i2s.o(.bss)
    hsd                                      0x2000024c   Data         132  sdio.o(.bss)
    hdma_sdio_rx                             0x200002d0   Data          96  sdio.o(.bss)
    hdma_sdio_tx                             0x20000330   Data          96  sdio.o(.bss)
    hspi1                                    0x20000390   Data          88  spi.o(.bss)
    hdma_spi1_rx                             0x200003e8   Data          96  spi.o(.bss)
    hdma_spi1_tx                             0x20000448   Data          96  spi.o(.bss)
    htim1                                    0x200004a8   Data          72  tim.o(.bss)
    htim2                                    0x200004f0   Data          72  tim.o(.bss)
    huart1                                   0x20000538   Data          72  usart.o(.bss)
    hdma_usart1_rx                           0x20000580   Data          96  usart.o(.bss)
    hdma_usart1_tx                           0x200005e0   Data          96  usart.o(.bss)
    hUsbDeviceFS                             0x20000640   Data         732  usb_device.o(.bss)
    USBD_StrDesc                             0x2000091c   Data         512  usbd_desc.o(.bss)
    UserRxBufferFS                           0x20000b1c   Data        1024  usbd_cdc_if.o(.bss)
    UserTxBufferFS                           0x20000f1c   Data        1024  usbd_cdc_if.o(.bss)
    hpcd_USB_OTG_FS                          0x2000153c   Data        1252  usbd_conf.o(.bss)
    Buffer_Rx                                0x20001a20   Data         512  sd_card.o(.bss)
    Buffer_Tx                                0x20001c20   Data         512  sd_card.o(.bss)
    __libspace_start                         0x20001e20   Data          96  libspace.o(.bss)
    __temporary_stack_top$libspace           0x20001e80   Data           0  libspace.o(.bss)



==============================================================================

Memory Map of the image

  Image Entry point : 0x08000195

  Load Region LR_IROM1 (Base: 0x08000000, Size: 0x00009504, Max: 0x00040000, ABSOLUTE, COMPRESSED[0x000094a4])

    Execution Region ER_IROM1 (Exec base: 0x08000000, Load base: 0x08000000, Size: 0x000093a8, Max: 0x00040000, ABSOLUTE)

    Exec Addr    Load Addr    Size         Type   Attr      Idx    E Section Name        Object

    0x08000000   0x08000000   0x00000194   Data   RO            3    RESET               startup_stm32f401xc.o
    0x08000194   0x08000194   0x00000008   Code   RO         6486  * !!!main             c_w.l(__main.o)
    0x0800019c   0x0800019c   0x00000034   Code   RO         6823    !!!scatter          c_w.l(__scatter.o)
    0x080001d0   0x080001d0   0x0000005a   Code   RO         6821    !!dczerorl2         c_w.l(__dczerorl2.o)
    0x0800022a   0x0800022a   0x00000002   PAD
    0x0800022c   0x0800022c   0x0000001c   Code   RO         6825    !!handler_zi        c_w.l(__scatter_zi.o)
    0x08000248   0x08000248   0x00000000   Code   RO         6576    .ARM.Collect$$_printf_percent$$00000000  c_w.l(_printf_percent.o)
    0x08000248   0x08000248   0x00000006   Code   RO         6565    .ARM.Collect$$_printf_percent$$00000001  c_w.l(_printf_n.o)
    0x0800024e   0x0800024e   0x00000006   Code   RO         6567    .ARM.Collect$$_printf_percent$$00000002  c_w.l(_printf_p.o)
    0x08000254   0x08000254   0x00000006   Code   RO         6572    .ARM.Collect$$_printf_percent$$00000003  c_w.l(_printf_f.o)
    0x0800025a   0x0800025a   0x00000006   Code   RO         6573    .ARM.Collect$$_printf_percent$$00000004  c_w.l(_printf_e.o)
    0x08000260   0x08000260   0x00000006   Code   RO         6574    .ARM.Collect$$_printf_percent$$00000005  c_w.l(_printf_g.o)
    0x08000266   0x08000266   0x00000006   Code   RO         6575    .ARM.Collect$$_printf_percent$$00000006  c_w.l(_printf_a.o)
    0x0800026c   0x0800026c   0x0000000a   Code   RO         6580    .ARM.Collect$$_printf_percent$$00000007  c_w.l(_printf_ll.o)
    0x08000276   0x08000276   0x00000006   Code   RO         6569    .ARM.Collect$$_printf_percent$$00000008  c_w.l(_printf_i.o)
    0x0800027c   0x0800027c   0x00000006   Code   RO         6570    .ARM.Collect$$_printf_percent$$00000009  c_w.l(_printf_d.o)
    0x08000282   0x08000282   0x00000006   Code   RO         6571    .ARM.Collect$$_printf_percent$$0000000A  c_w.l(_printf_u.o)
    0x08000288   0x08000288   0x00000006   Code   RO         6568    .ARM.Collect$$_printf_percent$$0000000B  c_w.l(_printf_o.o)
    0x0800028e   0x0800028e   0x00000006   Code   RO         6566    .ARM.Collect$$_printf_percent$$0000000C  c_w.l(_printf_x.o)
    0x08000294   0x08000294   0x00000006   Code   RO         6577    .ARM.Collect$$_printf_percent$$0000000D  c_w.l(_printf_lli.o)
    0x0800029a   0x0800029a   0x00000006   Code   RO         6578    .ARM.Collect$$_printf_percent$$0000000E  c_w.l(_printf_lld.o)
    0x080002a0   0x080002a0   0x00000006   Code   RO         6579    .ARM.Collect$$_printf_percent$$0000000F  c_w.l(_printf_llu.o)
    0x080002a6   0x080002a6   0x00000006   Code   RO         6584    .ARM.Collect$$_printf_percent$$00000010  c_w.l(_printf_llo.o)
    0x080002ac   0x080002ac   0x00000006   Code   RO         6585    .ARM.Collect$$_printf_percent$$00000011  c_w.l(_printf_llx.o)
    0x080002b2   0x080002b2   0x0000000a   Code   RO         6581    .ARM.Collect$$_printf_percent$$00000012  c_w.l(_printf_l.o)
    0x080002bc   0x080002bc   0x00000006   Code   RO         6563    .ARM.Collect$$_printf_percent$$00000013  c_w.l(_printf_c.o)
    0x080002c2   0x080002c2   0x00000006   Code   RO         6564    .ARM.Collect$$_printf_percent$$00000014  c_w.l(_printf_s.o)
    0x080002c8   0x080002c8   0x00000006   Code   RO         6582    .ARM.Collect$$_printf_percent$$00000015  c_w.l(_printf_lc.o)
    0x080002ce   0x080002ce   0x00000006   Code   RO         6583    .ARM.Collect$$_printf_percent$$00000016  c_w.l(_printf_ls.o)
    0x080002d4   0x080002d4   0x00000004   Code   RO         6628    .ARM.Collect$$_printf_percent$$00000017  c_w.l(_printf_percent_end.o)
    0x080002d8   0x080002d8   0x00000002   Code   RO         6681    .ARM.Collect$$libinit$$00000000  c_w.l(libinit.o)
    0x080002da   0x080002da   0x00000004   Code   RO         6703    .ARM.Collect$$libinit$$00000001  c_w.l(libinit2.o)
    0x080002de   0x080002de   0x00000000   Code   RO         6706    .ARM.Collect$$libinit$$00000004  c_w.l(libinit2.o)
    0x080002de   0x080002de   0x00000000   Code   RO         6709    .ARM.Collect$$libinit$$0000000A  c_w.l(libinit2.o)
    0x080002de   0x080002de   0x00000000   Code   RO         6711    .ARM.Collect$$libinit$$0000000C  c_w.l(libinit2.o)
    0x080002de   0x080002de   0x00000000   Code   RO         6713    .ARM.Collect$$libinit$$0000000E  c_w.l(libinit2.o)
    0x080002de   0x080002de   0x00000006   Code   RO         6714    .ARM.Collect$$libinit$$0000000F  c_w.l(libinit2.o)
    0x080002e4   0x080002e4   0x00000000   Code   RO         6716    .ARM.Collect$$libinit$$00000011  c_w.l(libinit2.o)
    0x080002e4   0x080002e4   0x0000000c   Code   RO         6717    .ARM.Collect$$libinit$$00000012  c_w.l(libinit2.o)
    0x080002f0   0x080002f0   0x00000000   Code   RO         6718    .ARM.Collect$$libinit$$00000013  c_w.l(libinit2.o)
    0x080002f0   0x080002f0   0x00000000   Code   RO         6720    .ARM.Collect$$libinit$$00000015  c_w.l(libinit2.o)
    0x080002f0   0x080002f0   0x0000000a   Code   RO         6721    .ARM.Collect$$libinit$$00000016  c_w.l(libinit2.o)
    0x080002fa   0x080002fa   0x00000000   Code   RO         6722    .ARM.Collect$$libinit$$00000017  c_w.l(libinit2.o)
    0x080002fa   0x080002fa   0x00000000   Code   RO         6724    .ARM.Collect$$libinit$$00000019  c_w.l(libinit2.o)
    0x080002fa   0x080002fa   0x00000000   Code   RO         6726    .ARM.Collect$$libinit$$0000001B  c_w.l(libinit2.o)
    0x080002fa   0x080002fa   0x00000000   Code   RO         6728    .ARM.Collect$$libinit$$0000001D  c_w.l(libinit2.o)
    0x080002fa   0x080002fa   0x00000000   Code   RO         6730    .ARM.Collect$$libinit$$0000001F  c_w.l(libinit2.o)
    0x080002fa   0x080002fa   0x00000000   Code   RO         6732    .ARM.Collect$$libinit$$00000021  c_w.l(libinit2.o)
    0x080002fa   0x080002fa   0x00000000   Code   RO         6734    .ARM.Collect$$libinit$$00000023  c_w.l(libinit2.o)
    0x080002fa   0x080002fa   0x00000000   Code   RO         6736    .ARM.Collect$$libinit$$00000025  c_w.l(libinit2.o)
    0x080002fa   0x080002fa   0x00000000   Code   RO         6740    .ARM.Collect$$libinit$$0000002C  c_w.l(libinit2.o)
    0x080002fa   0x080002fa   0x00000000   Code   RO         6742    .ARM.Collect$$libinit$$0000002E  c_w.l(libinit2.o)
    0x080002fa   0x080002fa   0x00000000   Code   RO         6744    .ARM.Collect$$libinit$$00000030  c_w.l(libinit2.o)
    0x080002fa   0x080002fa   0x00000000   Code   RO         6746    .ARM.Collect$$libinit$$00000032  c_w.l(libinit2.o)
    0x080002fa   0x080002fa   0x00000002   Code   RO         6747    .ARM.Collect$$libinit$$00000033  c_w.l(libinit2.o)
    0x080002fc   0x080002fc   0x00000002   Code   RO         6778    .ARM.Collect$$libshutdown$$00000000  c_w.l(libshutdown.o)
    0x080002fe   0x080002fe   0x00000000   Code   RO         6804    .ARM.Collect$$libshutdown$$00000002  c_w.l(libshutdown2.o)
    0x080002fe   0x080002fe   0x00000000   Code   RO         6806    .ARM.Collect$$libshutdown$$00000004  c_w.l(libshutdown2.o)
    0x080002fe   0x080002fe   0x00000000   Code   RO         6809    .ARM.Collect$$libshutdown$$00000007  c_w.l(libshutdown2.o)
    0x080002fe   0x080002fe   0x00000000   Code   RO         6812    .ARM.Collect$$libshutdown$$0000000A  c_w.l(libshutdown2.o)
    0x080002fe   0x080002fe   0x00000000   Code   RO         6814    .ARM.Collect$$libshutdown$$0000000C  c_w.l(libshutdown2.o)
    0x080002fe   0x080002fe   0x00000000   Code   RO         6817    .ARM.Collect$$libshutdown$$0000000F  c_w.l(libshutdown2.o)
    0x080002fe   0x080002fe   0x00000002   Code   RO         6818    .ARM.Collect$$libshutdown$$00000010  c_w.l(libshutdown2.o)
    0x08000300   0x08000300   0x00000000   Code   RO         6488    .ARM.Collect$$rtentry$$00000000  c_w.l(__rtentry.o)
    0x08000300   0x08000300   0x00000000   Code   RO         6597    .ARM.Collect$$rtentry$$00000002  c_w.l(__rtentry2.o)
    0x08000300   0x08000300   0x00000006   Code   RO         6609    .ARM.Collect$$rtentry$$00000004  c_w.l(__rtentry4.o)
    0x08000306   0x08000306   0x00000000   Code   RO         6599    .ARM.Collect$$rtentry$$00000009  c_w.l(__rtentry2.o)
    0x08000306   0x08000306   0x00000004   Code   RO         6600    .ARM.Collect$$rtentry$$0000000A  c_w.l(__rtentry2.o)
    0x0800030a   0x0800030a   0x00000000   Code   RO         6602    .ARM.Collect$$rtentry$$0000000C  c_w.l(__rtentry2.o)
    0x0800030a   0x0800030a   0x00000008   Code   RO         6603    .ARM.Collect$$rtentry$$0000000D  c_w.l(__rtentry2.o)
    0x08000312   0x08000312   0x00000002   Code   RO         6690    .ARM.Collect$$rtexit$$00000000  c_w.l(rtexit.o)
    0x08000314   0x08000314   0x00000000   Code   RO         6751    .ARM.Collect$$rtexit$$00000002  c_w.l(rtexit2.o)
    0x08000314   0x08000314   0x00000004   Code   RO         6752    .ARM.Collect$$rtexit$$00000003  c_w.l(rtexit2.o)
    0x08000318   0x08000318   0x00000006   Code   RO         6753    .ARM.Collect$$rtexit$$00000004  c_w.l(rtexit2.o)
    0x0800031e   0x0800031e   0x00000002   PAD
    0x08000320   0x08000320   0x00000040   Code   RO            4    .text               startup_stm32f401xc.o
    0x08000360   0x08000360   0x000000ee   Code   RO         6476    .text               c_w.l(lludivv7m.o)
    0x0800044e   0x0800044e   0x00000002   PAD
    0x08000450   0x08000450   0x00000034   Code   RO         6478    .text               c_w.l(vsnprintf.o)
    0x08000484   0x08000484   0x00000010   Code   RO         6480    .text               c_w.l(aeabi_memset.o)
    0x08000494   0x08000494   0x0000004e   Code   RO         6482    .text               c_w.l(rt_memclr_w.o)
    0x080004e2   0x080004e2   0x00000006   Code   RO         6484    .text               c_w.l(heapauxi.o)
    0x080004e8   0x080004e8   0x0000004e   Code   RO         6495    .text               c_w.l(_printf_pad.o)
    0x08000536   0x08000536   0x00000024   Code   RO         6497    .text               c_w.l(_printf_truncate.o)
    0x0800055a   0x0800055a   0x00000052   Code   RO         6499    .text               c_w.l(_printf_str.o)
    0x080005ac   0x080005ac   0x00000078   Code   RO         6501    .text               c_w.l(_printf_dec.o)
    0x08000624   0x08000624   0x00000028   Code   RO         6503    .text               c_w.l(_printf_charcount.o)
    0x0800064c   0x0800064c   0x00000030   Code   RO         6505    .text               c_w.l(_printf_char_common.o)
    0x0800067c   0x0800067c   0x0000000a   Code   RO         6507    .text               c_w.l(_sputc.o)
    0x08000686   0x08000686   0x00000010   Code   RO         6509    .text               c_w.l(_snputc.o)
    0x08000696   0x08000696   0x00000002   PAD
    0x08000698   0x08000698   0x000000bc   Code   RO         6511    .text               c_w.l(_printf_wctomb.o)
    0x08000754   0x08000754   0x0000007c   Code   RO         6514    .text               c_w.l(_printf_longlong_dec.o)
    0x080007d0   0x080007d0   0x00000070   Code   RO         6520    .text               c_w.l(_printf_oct_int_ll.o)
    0x08000840   0x08000840   0x00000094   Code   RO         6540    .text               c_w.l(_printf_hex_int_ll_ptr.o)
    0x080008d4   0x080008d4   0x00000188   Code   RO         6560    .text               c_w.l(__printf_flags_ss_wp.o)
    0x08000a5c   0x08000a5c   0x00000044   Code   RO         6586    .text               c_w.l(rt_memclr.o)
    0x08000aa0   0x08000aa0   0x0000008a   Code   RO         6613    .text               c_w.l(lludiv10.o)
    0x08000b2a   0x08000b2a   0x000000b2   Code   RO         6615    .text               c_w.l(_printf_intcommon.o)
    0x08000bdc   0x08000bdc   0x0000041e   Code   RO         6617    .text               c_w.l(_printf_fp_dec.o)
    0x08000ffa   0x08000ffa   0x00000002   PAD
    0x08000ffc   0x08000ffc   0x000002fc   Code   RO         6619    .text               c_w.l(_printf_fp_hex.o)
    0x080012f8   0x080012f8   0x0000002c   Code   RO         6624    .text               c_w.l(_printf_char.o)
    0x08001324   0x08001324   0x0000002c   Code   RO         6626    .text               c_w.l(_printf_wchar.o)
    0x08001350   0x08001350   0x00000040   Code   RO         6629    .text               c_w.l(_wcrtomb.o)
    0x08001390   0x08001390   0x0000004a   Code   RO         6631    .text               c_w.l(sys_stackheap_outer.o)
    0x080013da   0x080013da   0x00000002   PAD
    0x080013dc   0x080013dc   0x00000010   Code   RO         6633    .text               c_w.l(rt_ctype_table.o)
    0x080013ec   0x080013ec   0x00000008   Code   RO         6638    .text               c_w.l(rt_locale_intlibspace.o)
    0x080013f4   0x080013f4   0x00000080   Code   RO         6640    .text               c_w.l(_printf_fp_infnan.o)
    0x08001474   0x08001474   0x000000e4   Code   RO         6642    .text               c_w.l(bigflt0.o)
    0x08001558   0x08001558   0x00000012   Code   RO         6670    .text               c_w.l(exit.o)
    0x0800156a   0x0800156a   0x00000002   PAD
    0x0800156c   0x0800156c   0x00000008   Code   RO         6687    .text               c_w.l(libspace.o)
    0x08001574   0x08001574   0x00000080   Code   RO         6701    .text               c_w.l(strcmpv7m.o)
    0x080015f4   0x080015f4   0x0000000c   Code   RO         6748    .text               c_w.l(sys_exit.o)
    0x08001600   0x08001600   0x00000002   Code   RO         6767    .text               c_w.l(use_no_semi.o)
    0x08001602   0x08001602   0x00000000   Code   RO         6769    .text               c_w.l(indicate_semi.o)
    0x08001602   0x08001602   0x0000003e   Code   RO         6645    CL$$btod_d2e        c_w.l(btod.o)
    0x08001640   0x08001640   0x00000046   Code   RO         6647    CL$$btod_d2e_denorm_low  c_w.l(btod.o)
    0x08001686   0x08001686   0x00000060   Code   RO         6646    CL$$btod_d2e_norm_op1  c_w.l(btod.o)
    0x080016e6   0x080016e6   0x00000338   Code   RO         6655    CL$$btod_div_common  c_w.l(btod.o)
    0x08001a1e   0x08001a1e   0x000000dc   Code   RO         6652    CL$$btod_e2e        c_w.l(btod.o)
    0x08001afa   0x08001afa   0x0000002a   Code   RO         6649    CL$$btod_ediv       c_w.l(btod.o)
    0x08001b24   0x08001b24   0x0000002a   Code   RO         6648    CL$$btod_emul       c_w.l(btod.o)
    0x08001b4e   0x08001b4e   0x00000244   Code   RO         6654    CL$$btod_mult_common  c_w.l(btod.o)
    0x08001d92   0x08001d92   0x00000002   PAD
    0x08001d94   0x08001d94   0x00000128   Code   RO         2527    i.ADC_Init          stm32f4xx_hal_adc.o
    0x08001ebc   0x08001ebc   0x00000002   Code   RO          586    i.BusFault_Handler  stm32f4xx_it.o
    0x08001ebe   0x08001ebe   0x00000004   Code   RO         5407    i.CDC_Control_FS    usbd_cdc_if.o
    0x08001ec2   0x08001ec2   0x00000004   Code   RO         5408    i.CDC_DeInit_FS     usbd_cdc_if.o
    0x08001ec6   0x08001ec6   0x00000002   PAD
    0x08001ec8   0x08001ec8   0x00000024   Code   RO         5409    i.CDC_Init_FS       usbd_cdc_if.o
    0x08001eec   0x08001eec   0x00000018   Code   RO         5410    i.CDC_Receive_FS    usbd_cdc_if.o
    0x08001f04   0x08001f04   0x00000004   Code   RO         5411    i.CDC_TransmitCplt_FS  usbd_cdc_if.o
    0x08001f08   0x08001f08   0x0000002c   Code   RO         5412    i.CDC_Transmit_FS   usbd_cdc_if.o
    0x08001f34   0x08001f34   0x0000000c   Code   RO          587    i.DMA1_Stream4_IRQHandler  stm32f4xx_it.o
    0x08001f40   0x08001f40   0x0000000c   Code   RO          588    i.DMA2_Stream0_IRQHandler  stm32f4xx_it.o
    0x08001f4c   0x08001f4c   0x0000000c   Code   RO          589    i.DMA2_Stream2_IRQHandler  stm32f4xx_it.o
    0x08001f58   0x08001f58   0x0000000c   Code   RO          590    i.DMA2_Stream3_IRQHandler  stm32f4xx_it.o
    0x08001f64   0x08001f64   0x0000000c   Code   RO          591    i.DMA2_Stream5_IRQHandler  stm32f4xx_it.o
    0x08001f70   0x08001f70   0x0000000c   Code   RO          592    i.DMA2_Stream6_IRQHandler  stm32f4xx_it.o
    0x08001f7c   0x08001f7c   0x0000000c   Code   RO          593    i.DMA2_Stream7_IRQHandler  stm32f4xx_it.o
    0x08001f88   0x08001f88   0x00000028   Code   RO         1809    i.DMA_CalcBaseAndBitshift  stm32f4xx_hal_dma.o
    0x08001fb0   0x08001fb0   0x00000054   Code   RO         1810    i.DMA_CheckFifoParam  stm32f4xx_hal_dma.o
    0x08002004   0x08002004   0x00000028   Code   RO         1811    i.DMA_SetConfig     stm32f4xx_hal_dma.o
    0x0800202c   0x0800202c   0x00000002   Code   RO          594    i.DebugMon_Handler  stm32f4xx_it.o
    0x0800202e   0x0800202e   0x00000076   Code   RO         6086    i.DisplayButtonDown  bg_lcd.o
    0x080020a4   0x080020a4   0x0000007e   Code   RO         6087    i.DisplayButtonUp   bg_lcd.o
    0x08002122   0x08002122   0x00000004   Code   RO           13    i.Error_Handler     main.o
    0x08002126   0x08002126   0x000000aa   Code   RO         6089    i.Gui_DrawLine      bg_lcd.o
    0x080021d0   0x080021d0   0x0000001a   Code   RO         6090    i.Gui_DrawPoint     bg_lcd.o
    0x080021ea   0x080021ea   0x00000078   Code   RO         6091    i.Gui_box           bg_lcd.o
    0x08002262   0x08002262   0x00000002   PAD
    0x08002264   0x08002264   0x0000014c   Code   RO         2529    i.HAL_ADC_ConfigChannel  stm32f4xx_hal_adc.o
    0x080023b0   0x080023b0   0x00000054   Code   RO         2538    i.HAL_ADC_Init      stm32f4xx_hal_adc.o
    0x08002404   0x08002404   0x00000060   Code   RO          305    i.HAL_ADC_MspInit   adc.o
    0x08002464   0x08002464   0x00000024   Code   RO         1813    i.HAL_DMA_Abort_IT  stm32f4xx_hal_dma.o
    0x08002488   0x08002488   0x00000004   Code   RO         1815    i.HAL_DMA_GetError  stm32f4xx_hal_dma.o
    0x0800248c   0x0800248c   0x000001a0   Code   RO         1817    i.HAL_DMA_IRQHandler  stm32f4xx_hal_dma.o
    0x0800262c   0x0800262c   0x000000d4   Code   RO         1818    i.HAL_DMA_Init      stm32f4xx_hal_dma.o
    0x08002700   0x08002700   0x0000006e   Code   RO         1822    i.HAL_DMA_Start_IT  stm32f4xx_hal_dma.o
    0x0800276e   0x0800276e   0x00000002   PAD
    0x08002770   0x08002770   0x00000024   Code   RO         2273    i.HAL_Delay         stm32f4xx_hal.o
    0x08002794   0x08002794   0x000001e0   Code   RO         1705    i.HAL_GPIO_Init     stm32f4xx_hal_gpio.o
    0x08002974   0x08002974   0x0000000a   Code   RO         1709    i.HAL_GPIO_WritePin  stm32f4xx_hal_gpio.o
    0x0800297e   0x0800297e   0x00000002   PAD
    0x08002980   0x08002980   0x0000000c   Code   RO         2279    i.HAL_GetTick       stm32f4xx_hal.o
    0x0800298c   0x0800298c   0x000001f4   Code   RO         2981    i.HAL_I2SEx_FullDuplex_IRQHandler  stm32f4xx_hal_i2s_ex.o
    0x08002b80   0x08002b80   0x00000002   Code   RO         2985    i.HAL_I2SEx_TxRxCpltCallback  stm32f4xx_hal_i2s_ex.o
    0x08002b82   0x08002b82   0x00000002   Code   RO         2806    i.HAL_I2S_ErrorCallback  stm32f4xx_hal_i2s.o
    0x08002b84   0x08002b84   0x00000174   Code   RO         2810    i.HAL_I2S_Init      stm32f4xx_hal_i2s.o
    0x08002cf8   0x08002cf8   0x000000b8   Code   RO          371    i.HAL_I2S_MspInit   i2s.o
    0x08002db0   0x08002db0   0x00000002   Code   RO         2816    i.HAL_I2S_RxCpltCallback  stm32f4xx_hal_i2s.o
    0x08002db2   0x08002db2   0x00000002   Code   RO         2821    i.HAL_I2S_TxCpltCallback  stm32f4xx_hal_i2s.o
    0x08002db4   0x08002db4   0x00000010   Code   RO         2285    i.HAL_IncTick       stm32f4xx_hal.o
    0x08002dc4   0x08002dc4   0x00000034   Code   RO         2286    i.HAL_Init          stm32f4xx_hal.o
    0x08002df8   0x08002df8   0x00000040   Code   RO         2287    i.HAL_InitTick      stm32f4xx_hal.o
    0x08002e38   0x08002e38   0x00000030   Code   RO          716    i.HAL_MspInit       stm32f4xx_hal_msp.o
    0x08002e68   0x08002e68   0x0000001a   Code   RO         2121    i.HAL_NVIC_EnableIRQ  stm32f4xx_hal_cortex.o
    0x08002e82   0x08002e82   0x00000002   PAD
    0x08002e84   0x08002e84   0x00000040   Code   RO         2127    i.HAL_NVIC_SetPriority  stm32f4xx_hal_cortex.o
    0x08002ec4   0x08002ec4   0x00000024   Code   RO         2128    i.HAL_NVIC_SetPriorityGrouping  stm32f4xx_hal_cortex.o
    0x08002ee8   0x08002ee8   0x00000002   Code   RO          979    i.HAL_PCDEx_LPM_Callback  stm32f4xx_hal_pcd_ex.o
    0x08002eea   0x08002eea   0x00000008   Code   RO          980    i.HAL_PCDEx_SetRxFiFo  stm32f4xx_hal_pcd_ex.o
    0x08002ef2   0x08002ef2   0x00000044   Code   RO          981    i.HAL_PCDEx_SetTxFiFo  stm32f4xx_hal_pcd_ex.o
    0x08002f36   0x08002f36   0x00000008   Code   RO         5476    i.HAL_PCD_ConnectCallback  usbd_conf.o
    0x08002f3e   0x08002f3e   0x00000012   Code   RO         5477    i.HAL_PCD_DataInStageCallback  usbd_conf.o
    0x08002f50   0x08002f50   0x00000014   Code   RO         5478    i.HAL_PCD_DataOutStageCallback  usbd_conf.o
    0x08002f64   0x08002f64   0x00000008   Code   RO         5479    i.HAL_PCD_DisconnectCallback  usbd_conf.o
    0x08002f6c   0x08002f6c   0x0000001e   Code   RO          749    i.HAL_PCD_EP_Abort  stm32f4xx_hal_pcd.o
    0x08002f8a   0x08002f8a   0x0000004a   Code   RO          750    i.HAL_PCD_EP_Close  stm32f4xx_hal_pcd.o
    0x08002fd4   0x08002fd4   0x0000005a   Code   RO          751    i.HAL_PCD_EP_ClrStall  stm32f4xx_hal_pcd.o
    0x0800302e   0x0800302e   0x00000012   Code   RO          753    i.HAL_PCD_EP_GetRxCount  stm32f4xx_hal_pcd.o
    0x08003040   0x08003040   0x00000062   Code   RO          754    i.HAL_PCD_EP_Open   stm32f4xx_hal_pcd.o
    0x080030a2   0x080030a2   0x00000038   Code   RO          755    i.HAL_PCD_EP_Receive  stm32f4xx_hal_pcd.o
    0x080030da   0x080030da   0x00000072   Code   RO          756    i.HAL_PCD_EP_SetStall  stm32f4xx_hal_pcd.o
    0x0800314c   0x0800314c   0x00000032   Code   RO          757    i.HAL_PCD_EP_Transmit  stm32f4xx_hal_pcd.o
    0x0800317e   0x0800317e   0x00000002   PAD
    0x08003180   0x08003180   0x0000055c   Code   RO          759    i.HAL_PCD_IRQHandler  stm32f4xx_hal_pcd.o
    0x080036dc   0x080036dc   0x00000008   Code   RO         5480    i.HAL_PCD_ISOINIncompleteCallback  usbd_conf.o
    0x080036e4   0x080036e4   0x00000008   Code   RO         5481    i.HAL_PCD_ISOOUTIncompleteCallback  usbd_conf.o
    0x080036ec   0x080036ec   0x000000cc   Code   RO          762    i.HAL_PCD_Init      stm32f4xx_hal_pcd.o
    0x080037b8   0x080037b8   0x00000084   Code   RO         5483    i.HAL_PCD_MspInit   usbd_conf.o
    0x0800383c   0x0800383c   0x00000026   Code   RO         5484    i.HAL_PCD_ResetCallback  usbd_conf.o
    0x08003862   0x08003862   0x00000008   Code   RO         5485    i.HAL_PCD_ResumeCallback  usbd_conf.o
    0x0800386a   0x0800386a   0x00000008   Code   RO         5486    i.HAL_PCD_SOFCallback  usbd_conf.o
    0x08003872   0x08003872   0x00000026   Code   RO          768    i.HAL_PCD_SetAddress  stm32f4xx_hal_pcd.o
    0x08003898   0x08003898   0x0000000e   Code   RO         5487    i.HAL_PCD_SetupStageCallback  usbd_conf.o
    0x080038a6   0x080038a6   0x00000042   Code   RO          771    i.HAL_PCD_Start     stm32f4xx_hal_pcd.o
    0x080038e8   0x080038e8   0x00000030   Code   RO         5488    i.HAL_PCD_SuspendCallback  usbd_conf.o
    0x08003918   0x08003918   0x00000060   Code   RO         1431    i.HAL_RCCEx_GetPeriphCLKFreq  stm32f4xx_hal_rcc_ex.o
    0x08003978   0x08003978   0x00000150   Code   RO         1432    i.HAL_RCCEx_PeriphCLKConfig  stm32f4xx_hal_rcc_ex.o
    0x08003ac8   0x08003ac8   0x00000134   Code   RO         1327    i.HAL_RCC_ClockConfig  stm32f4xx_hal_rcc.o
    0x08003bfc   0x08003bfc   0x0000000c   Code   RO         1332    i.HAL_RCC_GetHCLKFreq  stm32f4xx_hal_rcc.o
    0x08003c08   0x08003c08   0x00000020   Code   RO         1334    i.HAL_RCC_GetPCLK1Freq  stm32f4xx_hal_rcc.o
    0x08003c28   0x08003c28   0x00000020   Code   RO         1335    i.HAL_RCC_GetPCLK2Freq  stm32f4xx_hal_rcc.o
    0x08003c48   0x08003c48   0x00000060   Code   RO         1336    i.HAL_RCC_GetSysClockFreq  stm32f4xx_hal_rcc.o
    0x08003ca8   0x08003ca8   0x0000036c   Code   RO         1339    i.HAL_RCC_OscConfig  stm32f4xx_hal_rcc.o
    0x08004014   0x08004014   0x00000002   Code   RO         3352    i.HAL_SD_AbortCallback  stm32f4xx_hal_sd.o
    0x08004016   0x08004016   0x00000002   PAD
    0x08004018   0x08004018   0x00000118   Code   RO         3354    i.HAL_SD_ConfigWideBusOperation  stm32f4xx_hal_sd.o
    0x08004130   0x08004130   0x00000002   Code   RO         3357    i.HAL_SD_ErrorCallback  stm32f4xx_hal_sd.o
    0x08004132   0x08004132   0x00000050   Code   RO         3358    i.HAL_SD_GetCardCID  stm32f4xx_hal_sd.o
    0x08004182   0x08004182   0x00000002   PAD
    0x08004184   0x08004184   0x00000198   Code   RO         3359    i.HAL_SD_GetCardCSD  stm32f4xx_hal_sd.o
    0x0800431c   0x0800431c   0x0000002c   Code   RO         3361    i.HAL_SD_GetCardState  stm32f4xx_hal_sd.o
    0x08004348   0x08004348   0x00000208   Code   RO         3365    i.HAL_SD_IRQHandler  stm32f4xx_hal_sd.o
    0x08004550   0x08004550   0x00000036   Code   RO         3366    i.HAL_SD_Init       stm32f4xx_hal_sd.o
    0x08004586   0x08004586   0x00000002   PAD
    0x08004588   0x08004588   0x0000007c   Code   RO         3367    i.HAL_SD_InitCard   stm32f4xx_hal_sd.o
    0x08004604   0x08004604   0x00000144   Code   RO          413    i.HAL_SD_MspInit    sdio.o
    0x08004748   0x08004748   0x00000124   Code   RO         3371    i.HAL_SD_ReadBlocks_DMA  stm32f4xx_hal_sd.o
    0x0800486c   0x0800486c   0x00000002   Code   RO         3373    i.HAL_SD_RxCpltCallback  stm32f4xx_hal_sd.o
    0x0800486e   0x0800486e   0x00000002   Code   RO         3374    i.HAL_SD_TxCpltCallback  stm32f4xx_hal_sd.o
    0x08004870   0x08004870   0x00000002   Code   RO         3601    i.HAL_SPI_ErrorCallback  stm32f4xx_hal_spi.o
    0x08004872   0x08004872   0x000000bc   Code   RO         3605    i.HAL_SPI_Init      stm32f4xx_hal_spi.o
    0x0800492e   0x0800492e   0x00000002   PAD
    0x08004930   0x08004930   0x000000d8   Code   RO          455    i.HAL_SPI_MspInit   spi.o
    0x08004a08   0x08004a08   0x000000e4   Code   RO         3609    i.HAL_SPI_Receive_DMA  stm32f4xx_hal_spi.o
    0x08004aec   0x08004aec   0x00000002   Code   RO         3611    i.HAL_SPI_RxCpltCallback  stm32f4xx_hal_spi.o
    0x08004aee   0x08004aee   0x00000002   Code   RO         3612    i.HAL_SPI_RxHalfCpltCallback  stm32f4xx_hal_spi.o
    0x08004af0   0x08004af0   0x00000110   Code   RO         3615    i.HAL_SPI_TransmitReceive_DMA  stm32f4xx_hal_spi.o
    0x08004c00   0x08004c00   0x000000cc   Code   RO         3617    i.HAL_SPI_Transmit_DMA  stm32f4xx_hal_spi.o
    0x08004ccc   0x08004ccc   0x00000002   Code   RO         3619    i.HAL_SPI_TxCpltCallback  stm32f4xx_hal_spi.o
    0x08004cce   0x08004cce   0x00000002   Code   RO         3620    i.HAL_SPI_TxHalfCpltCallback  stm32f4xx_hal_spi.o
    0x08004cd0   0x08004cd0   0x00000002   Code   RO         3621    i.HAL_SPI_TxRxCpltCallback  stm32f4xx_hal_spi.o
    0x08004cd2   0x08004cd2   0x00000002   Code   RO         3622    i.HAL_SPI_TxRxHalfCpltCallback  stm32f4xx_hal_spi.o
    0x08004cd4   0x08004cd4   0x00000028   Code   RO         2132    i.HAL_SYSTICK_Config  stm32f4xx_hal_cortex.o
    0x08004cfc   0x08004cfc   0x0000007c   Code   RO         4641    i.HAL_TIMEx_MasterConfigSynchronization  stm32f4xx_hal_tim_ex.o
    0x08004d78   0x08004d78   0x0000005a   Code   RO         3918    i.HAL_TIM_Base_Init  stm32f4xx_hal_tim.o
    0x08004dd2   0x08004dd2   0x00000002   PAD
    0x08004dd4   0x08004dd4   0x00000034   Code   RO          497    i.HAL_TIM_Base_MspInit  tim.o
    0x08004e08   0x08004e08   0x000000dc   Code   RO         3927    i.HAL_TIM_ConfigClockSource  stm32f4xx_hal_tim.o
    0x08004ee4   0x08004ee4   0x00000064   Code   RO         4919    i.HAL_UART_Init     stm32f4xx_hal_uart.o
    0x08004f48   0x08004f48   0x000000e0   Code   RO          545    i.HAL_UART_MspInit  usart.o
    0x08005028   0x08005028   0x00000002   Code   RO          595    i.HardFault_Handler  stm32f4xx_it.o
    0x0800502a   0x0800502a   0x00000002   PAD
    0x0800502c   0x0800502c   0x00000060   Code   RO         2988    i.I2SEx_RxISR_I2SExt  stm32f4xx_hal_i2s_ex.o
    0x0800508c   0x0800508c   0x00000060   Code   RO         2989    i.I2SEx_TxISR_I2SExt  stm32f4xx_hal_i2s_ex.o
    0x080050ec   0x080050ec   0x000000f2   Code   RO         2828    i.I2S_IRQHandler    stm32f4xx_hal_i2s.o
    0x080051de   0x080051de   0x00000002   PAD
    0x080051e0   0x080051e0   0x00000038   Code   RO         5321    i.IntToUnicode      usbd_desc.o
    0x08005218   0x08005218   0x00000044   Code   RO         6094    i.LCD_WriteData_16Bit  bg_lcd.o
    0x0800525c   0x0800525c   0x00000088   Code   RO         6095    i.Lcd_Clear         bg_lcd.o
    0x080052e4   0x080052e4   0x00000052   Code   RO         6098    i.Lcd_SetRegion     bg_lcd.o
    0x08005336   0x08005336   0x00000008   Code   RO         6099    i.Lcd_SetXY         bg_lcd.o
    0x0800533e   0x0800533e   0x00000002   PAD
    0x08005340   0x08005340   0x00000034   Code   RO         6100    i.Lcd_WriteData     bg_lcd.o
    0x08005374   0x08005374   0x00000034   Code   RO         6101    i.Lcd_WriteIndex    bg_lcd.o
    0x080053a8   0x080053a8   0x0000009c   Code   RO          306    i.MX_ADC1_Init      adc.o
    0x08005444   0x08005444   0x0000009c   Code   RO          346    i.MX_DMA_Init       dma.o
    0x080054e0   0x080054e0   0x000000ec   Code   RO          280    i.MX_GPIO_Init      gpio.o
    0x080055cc   0x080055cc   0x0000003c   Code   RO          372    i.MX_I2S2_Init      i2s.o
    0x08005608   0x08005608   0x00000040   Code   RO          414    i.MX_SDIO_SD_Init   sdio.o
    0x08005648   0x08005648   0x00000044   Code   RO          456    i.MX_SPI1_Init      spi.o
    0x0800568c   0x0800568c   0x00000068   Code   RO          498    i.MX_TIM1_Init      tim.o
    0x080056f4   0x080056f4   0x00000064   Code   RO          499    i.MX_TIM2_Init      tim.o
    0x08005758   0x08005758   0x00000038   Code   RO          546    i.MX_USART1_UART_Init  usart.o
    0x08005790   0x08005790   0x00000054   Code   RO         5290    i.MX_USB_DEVICE_Init  usb_device.o
    0x080057e4   0x080057e4   0x00000002   Code   RO          596    i.MemManage_Handler  stm32f4xx_it.o
    0x080057e6   0x080057e6   0x00000002   Code   RO          597    i.NMI_Handler       stm32f4xx_it.o
    0x080057e8   0x080057e8   0x0000000c   Code   RO          598    i.OTG_FS_IRQHandler  stm32f4xx_it.o
    0x080057f4   0x080057f4   0x000000cc   Code   RO          775    i.PCD_EP_OutXfrComplete_int  stm32f4xx_hal_pcd.o
    0x080058c0   0x080058c0   0x000000a2   Code   RO          776    i.PCD_WriteEmptyTxFifo  stm32f4xx_hal_pcd.o
    0x08005962   0x08005962   0x00000002   Code   RO          599    i.PendSV_Handler    stm32f4xx_it.o
    0x08005964   0x08005964   0x00000024   Code   RO         3065    i.SDIO_ConfigData   stm32f4xx_ll_sdmmc.o
    0x08005988   0x08005988   0x00000008   Code   RO         3069    i.SDIO_GetPowerState  stm32f4xx_ll_sdmmc.o
    0x08005990   0x08005990   0x00000006   Code   RO         3070    i.SDIO_GetResponse  stm32f4xx_ll_sdmmc.o
    0x08005996   0x08005996   0x00000002   PAD
    0x08005998   0x08005998   0x0000000c   Code   RO          600    i.SDIO_IRQHandler   stm32f4xx_it.o
    0x080059a4   0x080059a4   0x00000024   Code   RO         3071    i.SDIO_Init         stm32f4xx_ll_sdmmc.o
    0x080059c8   0x080059c8   0x00000008   Code   RO         3073    i.SDIO_PowerState_ON  stm32f4xx_ll_sdmmc.o
    0x080059d0   0x080059d0   0x00000006   Code   RO         3074    i.SDIO_ReadFIFO     stm32f4xx_ll_sdmmc.o
    0x080059d6   0x080059d6   0x00000020   Code   RO         3075    i.SDIO_SendCommand  stm32f4xx_ll_sdmmc.o
    0x080059f6   0x080059f6   0x0000000a   Code   RO         3077    i.SDIO_WriteFIFO    stm32f4xx_ll_sdmmc.o
    0x08005a00   0x08005a00   0x00000032   Code   RO         3078    i.SDMMC_CmdAppCommand  stm32f4xx_ll_sdmmc.o
    0x08005a32   0x08005a32   0x00000002   PAD
    0x08005a34   0x08005a34   0x00000034   Code   RO         3079    i.SDMMC_CmdAppOperCommand  stm32f4xx_ll_sdmmc.o
    0x08005a68   0x08005a68   0x00000032   Code   RO         3080    i.SDMMC_CmdBlockLength  stm32f4xx_ll_sdmmc.o
    0x08005a9a   0x08005a9a   0x00000032   Code   RO         3081    i.SDMMC_CmdBusWidth  stm32f4xx_ll_sdmmc.o
    0x08005acc   0x08005acc   0x00000050   Code   RO         3085    i.SDMMC_CmdGoIdleState  stm32f4xx_ll_sdmmc.o
    0x08005b1c   0x08005b1c   0x00000030   Code   RO         3087    i.SDMMC_CmdOperCond  stm32f4xx_ll_sdmmc.o
    0x08005b4c   0x08005b4c   0x00000032   Code   RO         3088    i.SDMMC_CmdReadMultiBlock  stm32f4xx_ll_sdmmc.o
    0x08005b7e   0x08005b7e   0x00000032   Code   RO         3089    i.SDMMC_CmdReadSingleBlock  stm32f4xx_ll_sdmmc.o
    0x08005bb0   0x08005bb0   0x00000032   Code   RO         3092    i.SDMMC_CmdSelDesel  stm32f4xx_ll_sdmmc.o
    0x08005be2   0x08005be2   0x0000002c   Code   RO         3093    i.SDMMC_CmdSendCID  stm32f4xx_ll_sdmmc.o
    0x08005c0e   0x08005c0e   0x0000002c   Code   RO         3094    i.SDMMC_CmdSendCSD  stm32f4xx_ll_sdmmc.o
    0x08005c3a   0x08005c3a   0x00000030   Code   RO         3096    i.SDMMC_CmdSendSCR  stm32f4xx_ll_sdmmc.o
    0x08005c6a   0x08005c6a   0x00000032   Code   RO         3097    i.SDMMC_CmdSendStatus  stm32f4xx_ll_sdmmc.o
    0x08005c9c   0x08005c9c   0x00000030   Code   RO         3098    i.SDMMC_CmdSetRelAdd  stm32f4xx_ll_sdmmc.o
    0x08005ccc   0x08005ccc   0x00000034   Code   RO         3101    i.SDMMC_CmdStopTransfer  stm32f4xx_ll_sdmmc.o
    0x08005d00   0x08005d00   0x00000120   Code   RO         3105    i.SDMMC_GetCmdResp1  stm32f4xx_ll_sdmmc.o
    0x08005e20   0x08005e20   0x00000050   Code   RO         3106    i.SDMMC_GetCmdResp2  stm32f4xx_ll_sdmmc.o
    0x08005e70   0x08005e70   0x00000044   Code   RO         3107    i.SDMMC_GetCmdResp3  stm32f4xx_ll_sdmmc.o
    0x08005eb4   0x08005eb4   0x00000088   Code   RO         3108    i.SDMMC_GetCmdResp6  stm32f4xx_ll_sdmmc.o
    0x08005f3c   0x08005f3c   0x00000058   Code   RO         3109    i.SDMMC_GetCmdResp7  stm32f4xx_ll_sdmmc.o
    0x08005f94   0x08005f94   0x00000064   Code   RO         3378    i.SD_DMAError       stm32f4xx_hal_sd.o
    0x08005ff8   0x08005ff8   0x00000042   Code   RO         3379    i.SD_DMAReceiveCplt  stm32f4xx_hal_sd.o
    0x0800603a   0x0800603a   0x00000044   Code   RO         3380    i.SD_DMARxAbort     stm32f4xx_hal_sd.o
    0x0800607e   0x0800607e   0x00000044   Code   RO         3382    i.SD_DMATxAbort     stm32f4xx_hal_sd.o
    0x080060c2   0x080060c2   0x000000e0   Code   RO         3383    i.SD_FindSCR        stm32f4xx_hal_sd.o
    0x080061a2   0x080061a2   0x000000ee   Code   RO         3384    i.SD_InitCard       stm32f4xx_hal_sd.o
    0x08006290   0x08006290   0x000000b4   Code   RO         3385    i.SD_PowerON        stm32f4xx_hal_sd.o
    0x08006344   0x08006344   0x00000022   Code   RO         3633    i.SPI_DMAError      stm32f4xx_hal_spi.o
    0x08006366   0x08006366   0x0000000a   Code   RO         3634    i.SPI_DMAHalfReceiveCplt  stm32f4xx_hal_spi.o
    0x08006370   0x08006370   0x0000000a   Code   RO         3635    i.SPI_DMAHalfTransmitCplt  stm32f4xx_hal_spi.o
    0x0800637a   0x0800637a   0x0000000a   Code   RO         3636    i.SPI_DMAHalfTransmitReceiveCplt  stm32f4xx_hal_spi.o
    0x08006384   0x08006384   0x0000006a   Code   RO         3637    i.SPI_DMAReceiveCplt  stm32f4xx_hal_spi.o
    0x080063ee   0x080063ee   0x00000064   Code   RO         3639    i.SPI_DMATransmitCplt  stm32f4xx_hal_spi.o
    0x08006452   0x08006452   0x0000005a   Code   RO         3640    i.SPI_DMATransmitReceiveCplt  stm32f4xx_hal_spi.o
    0x080064ac   0x080064ac   0x0000005c   Code   RO         3642    i.SPI_EndRxTransaction  stm32f4xx_hal_spi.o
    0x08006508   0x08006508   0x0000006c   Code   RO         3643    i.SPI_EndRxTxTransaction  stm32f4xx_hal_spi.o
    0x08006574   0x08006574   0x000000b8   Code   RO         3648    i.SPI_WaitFlagStateUntilTimeout  stm32f4xx_hal_spi.o
    0x0800662c   0x0800662c   0x00000002   Code   RO          601    i.SVC_Handler       stm32f4xx_it.o
    0x0800662e   0x0800662e   0x0000000a   Code   RO         5842    i.SWAPBYTE          usbd_ctlreq.o
    0x08006638   0x08006638   0x00000002   Code   RO         6103    i.ShowChar          bg_lcd.o
    0x0800663a   0x0800663a   0x00000004   Code   RO          602    i.SysTick_Handler   stm32f4xx_it.o
    0x0800663e   0x0800663e   0x00000002   PAD
    0x08006640   0x08006640   0x00000090   Code   RO           14    i.SystemClock_Config  main.o
    0x080066d0   0x080066d0   0x00000010   Code   RO         5253    i.SystemInit        system_stm32f4xx.o
    0x080066e0   0x080066e0   0x000000a4   Code   RO         4011    i.TIM_Base_SetConfig  stm32f4xx_hal_tim.o
    0x08006784   0x08006784   0x00000014   Code   RO         4022    i.TIM_ETR_SetConfig  stm32f4xx_hal_tim.o
    0x08006798   0x08006798   0x00000010   Code   RO         4023    i.TIM_ITRx_SetConfig  stm32f4xx_hal_tim.o
    0x080067a8   0x080067a8   0x00000022   Code   RO         4029    i.TIM_TI1_ConfigInputStage  stm32f4xx_hal_tim.o
    0x080067ca   0x080067ca   0x00000024   Code   RO         4031    i.TIM_TI2_ConfigInputStage  stm32f4xx_hal_tim.o
    0x080067ee   0x080067ee   0x00000002   PAD
    0x080067f0   0x080067f0   0x0000010c   Code   RO         4945    i.UART_SetConfig    stm32f4xx_hal_uart.o
    0x080068fc   0x080068fc   0x00000076   Code   RO         5980    i.USBD_CDC_DataIn   usbd_cdc.o
    0x08006972   0x08006972   0x0000003c   Code   RO         5981    i.USBD_CDC_DataOut  usbd_cdc.o
    0x080069ae   0x080069ae   0x00000002   PAD
    0x080069b0   0x080069b0   0x00000090   Code   RO         5982    i.USBD_CDC_DeInit   usbd_cdc.o
    0x08006a40   0x08006a40   0x00000036   Code   RO         5983    i.USBD_CDC_EP0_RxReady  usbd_cdc.o
    0x08006a76   0x08006a76   0x00000002   PAD
    0x08006a78   0x08006a78   0x0000000c   Code   RO         5984    i.USBD_CDC_GetDeviceQualifierDescriptor  usbd_cdc.o
    0x08006a84   0x08006a84   0x0000003c   Code   RO         5985    i.USBD_CDC_GetFSCfgDesc  usbd_cdc.o
    0x08006ac0   0x08006ac0   0x00000040   Code   RO         5986    i.USBD_CDC_GetHSCfgDesc  usbd_cdc.o
    0x08006b00   0x08006b00   0x0000003c   Code   RO         5987    i.USBD_CDC_GetOtherSpeedCfgDesc  usbd_cdc.o
    0x08006b3c   0x08006b3c   0x00000118   Code   RO         5988    i.USBD_CDC_Init     usbd_cdc.o
    0x08006c54   0x08006c54   0x00000038   Code   RO         5989    i.USBD_CDC_ReceivePacket  usbd_cdc.o
    0x08006c8c   0x08006c8c   0x00000016   Code   RO         5990    i.USBD_CDC_RegisterInterface  usbd_cdc.o
    0x08006ca2   0x08006ca2   0x0000001a   Code   RO         5991    i.USBD_CDC_SetRxBuffer  usbd_cdc.o
    0x08006cbc   0x08006cbc   0x0000001e   Code   RO         5992    i.USBD_CDC_SetTxBuffer  usbd_cdc.o
    0x08006cda   0x08006cda   0x000000d4   Code   RO         5993    i.USBD_CDC_Setup    usbd_cdc.o
    0x08006dae   0x08006dae   0x00000002   PAD
    0x08006db0   0x08006db0   0x00000050   Code   RO         5994    i.USBD_CDC_TransmitPacket  usbd_cdc.o
    0x08006e00   0x08006e00   0x00000014   Code   RO         5683    i.USBD_ClrClassConfig  usbd_core.o
    0x08006e14   0x08006e14   0x00000004   Code   RO         5684    i.USBD_CoreFindEP   usbd_core.o
    0x08006e18   0x08006e18   0x00000004   Code   RO         5685    i.USBD_CoreFindIF   usbd_core.o
    0x08006e1c   0x08006e1c   0x00000010   Code   RO         5920    i.USBD_CtlContinueRx  usbd_ioreq.o
    0x08006e2c   0x08006e2c   0x00000010   Code   RO         5921    i.USBD_CtlContinueSendData  usbd_ioreq.o
    0x08006e3c   0x08006e3c   0x00000016   Code   RO         5843    i.USBD_CtlError     usbd_ctlreq.o
    0x08006e52   0x08006e52   0x0000001e   Code   RO         5922    i.USBD_CtlPrepareRx  usbd_ioreq.o
    0x08006e70   0x08006e70   0x00000016   Code   RO         5923    i.USBD_CtlReceiveStatus  usbd_ioreq.o
    0x08006e86   0x08006e86   0x0000001a   Code   RO         5924    i.USBD_CtlSendData  usbd_ioreq.o
    0x08006ea0   0x08006ea0   0x00000016   Code   RO         5925    i.USBD_CtlSendStatus  usbd_ioreq.o
    0x08006eb6   0x08006eb6   0x00000002   PAD
    0x08006eb8   0x08006eb8   0x00000020   Code   RO         5322    i.USBD_FS_ConfigStrDescriptor  usbd_desc.o
    0x08006ed8   0x08006ed8   0x0000000c   Code   RO         5323    i.USBD_FS_DeviceDescriptor  usbd_desc.o
    0x08006ee4   0x08006ee4   0x00000024   Code   RO         5324    i.USBD_FS_InterfaceStrDescriptor  usbd_desc.o
    0x08006f08   0x08006f08   0x0000000c   Code   RO         5325    i.USBD_FS_LangIDStrDescriptor  usbd_desc.o
    0x08006f14   0x08006f14   0x0000001c   Code   RO         5326    i.USBD_FS_ManufacturerStrDescriptor  usbd_desc.o
    0x08006f30   0x08006f30   0x0000002c   Code   RO         5327    i.USBD_FS_ProductStrDescriptor  usbd_desc.o
    0x08006f5c   0x08006f5c   0x00000038   Code   RO         5328    i.USBD_FS_SerialStrDescriptor  usbd_desc.o
    0x08006f94   0x08006f94   0x000000e6   Code   RO         5844    i.USBD_GetDescriptor  usbd_ctlreq.o
    0x0800707a   0x0800707a   0x0000003a   Code   RO         5687    i.USBD_GetEpDesc    usbd_core.o
    0x080070b4   0x080070b4   0x00000014   Code   RO         5845    i.USBD_GetLen       usbd_ctlreq.o
    0x080070c8   0x080070c8   0x0000000e   Code   RO         5688    i.USBD_GetNextDesc  usbd_core.o
    0x080070d6   0x080070d6   0x0000004e   Code   RO         5846    i.USBD_GetString    usbd_ctlreq.o
    0x08007124   0x08007124   0x00000018   Code   RO         5489    i.USBD_Get_USB_Status  usbd_conf.o
    0x0800713c   0x0800713c   0x00000026   Code   RO         5689    i.USBD_Init         usbd_core.o
    0x08007162   0x08007162   0x00000012   Code   RO         5490    i.USBD_LL_ClearStallEP  usbd_conf.o
    0x08007174   0x08007174   0x00000012   Code   RO         5491    i.USBD_LL_CloseEP   usbd_conf.o
    0x08007186   0x08007186   0x000000b6   Code   RO         5690    i.USBD_LL_DataInStage  usbd_core.o
    0x0800723c   0x0800723c   0x0000008e   Code   RO         5691    i.USBD_LL_DataOutStage  usbd_core.o
    0x080072ca   0x080072ca   0x00000004   Code   RO         5692    i.USBD_LL_DevConnected  usbd_core.o
    0x080072ce   0x080072ce   0x0000001e   Code   RO         5693    i.USBD_LL_DevDisconnected  usbd_core.o
    0x080072ec   0x080072ec   0x00000008   Code   RO         5495    i.USBD_LL_GetRxDataSize  usbd_conf.o
    0x080072f4   0x080072f4   0x00000060   Code   RO         5496    i.USBD_LL_Init      usbd_conf.o
    0x08007354   0x08007354   0x0000001e   Code   RO         5497    i.USBD_LL_IsStallEP  usbd_conf.o
    0x08007372   0x08007372   0x00000028   Code   RO         5694    i.USBD_LL_IsoINIncomplete  usbd_core.o
    0x0800739a   0x0800739a   0x00000028   Code   RO         5695    i.USBD_LL_IsoOUTIncomplete  usbd_core.o
    0x080073c2   0x080073c2   0x00000018   Code   RO         5498    i.USBD_LL_OpenEP    usbd_conf.o
    0x080073da   0x080073da   0x00000012   Code   RO         5499    i.USBD_LL_PrepareReceive  usbd_conf.o
    0x080073ec   0x080073ec   0x0000005c   Code   RO         5696    i.USBD_LL_Reset     usbd_core.o
    0x08007448   0x08007448   0x00000014   Code   RO         5697    i.USBD_LL_Resume    usbd_core.o
    0x0800745c   0x0800745c   0x0000001a   Code   RO         5698    i.USBD_LL_SOF       usbd_core.o
    0x08007476   0x08007476   0x00000006   Code   RO         5699    i.USBD_LL_SetSpeed  usbd_core.o
    0x0800747c   0x0800747c   0x00000012   Code   RO         5500    i.USBD_LL_SetUSBAddress  usbd_conf.o
    0x0800748e   0x0800748e   0x00000060   Code   RO         5700    i.USBD_LL_SetupStage  usbd_core.o
    0x080074ee   0x080074ee   0x00000012   Code   RO         5501    i.USBD_LL_StallEP   usbd_conf.o
    0x08007500   0x08007500   0x00000012   Code   RO         5502    i.USBD_LL_Start     usbd_conf.o
    0x08007512   0x08007512   0x0000001a   Code   RO         5701    i.USBD_LL_Suspend   usbd_core.o
    0x0800752c   0x0800752c   0x00000012   Code   RO         5504    i.USBD_LL_Transmit  usbd_conf.o
    0x0800753e   0x0800753e   0x0000002c   Code   RO         5847    i.USBD_ParseSetupRequest  usbd_ctlreq.o
    0x0800756a   0x0800756a   0x0000003a   Code   RO         5702    i.USBD_RegisterClass  usbd_core.o
    0x080075a4   0x080075a4   0x00000014   Code   RO         5704    i.USBD_SetClassConfig  usbd_core.o
    0x080075b8   0x080075b8   0x000000b8   Code   RO         5848    i.USBD_SetConfig    usbd_ctlreq.o
    0x08007670   0x08007670   0x00000004   Code   RO         5705    i.USBD_Start        usbd_core.o
    0x08007674   0x08007674   0x0000012c   Code   RO         5849    i.USBD_StdDevReq    usbd_ctlreq.o
    0x080077a0   0x080077a0   0x00000160   Code   RO         5850    i.USBD_StdEPReq     usbd_ctlreq.o
    0x08007900   0x08007900   0x00000072   Code   RO         5851    i.USBD_StdItfReq    usbd_ctlreq.o
    0x08007972   0x08007972   0x00000002   Code   RO         5505    i.USBD_static_free  usbd_conf.o
    0x08007974   0x08007974   0x00000008   Code   RO         5506    i.USBD_static_malloc  usbd_conf.o
    0x0800797c   0x0800797c   0x00000080   Code   RO         1021    i.USB_ActivateEndpoint  stm32f4xx_ll_usb.o
    0x080079fc   0x080079fc   0x0000001c   Code   RO         1023    i.USB_ActivateSetup  stm32f4xx_ll_usb.o
    0x08007a18   0x08007a18   0x00000084   Code   RO         1025    i.USB_CoreInit      stm32f4xx_ll_usb.o
    0x08007a9c   0x08007a9c   0x0000003c   Code   RO         1026    i.USB_CoreReset     stm32f4xx_ll_usb.o
    0x08007ad8   0x08007ad8   0x000000cc   Code   RO         1029    i.USB_DeactivateEndpoint  stm32f4xx_ll_usb.o
    0x08007ba4   0x08007ba4   0x0000001c   Code   RO         1030    i.USB_DevConnect    stm32f4xx_ll_usb.o
    0x08007bc0   0x08007bc0   0x0000001c   Code   RO         1031    i.USB_DevDisconnect  stm32f4xx_ll_usb.o
    0x08007bdc   0x08007bdc   0x0000017c   Code   RO         1032    i.USB_DevInit       stm32f4xx_ll_usb.o
    0x08007d58   0x08007d58   0x0000000c   Code   RO         1033    i.USB_DisableGlobalInt  stm32f4xx_ll_usb.o
    0x08007d64   0x08007d64   0x00000058   Code   RO         1036    i.USB_EP0_OutStart  stm32f4xx_ll_usb.o
    0x08007dbc   0x08007dbc   0x00000058   Code   RO         1037    i.USB_EPClearStall  stm32f4xx_ll_usb.o
    0x08007e14   0x08007e14   0x00000058   Code   RO         1038    i.USB_EPSetStall    stm32f4xx_ll_usb.o
    0x08007e6c   0x08007e6c   0x00000238   Code   RO         1039    i.USB_EPStartXfer   stm32f4xx_ll_usb.o
    0x080080a4   0x080080a4   0x0000009e   Code   RO         1040    i.USB_EPStopXfer    stm32f4xx_ll_usb.o
    0x08008142   0x08008142   0x0000000c   Code   RO         1041    i.USB_EnableGlobalInt  stm32f4xx_ll_usb.o
    0x0800814e   0x0800814e   0x00000038   Code   RO         1042    i.USB_FlushRxFifo   stm32f4xx_ll_usb.o
    0x08008186   0x08008186   0x0000003c   Code   RO         1043    i.USB_FlushTxFifo   stm32f4xx_ll_usb.o
    0x080081c2   0x080081c2   0x0000001a   Code   RO         1045    i.USB_GetDevSpeed   stm32f4xx_ll_usb.o
    0x080081dc   0x080081dc   0x00000008   Code   RO         1047    i.USB_GetMode       stm32f4xx_ll_usb.o
    0x080081e4   0x080081e4   0x0000000e   Code   RO         1055    i.USB_ReadDevAllInEpInterrupt  stm32f4xx_ll_usb.o
    0x080081f2   0x080081f2   0x0000000e   Code   RO         1056    i.USB_ReadDevAllOutEpInterrupt  stm32f4xx_ll_usb.o
    0x08008200   0x08008200   0x00000024   Code   RO         1057    i.USB_ReadDevInEPInterrupt  stm32f4xx_ll_usb.o
    0x08008224   0x08008224   0x00000010   Code   RO         1058    i.USB_ReadDevOutEPInterrupt  stm32f4xx_ll_usb.o
    0x08008234   0x08008234   0x00000008   Code   RO         1059    i.USB_ReadInterrupts  stm32f4xx_ll_usb.o
    0x0800823c   0x0800823c   0x0000003e   Code   RO         1060    i.USB_ReadPacket    stm32f4xx_ll_usb.o
    0x0800827a   0x0800827a   0x0000005c   Code   RO         1062    i.USB_SetCurrentMode  stm32f4xx_ll_usb.o
    0x080082d6   0x080082d6   0x00000022   Code   RO         1063    i.USB_SetDevAddress  stm32f4xx_ll_usb.o
    0x080082f8   0x080082f8   0x000000e8   Code   RO         1065    i.USB_SetTurnaroundTime  stm32f4xx_ll_usb.o
    0x080083e0   0x080083e0   0x00000028   Code   RO         1068    i.USB_WritePacket   stm32f4xx_ll_usb.o
    0x08008408   0x08008408   0x00000002   Code   RO          603    i.UsageFault_Handler  stm32f4xx_it.o
    0x0800840a   0x0800840a   0x00000038   Code   RO         6350    i.Windbond_GetCapacity  bg_flash_manager.o
    0x08008442   0x08008442   0x00000030   Code   RO         6685    i.__ARM_fpclassify  m_wm.l(fpclassify.o)
    0x08008472   0x08008472   0x00000020   Code   RO         2134    i.__NVIC_SetPriority  stm32f4xx_hal_cortex.o
    0x08008492   0x08008492   0x0000000e   Code   RO         6553    i._is_digit         c_w.l(__printf_wp.o)
    0x080084a0   0x080084a0   0x00000024   Code   RO         6317    i.delay_ms          delay.o
    0x080084c4   0x080084c4   0x00000022   Code   RO         6318    i.delay_us          delay.o
    0x080084e6   0x080084e6   0x00000002   PAD
    0x080084e8   0x080084e8   0x0000005c   Code   RO         6351    i.flash_EraseAll    bg_flash_manager.o
    0x08008544   0x08008544   0x0000007c   Code   RO         6352    i.flash_GetRemainingCapacity  bg_flash_manager.o
    0x080085c0   0x080085c0   0x00000074   Code   RO         6353    i.flash_GetTotalByte  bg_flash_manager.o
    0x08008634   0x08008634   0x0000001c   Code   RO         6354    i.flash_IsSectorErased  bg_flash_manager.o
    0x08008650   0x08008650   0x000000ac   Code   RO         6355    i.flash_PageProgram  bg_flash_manager.o
    0x080086fc   0x080086fc   0x0000008c   Code   RO         6356    i.flash_ReadData    bg_flash_manager.o
    0x08008788   0x08008788   0x00000078   Code   RO         6357    i.flash_ReadID      bg_flash_manager.o
    0x08008800   0x08008800   0x00000050   Code   RO         6358    i.flash_ReadStatusReg  bg_flash_manager.o
    0x08008850   0x08008850   0x0000008c   Code   RO         6359    i.flash_SectorErase  bg_flash_manager.o
    0x080088dc   0x080088dc   0x00000010   Code   RO         6360    i.flash_WaitForWriteEnd  bg_flash_manager.o
    0x080088ec   0x080088ec   0x00000054   Code   RO         6361    i.flash_WriteEnable  bg_flash_manager.o
    0x08008940   0x08008940   0x0000000c   Code   RO         6363    i.flash_init        bg_flash_manager.o
    0x0800894c   0x0800894c   0x00000018   Code   RO         6364    i.flash_read        bg_flash_manager.o
    0x08008964   0x08008964   0x0000001c   Code   RO         6365    i.flash_read_byte   bg_flash_manager.o
    0x08008980   0x08008980   0x00000010   Code   RO           16    i.flash_read_func   main.o
    0x08008990   0x08008990   0x00000018   Code   RO         6366    i.flash_write       bg_flash_manager.o
    0x080089a8   0x080089a8   0x00000018   Code   RO         6367    i.flash_write_byte  bg_flash_manager.o
    0x080089c0   0x080089c0   0x00000010   Code   RO           17    i.flash_write_func  main.o
    0x080089d0   0x080089d0   0x0000017c   Code   RO         6273    i.get_sd_info       sd_card.o
    0x08008b4c   0x08008b4c   0x0000015c   Code   RO         6104    i.gui_Circle        bg_lcd.o
    0x08008ca8   0x08008ca8   0x00000004   Code   RO         6105    i.lcd_init          bg_lcd.o
    0x08008cac   0x08008cac   0x0000001c   Code   RO         6106    i.lcd_write_byte    bg_lcd.o
    0x08008cc8   0x08008cc8   0x00000118   Code   RO           18    i.main              main.o
    0x08008de0   0x08008de0   0x000000bc   Code   RO         6274    i.sd_read_test      sd_card.o
    0x08008e9c   0x08008e9c   0x00000040   Code   RO         6107    i.showimage         bg_lcd.o
    0x08008edc   0x08008edc   0x00000184   Code   RO         6245    i.st7735_init       st7735.o
    0x08009060   0x08009060   0x00000024   Code   RO         5413    i.usb_printf        usbd_cdc_if.o
    0x08009084   0x08009084   0x0000002c   Code   RO         6668    locale$$code        c_w.l(lc_numeric_c.o)
    0x080090b0   0x080090b0   0x0000002c   Code   RO         6695    locale$$code        c_w.l(lc_ctype_c.o)
    0x080090dc   0x080090dc   0x0000000a   Code   RO         6763    x$fpl$fpinit        fz_wm.l(fpinit.o)
    0x080090e6   0x080090e6   0x00000004   Code   RO         6588    x$fpl$printf1       fz_wm.l(printf1.o)
    0x080090ea   0x080090ea   0x00000004   Code   RO         6590    x$fpl$printf2       fz_wm.l(printf2.o)
    0x080090ee   0x080090ee   0x00000000   Code   RO         6684    x$fpl$usenofp       fz_wm.l(usenofp.o)
    0x080090ee   0x080090ee   0x00000008   Data   RO         1824    .constdata          stm32f4xx_hal_dma.o
    0x080090f6   0x080090f6   0x00000010   Data   RO         5254    .constdata          system_stm32f4xx.o
    0x08009106   0x08009106   0x00000008   Data   RO         5255    .constdata          system_stm32f4xx.o
    0x0800910e   0x0800910e   0x00000002   PAD
    0x08009110   0x08009110   0x00000008   Data   RO         6512    .constdata          c_w.l(_printf_wctomb.o)
    0x08009118   0x08009118   0x00000028   Data   RO         6541    .constdata          c_w.l(_printf_hex_int_ll_ptr.o)
    0x08009140   0x08009140   0x00000011   Data   RO         6561    .constdata          c_w.l(__printf_flags_ss_wp.o)
    0x08009151   0x08009151   0x00000026   Data   RO         6620    .constdata          c_w.l(_printf_fp_hex.o)
    0x08009177   0x08009177   0x00000001   PAD
    0x08009178   0x08009178   0x00000094   Data   RO         6643    .constdata          c_w.l(bigflt0.o)
    0x0800920c   0x0800920c   0x0000004d   Data   RO         6277    .conststring        sd_card.o
    0x08009259   0x08009259   0x00000003   PAD
    0x0800925c   0x0800925c   0x00000020   Data   RO         6819    Region$$Table       anon$$obj.o
    0x0800927c   0x0800927c   0x0000001c   Data   RO         6667    locale$$data        c_w.l(lc_numeric_c.o)
    0x08009298   0x08009298   0x00000110   Data   RO         6694    locale$$data        c_w.l(lc_ctype_c.o)


    Execution Region RW_IRAM1 (Exec base: 0x20000000, Load base: 0x080093a8, Size: 0x00004e80, Max: 0x00010000, ABSOLUTE, COMPRESSED[0x000000fc])

    Exec Addr    Load Addr    Size         Type   Attr      Idx    E Section Name        Object

    0x20000000   COMPRESSED   0x0000000c   Data   RW         2293    .data               stm32f4xx_hal.o
    0x2000000c   COMPRESSED   0x00000004   Data   RW         5256    .data               system_stm32f4xx.o
    0x20000010   COMPRESSED   0x0000001c   Data   RW         5330    .data               usbd_desc.o
    0x2000002c   COMPRESSED   0x00000032   Data   RW         5331    .data               usbd_desc.o
    0x2000005e   COMPRESSED   0x00000002   PAD
    0x20000060   COMPRESSED   0x00000014   Data   RW         5415    .data               usbd_cdc_if.o
    0x20000074   COMPRESSED   0x00000001   Data   RW         5852    .data               usbd_ctlreq.o
    0x20000075   COMPRESSED   0x00000003   PAD
    0x20000078   COMPRESSED   0x00000053   Data   RW         5995    .data               usbd_cdc.o
    0x200000cb   COMPRESSED   0x00000001   PAD
    0x200000cc   COMPRESSED   0x00000038   Data   RW         5996    .data               usbd_cdc.o
    0x20000104   COMPRESSED   0x00000028   Data   RW         6108    .data               bg_lcd.o
    0x2000012c   COMPRESSED   0x00000004   Data   RW         6278    .data               sd_card.o
    0x20000130   COMPRESSED   0x0000002c   Data   RW         6368    .data               bg_flash_manager.o
    0x2000015c        -       0x00000048   Zero   RW          307    .bss                adc.o
    0x200001a4        -       0x000000a8   Zero   RW          373    .bss                i2s.o
    0x2000024c        -       0x00000144   Zero   RW          415    .bss                sdio.o
    0x20000390        -       0x00000118   Zero   RW          457    .bss                spi.o
    0x200004a8        -       0x00000090   Zero   RW          500    .bss                tim.o
    0x20000538        -       0x00000108   Zero   RW          547    .bss                usart.o
    0x20000640        -       0x000002dc   Zero   RW         5291    .bss                usb_device.o
    0x2000091c        -       0x00000200   Zero   RW         5329    .bss                usbd_desc.o
    0x20000b1c        -       0x00000800   Zero   RW         5414    .bss                usbd_cdc_if.o
    0x2000131c        -       0x00000704   Zero   RW         5507    .bss                usbd_conf.o
    0x20001a20        -       0x00000400   Zero   RW         6276    .bss                sd_card.o
    0x20001e20        -       0x00000060   Zero   RW         6688    .bss                c_w.l(libspace.o)
    0x20001e80        -       0x00001000   Zero   RW            2    HEAP                startup_stm32f401xc.o
    0x20002e80        -       0x00002000   Zero   RW            1    STACK               startup_stm32f401xc.o


==============================================================================

Image component sizes


      Code (inc. data)   RO Data    RW Data    ZI Data      Debug   Object Name

       252         24          0          0         72       1733   adc.o
      1280        124          0         44          0      14797   bg_flash_manager.o
      1404         38          0         40          0      13091   bg_lcd.o
        70          0          0          0          0       1086   delay.o
       156          4          0          0          0        850   dma.o
       236         16          0          0          0       1019   gpio.o
       244         28          0          0        168       1806   i2s.o
       460         72          0          0          0     486168   main.o
       568        354         77          4       1024       1973   sd_card.o
       388         32          0          0        324       1927   sdio.o
       284         30          0          0        280       1851   spi.o
       388          6          0          0          0        746   st7735.o
        64         26        404          0      12288        840   startup_stm32f401xc.o
       180         28          0         12          0       9229   stm32f4xx_hal.o
       712         28          0          0          0       2859   stm32f4xx_hal_adc.o
       198         14          0          0          0      33911   stm32f4xx_hal_cortex.o
       942         16          8          0          0       6997   stm32f4xx_hal_dma.o
       490         34          0          0          0       2156   stm32f4xx_hal_gpio.o
       620         18          0          0          0       4157   stm32f4xx_hal_i2s.o
       694         24          0          0          0       3719   stm32f4xx_hal_i2s_ex.o
        48          6          0          0          0        850   stm32f4xx_hal_msp.o
      2576         12          0          0          0      13484   stm32f4xx_hal_pcd.o
        78          0          0          0          0       2377   stm32f4xx_hal_pcd_ex.o
      1356         78          0          0          0       5684   stm32f4xx_hal_rcc.o
       432         44          0          0          0       2269   stm32f4xx_hal_rcc_ex.o
      2754         52          0          0          0      16400   stm32f4xx_hal_sd.o
      1650         60          0          0          0      15128   stm32f4xx_hal_spi.o
       580         28          0          0          0       6271   stm32f4xx_hal_tim.o
       124         20          0          0          0       1364   stm32f4xx_hal_tim_ex.o
       368         10          0          0          0       2028   stm32f4xx_hal_uart.o
       128         54          0          0          0       8358   stm32f4xx_it.o
      1568         48          0          0          0      21920   stm32f4xx_ll_sdmmc.o
      2700        116          0          0          0      22965   stm32f4xx_ll_usb.o
        16          4         24          4          0       1115   system_stm32f4xx.o
       256         22          0          0        144       2351   tim.o
       280         28          0          0        264       1880   usart.o
        84         18          0          0        732        800   usb_device.o
      1278         36          0        139          0      14317   usbd_cdc.o
       152         26          0         20       2048       5127   usbd_cdc_if.o
       636         24          0          0       1796      16640   usbd_conf.o
       924          0          0          0          0      15355   usbd_core.o
      1354         28          0          1          0      15260   usbd_ctlreq.o
       276         92          0         78        512       6117   usbd_desc.o
       132          0          0          0          0       4492   usbd_ioreq.o

    ----------------------------------------------------------------------
     29426       1722        550        348      19652     793467   Object Totals
         0          0         32          0          0          0   (incl. Generated)
        46          0          5          6          0          0   (incl. Padding)

    ----------------------------------------------------------------------

      Code (inc. data)   RO Data    RW Data    ZI Data      Debug   Library Member Name

        90          0          0          0          0          0   __dczerorl2.o
         8          0          0          0          0         68   __main.o
       392          4         17          0          0         92   __printf_flags_ss_wp.o
        14          0          0          0          0         68   __printf_wp.o
         0          0          0          0          0          0   __rtentry.o
        12          0          0          0          0          0   __rtentry2.o
         6          0          0          0          0          0   __rtentry4.o
        52          8          0          0          0          0   __scatter.o
        28          0          0          0          0          0   __scatter_zi.o
         6          0          0          0          0          0   _printf_a.o
         6          0          0          0          0          0   _printf_c.o
        44          0          0          0          0        108   _printf_char.o
        48          6          0          0          0         96   _printf_char_common.o
        40          0          0          0          0         68   _printf_charcount.o
         6          0          0          0          0          0   _printf_d.o
       120         16          0          0          0         92   _printf_dec.o
         6          0          0          0          0          0   _printf_e.o
         6          0          0          0          0          0   _printf_f.o
      1054          0          0          0          0        216   _printf_fp_dec.o
       764          8         38          0          0        100   _printf_fp_hex.o
       128         16          0          0          0         84   _printf_fp_infnan.o
         6          0          0          0          0          0   _printf_g.o
       148          4         40          0          0        160   _printf_hex_int_ll_ptr.o
         6          0          0          0          0          0   _printf_i.o
       178          0          0          0          0         88   _printf_intcommon.o
        10          0          0          0          0          0   _printf_l.o
         6          0          0          0          0          0   _printf_lc.o
        10          0          0          0          0          0   _printf_ll.o
         6          0          0          0          0          0   _printf_lld.o
         6          0          0          0          0          0   _printf_lli.o
         6          0          0          0          0          0   _printf_llo.o
         6          0          0          0          0          0   _printf_llu.o
         6          0          0          0          0          0   _printf_llx.o
       124         16          0          0          0         92   _printf_longlong_dec.o
         6          0          0          0          0          0   _printf_ls.o
         6          0          0          0          0          0   _printf_n.o
         6          0          0          0          0          0   _printf_o.o
       112         10          0          0          0        124   _printf_oct_int_ll.o
         6          0          0          0          0          0   _printf_p.o
        78          0          0          0          0        108   _printf_pad.o
         0          0          0          0          0          0   _printf_percent.o
         4          0          0          0          0          0   _printf_percent_end.o
         6          0          0          0          0          0   _printf_s.o
        82          0          0          0          0         80   _printf_str.o
        36          0          0          0          0         84   _printf_truncate.o
         6          0          0          0          0          0   _printf_u.o
        44          0          0          0          0        108   _printf_wchar.o
       188          6          8          0          0         92   _printf_wctomb.o
         6          0          0          0          0          0   _printf_x.o
        16          0          0          0          0         68   _snputc.o
        10          0          0          0          0         68   _sputc.o
        64          0          0          0          0         92   _wcrtomb.o
        16          0          0          0          0         68   aeabi_memset.o
       228          4        148          0          0         96   bigflt0.o
      1936        128          0          0          0        672   btod.o
        18          0          0          0          0         80   exit.o
         6          0          0          0          0        152   heapauxi.o
         0          0          0          0          0          0   indicate_semi.o
        44         10        272          0          0         76   lc_ctype_c.o
        44         10         28          0          0         76   lc_numeric_c.o
         2          0          0          0          0          0   libinit.o
        34          0          0          0          0          0   libinit2.o
         2          0          0          0          0          0   libshutdown.o
         2          0          0          0          0          0   libshutdown2.o
         8          4          0          0         96         68   libspace.o
       138          0          0          0          0         80   lludiv10.o
       238          0          0          0          0        100   lludivv7m.o
        16          4          0          0          0         76   rt_ctype_table.o
         8          4          0          0          0         68   rt_locale_intlibspace.o
        68          0          0          0          0         68   rt_memclr.o
        78          0          0          0          0         80   rt_memclr_w.o
         2          0          0          0          0          0   rtexit.o
        10          0          0          0          0          0   rtexit2.o
       128          0          0          0          0         68   strcmpv7m.o
        12          4          0          0          0         68   sys_exit.o
        74          0          0          0          0         80   sys_stackheap_outer.o
         2          0          0          0          0         68   use_no_semi.o
        52          4          0          0          0         80   vsnprintf.o
        10          0          0          0          0        116   fpinit.o
         4          0          0          0          0        116   printf1.o
         4          0          0          0          0        116   printf2.o
         0          0          0          0          0          0   usenofp.o
        48          0          0          0          0        124   fpclassify.o

    ----------------------------------------------------------------------
      7272        266        552          0         96       4752   Library Totals
        16          0          1          0          0          0   (incl. Padding)

    ----------------------------------------------------------------------

      Code (inc. data)   RO Data    RW Data    ZI Data      Debug   Library Name

      7190        266        551          0         96       4280   c_w.l
        18          0          0          0          0        348   fz_wm.l
        48          0          0          0          0        124   m_wm.l

    ----------------------------------------------------------------------
      7272        266        552          0         96       4752   Library Totals

    ----------------------------------------------------------------------

==============================================================================


      Code (inc. data)   RO Data    RW Data    ZI Data      Debug   

     36698       1988       1102        348      19748     762779   Grand Totals
     36698       1988       1102        252      19748     762779   ELF Image Totals (compressed)
     36698       1988       1102        252          0          0   ROM Totals

==============================================================================

    Total RO  Size (Code + RO Data)                37800 (  36.91kB)
    Total RW  Size (RW Data + ZI Data)             20096 (  19.63kB)
    Total ROM Size (Code + RO Data + RW Data)      38052 (  37.16kB)

==============================================================================

