Component: ARM Compiler 5.06 update 7 (build 960) Tool: armlink [4d3601]

==============================================================================

Section Cross References

    startup_stm32f401xc.o(STACK) refers (Special) to heapauxi.o(.text) for __use_two_region_memory
    startup_stm32f401xc.o(HEAP) refers (Special) to heapauxi.o(.text) for __use_two_region_memory
    startup_stm32f401xc.o(RESET) refers (Special) to heapauxi.o(.text) for __use_two_region_memory
    startup_stm32f401xc.o(RESET) refers to startup_stm32f401xc.o(STACK) for __initial_sp
    startup_stm32f401xc.o(RESET) refers to startup_stm32f401xc.o(.text) for Reset_Handler
    startup_stm32f401xc.o(RESET) refers to stm32f4xx_it.o(i.NMI_Handler) for NMI_Handler
    startup_stm32f401xc.o(RESET) refers to stm32f4xx_it.o(i.HardFault_Handler) for HardFault_Handler
    startup_stm32f401xc.o(RESET) refers to stm32f4xx_it.o(i.MemManage_Handler) for MemManage_Handler
    startup_stm32f401xc.o(RESET) refers to stm32f4xx_it.o(i.BusFault_Handler) for BusFault_Handler
    startup_stm32f401xc.o(RESET) refers to stm32f4xx_it.o(i.UsageFault_Handler) for UsageFault_Handler
    startup_stm32f401xc.o(RESET) refers to stm32f4xx_it.o(i.SVC_Handler) for SVC_Handler
    startup_stm32f401xc.o(RESET) refers to stm32f4xx_it.o(i.DebugMon_Handler) for DebugMon_Handler
    startup_stm32f401xc.o(RESET) refers to stm32f4xx_it.o(i.PendSV_Handler) for PendSV_Handler
    startup_stm32f401xc.o(RESET) refers to stm32f4xx_it.o(i.SysTick_Handler) for SysTick_Handler
    startup_stm32f401xc.o(RESET) refers to stm32f4xx_it.o(i.DMA1_Stream4_IRQHandler) for DMA1_Stream4_IRQHandler
    startup_stm32f401xc.o(RESET) refers to stm32f4xx_it.o(i.SDIO_IRQHandler) for SDIO_IRQHandler
    startup_stm32f401xc.o(RESET) refers to stm32f4xx_it.o(i.DMA2_Stream0_IRQHandler) for DMA2_Stream0_IRQHandler
    startup_stm32f401xc.o(RESET) refers to stm32f4xx_it.o(i.DMA2_Stream2_IRQHandler) for DMA2_Stream2_IRQHandler
    startup_stm32f401xc.o(RESET) refers to stm32f4xx_it.o(i.DMA2_Stream3_IRQHandler) for DMA2_Stream3_IRQHandler
    startup_stm32f401xc.o(RESET) refers to stm32f4xx_it.o(i.OTG_FS_IRQHandler) for OTG_FS_IRQHandler
    startup_stm32f401xc.o(RESET) refers to stm32f4xx_it.o(i.DMA2_Stream5_IRQHandler) for DMA2_Stream5_IRQHandler
    startup_stm32f401xc.o(RESET) refers to stm32f4xx_it.o(i.DMA2_Stream6_IRQHandler) for DMA2_Stream6_IRQHandler
    startup_stm32f401xc.o(RESET) refers to stm32f4xx_it.o(i.DMA2_Stream7_IRQHandler) for DMA2_Stream7_IRQHandler
    startup_stm32f401xc.o(.text) refers (Special) to heapauxi.o(.text) for __use_two_region_memory
    startup_stm32f401xc.o(.text) refers to system_stm32f4xx.o(i.SystemInit) for SystemInit
    startup_stm32f401xc.o(.text) refers to __main.o(!!!main) for __main
    startup_stm32f401xc.o(.text) refers to startup_stm32f401xc.o(HEAP) for Heap_Mem
    startup_stm32f401xc.o(.text) refers to startup_stm32f401xc.o(STACK) for Stack_Mem
    main.o(i.SystemClock_Config) refers to rt_memclr_w.o(.text) for __aeabi_memclr4
    main.o(i.SystemClock_Config) refers to stm32f4xx_hal_rcc.o(i.HAL_RCC_OscConfig) for HAL_RCC_OscConfig
    main.o(i.SystemClock_Config) refers to stm32f4xx_hal_rcc.o(i.HAL_RCC_ClockConfig) for HAL_RCC_ClockConfig
    main.o(i.adc_handle) refers to stm32f4xx_hal_adc.o(i.HAL_ADC_PollForConversion) for HAL_ADC_PollForConversion
    main.o(i.adc_handle) refers to stm32f4xx_hal_adc.o(i.HAL_ADC_GetState) for HAL_ADC_GetState
    main.o(i.adc_handle) refers to stm32f4xx_hal_adc.o(i.HAL_ADC_GetValue) for HAL_ADC_GetValue
    main.o(i.adc_handle) refers to stm32f4xx_hal_adc.o(i.HAL_ADC_Stop) for HAL_ADC_Stop
    main.o(i.adc_handle) refers to adc.o(.bss) for hadc1
    main.o(i.main) refers to stm32f4xx_hal.o(i.HAL_Init) for HAL_Init
    main.o(i.main) refers to main.o(i.SystemClock_Config) for SystemClock_Config
    main.o(i.main) refers to gpio.o(i.MX_GPIO_Init) for MX_GPIO_Init
    main.o(i.main) refers to dma.o(i.MX_DMA_Init) for MX_DMA_Init
    main.o(i.main) refers to adc.o(i.MX_ADC1_Init) for MX_ADC1_Init
    main.o(i.main) refers to i2s.o(i.MX_I2S2_Init) for MX_I2S2_Init
    main.o(i.main) refers to spi.o(i.MX_SPI1_Init) for MX_SPI1_Init
    main.o(i.main) refers to sdio.o(i.MX_SDIO_SD_Init) for MX_SDIO_SD_Init
    main.o(i.main) refers to tim.o(i.MX_TIM1_Init) for MX_TIM1_Init
    main.o(i.main) refers to tim.o(i.MX_TIM2_Init) for MX_TIM2_Init
    main.o(i.main) refers to usb_device.o(i.MX_USB_DEVICE_Init) for MX_USB_DEVICE_Init
    main.o(i.main) refers to usart.o(i.MX_USART1_UART_Init) for MX_USART1_UART_Init
    gpio.o(i.MX_GPIO_Init) refers to rt_memclr_w.o(.text) for __aeabi_memclr4
    gpio.o(i.MX_GPIO_Init) refers to stm32f4xx_hal_gpio.o(i.HAL_GPIO_WritePin) for HAL_GPIO_WritePin
    gpio.o(i.MX_GPIO_Init) refers to stm32f4xx_hal_gpio.o(i.HAL_GPIO_Init) for HAL_GPIO_Init
    adc.o(i.HAL_ADC_MspDeInit) refers to stm32f4xx_hal_gpio.o(i.HAL_GPIO_DeInit) for HAL_GPIO_DeInit
[...]
    .data                                    0x20000074   Section        1  usbd_ctlreq.o(.data)
    cfgidx                                   0x20000074   Data           1  usbd_ctlreq.o(.data)
    .data                                    0x20000078   Section       83  usbd_cdc.o(.data)
    CDCInEpAdd                               0x20000078   Data           1  usbd_cdc.o(.data)
    CDCOutEpAdd                              0x20000079   Data           1  usbd_cdc.o(.data)
    CDCCmdEpAdd                              0x2000007a   Data           1  usbd_cdc.o(.data)
    USBD_CDC_DeviceQualifierDesc             0x2000007c   Data          10  usbd_cdc.o(.data)
    USBD_CDC_CfgDesc                         0x20000088   Data          67  usbd_cdc.o(.data)
    .data                                    0x200000cc   Section       56  usbd_cdc.o(.data)
    .bss                                     0x20000104   Section       72  adc.o(.bss)
    .bss                                     0x2000014c   Section      168  i2s.o(.bss)
    .bss                                     0x200001f4   Section      324  sdio.o(.bss)
    .bss                                     0x20000338   Section      280  spi.o(.bss)
    .bss                                     0x20000450   Section      144  tim.o(.bss)
    .bss                                     0x200004e0   Section      264  usart.o(.bss)
    .bss                                     0x200005e8   Section      732  usb_device.o(.bss)
    .bss                                     0x200008c4   Section      512  usbd_desc.o(.bss)
    .bss                                     0x20000ac4   Section     2048  usbd_cdc_if.o(.bss)
    .bss                                     0x200012c4   Section     1796  usbd_conf.o(.bss)
    mem                                      0x200012c4   Data         544  usbd_conf.o(.bss)
    .bss                                     0x200019c8   Section       96  libspace.o(.bss)
    HEAP                                     0x20001a28   Section     4096  startup_stm32f401xc.o(HEAP)
    Heap_Mem                                 0x20001a28   Data        4096  startup_stm32f401xc.o(HEAP)
    STACK                                    0x20002a28   Section     8192  startup_stm32f401xc.o(STACK)
    Stack_Mem                                0x20002a28   Data        8192  startup_stm32f401xc.o(STACK)
    __initial_sp                             0x20004a28   Data           0  startup_stm32f401xc.o(STACK)

    Global Symbols

    Symbol Name                              Value     Ov Type        Size  Object(Section)

    BuildAttributes$$THM_ISAv4$E$P$D$K$B$S$7EM$VFPi3$EXTD16$VFPS$VFMA$PE$A:L22UL41UL21$X:L11$S22US41US21$IEEE1$IW$USESV6$~STKCKD$USESV7$~SHL$OTIME$ROPI$IEEEJ$EBA8$UX$STANDARDLIB$REQ8$PRES8$EABIv2 0x00000000   Number         0  anon$$obj.o ABSOLUTE
    __ARM_use_no_argv                        0x00000000   Number         0  main.o ABSOLUTE
    _printf_flags                            0x00000000   Number         0  printf_stubs.o ABSOLUTE
    _printf_return_value                     0x00000000   Number         0  printf_stubs.o ABSOLUTE
    _printf_sizespec                         0x00000000   Number         0  printf_stubs.o ABSOLUTE
    _printf_widthprec                        0x00000000   Number         0  printf_stubs.o ABSOLUTE
    __ARM_exceptions_init                     - Undefined Weak Reference
    __alloca_initialize                       - Undefined Weak Reference
    __arm_fini_                               - Undefined Weak Reference
    __arm_preinit_                            - Undefined Weak Reference
    __cpp_initialize__aeabi_                  - Undefined Weak Reference
    __cxa_finalize                            - Undefined Weak Reference
    __sigvec_lookup                           - Undefined Weak Reference
    _atexit_init                              - Undefined Weak Reference
    _call_atexit_fns                          - Undefined Weak Reference
    _clock_init                               - Undefined Weak Reference
    _fp_trap_init                             - Undefined Weak Reference
    _fp_trap_shutdown                         - Undefined Weak Reference
    _get_lc_collate                           - Undefined Weak Reference
    _get_lc_monetary                          - Undefined Weak Reference
    _get_lc_time                              - Undefined Weak Reference
    _getenv_init                              - Undefined Weak Reference
    _handle_redirection                       - Undefined Weak Reference
    _init_alloc                               - Undefined Weak Reference
    _init_user_alloc                          - Undefined Weak Reference
    _initio                                   - Undefined Weak Reference
    _printf_mbtowc                            - Undefined Weak Reference
    _printf_wc                                - Undefined Weak Reference
    _rand_init                                - Undefined Weak Reference
    _signal_finish                            - Undefined Weak Reference
    _signal_init                              - Undefined Weak Reference
    _terminate_alloc                          - Undefined Weak Reference
    _terminate_user_alloc                     - Undefined Weak Reference
    _terminateio                              - Undefined Weak Reference
    __Vectors_Size                           0x00000194   Number         0  startup_stm32f401xc.o ABSOLUTE
    __Vectors                                0x08000000   Data           4  startup_stm32f401xc.o(RESET)
    __Vectors_End                            0x08000194   Data           0  startup_stm32f401xc.o(RESET)
    __main                                   0x08000195   Thumb Code     8  __main.o(!!!main)
    __scatterload                            0x0800019d   Thumb Code     0  __scatter.o(!!!scatter)
    __scatterload_rt2                        0x0800019d   Thumb Code    44  __scatter.o(!!!scatter)
    __scatterload_rt2_thumb_only             0x0800019d   Thumb Code     0  __scatter.o(!!!scatter)
    __scatterload_null                       0x080001ab   Thumb Code     0  __scatter.o(!!!scatter)
    __scatterload_copy                       0x080001d1   Thumb Code    26  __scatter_copy.o(!!handler_copy)
    __scatterload_zeroinit                   0x080001ed   Thumb Code    28  __scatter_zi.o(!!handler_zi)
    __rt_lib_init                            0x08000209   Thumb Code     0  libinit.o(.ARM.Collect$$libinit$$00000000)
    __rt_lib_init_fp_1                       0x0800020b   Thumb Code     0  libinit2.o(.ARM.Collect$$libinit$$00000001)
    __rt_lib_init_alloca_1                   0x0800020f   Thumb Code     0  libinit2.o(.ARM.Collect$$libinit$$0000002E)
    __rt_lib_init_argv_1                     0x0800020f   Thumb Code     0  libinit2.o(.ARM.Collect$$libinit$$0000002C)
    __rt_lib_init_atexit_1                   0x0800020f   Thumb Code     0  libinit2.o(.ARM.Collect$$libinit$$0000001B)
    __rt_lib_init_clock_1                    0x0800020f   Thumb Code     0  libinit2.o(.ARM.Collect$$libinit$$00000021)
    __rt_lib_init_cpp_1                      0x0800020f   Thumb Code     0  libinit2.o(.ARM.Collect$$libinit$$00000032)
    __rt_lib_init_exceptions_1               0x0800020f   Thumb Code     0  libinit2.o(.ARM.Collect$$libinit$$00000030)
    __rt_lib_init_fp_trap_1                  0x0800020f   Thumb Code     0  libinit2.o(.ARM.Collect$$libinit$$0000001F)
    __rt_lib_init_getenv_1                   0x0800020f   Thumb Code     0  libinit2.o(.ARM.Collect$$libinit$$00000023)
    __rt_lib_init_heap_1                     0x0800020f   Thumb Code     0  libinit2.o(.ARM.Collect$$libinit$$0000000A)
    __rt_lib_init_lc_collate_1               0x0800020f   Thumb Code     0  libinit2.o(.ARM.Collect$$libinit$$00000011)
    __rt_lib_init_lc_ctype_1                 0x0800020f   Thumb Code     0  libinit2.o(.ARM.Collect$$libinit$$00000013)
    __rt_lib_init_lc_monetary_1              0x0800020f   Thumb Code     0  libinit2.o(.ARM.Collect$$libinit$$00000015)
    __rt_lib_init_lc_numeric_1               0x0800020f   Thumb Code     0  libinit2.o(.ARM.Collect$$libinit$$00000017)
    __rt_lib_init_lc_time_1                  0x0800020f   Thumb Code     0  libinit2.o(.ARM.Collect$$libinit$$00000019)
    __rt_lib_init_preinit_1                  0x0800020f   Thumb Code     0  libinit2.o(.ARM.Collect$$libinit$$00000004)
    __rt_lib_init_rand_1                     0x0800020f   Thumb Code     0  libinit2.o(.ARM.Collect$$libinit$$0000000E)
    __rt_lib_init_return                     0x0800020f   Thumb Code     0  libinit2.o(.ARM.Collect$$libinit$$00000033)
    __rt_lib_init_signal_1                   0x0800020f   Thumb Code     0  libinit2.o(.ARM.Collect$$libinit$$0000001D)
    __rt_lib_init_stdio_1                    0x0800020f   Thumb Code     0  libinit2.o(.ARM.Collect$$libinit$$00000025)
    __rt_lib_init_user_alloc_1               0x0800020f   Thumb Code     0  libinit2.o(.ARM.Collect$$libinit$$0000000C)
    __rt_lib_shutdown                        0x08000211   Thumb Code     0  libshutdown.o(.ARM.Collect$$libshutdown$$00000000)
    __rt_lib_shutdown_cpp_1                  0x08000213   Thumb Code     0  libshutdown2.o(.ARM.Collect$$libshutdown$$00000004)
    __rt_lib_shutdown_fini_1                 0x08000213   Thumb Code     0  libshutdown2.o(.ARM.Collect$$libshutdown$$00000002)
    __rt_lib_shutdown_fp_trap_1              0x08000213   Thumb Code     0  libshutdown2.o(.ARM.Collect$$libshutdown$$00000009)
    __rt_lib_shutdown_heap_1                 0x08000213   Thumb Code     0  libshutdown2.o(.ARM.Collect$$libshutdown$$00000011)
    __rt_lib_shutdown_return                 0x08000213   Thumb Code     0  libshutdown2.o(.ARM.Collect$$libshutdown$$00000012)
    __rt_lib_shutdown_signal_1               0x08000213   Thumb Code     0  libshutdown2.o(.ARM.Collect$$libshutdown$$0000000C)
    __rt_lib_shutdown_stdio_1                0x08000213   Thumb Code     0  libshutdown2.o(.ARM.Collect$$libshutdown$$00000006)
    __rt_lib_shutdown_user_alloc_1           0x08000213   Thumb Code     0  libshutdown2.o(.ARM.Collect$$libshutdown$$0000000E)
    __rt_entry                               0x08000215   Thumb Code     0  __rtentry.o(.ARM.Collect$$rtentry$$00000000)
    __rt_entry_presh_1                       0x08000215   Thumb Code     0  __rtentry2.o(.ARM.Collect$$rtentry$$00000002)
    __rt_entry_sh                            0x08000215   Thumb Code     0  __rtentry4.o(.ARM.Collect$$rtentry$$00000004)
    __rt_entry_li                            0x0800021b   Thumb Code     0  __rtentry2.o(.ARM.Collect$$rtentry$$0000000A)
    __rt_entry_postsh_1                      0x0800021b   Thumb Code     0  __rtentry2.o(.ARM.Collect$$rtentry$$00000009)
    __rt_entry_main                          0x0800021f   Thumb Code     0  __rtentry2.o(.ARM.Collect$$rtentry$$0000000D)
    __rt_entry_postli_1                      0x0800021f   Thumb Code     0  __rtentry2.o(.ARM.Collect$$rtentry$$0000000C)
    __rt_exit                                0x08000227   Thumb Code     0  rtexit.o(.ARM.Collect$$rtexit$$00000000)
    __rt_exit_ls                             0x08000229   Thumb Code     0  rtexit2.o(.ARM.Collect$$rtexit$$00000003)
    __rt_exit_prels_1                        0x08000229   Thumb Code     0  rtexit2.o(.ARM.Collect$$rtexit$$00000002)
    __rt_exit_exit                           0x0800022d   Thumb Code     0  rtexit2.o(.ARM.Collect$$rtexit$$00000004)
    Reset_Handler                            0x08000235   Thumb Code     8  startup_stm32f401xc.o(.text)
    ADC_IRQHandler                           0x0800024f   Thumb Code     0  startup_stm32f401xc.o(.text)
    DMA1_Stream0_IRQHandler                  0x0800024f   Thumb Code     0  startup_stm32f401xc.o(.text)
    DMA1_Stream1_IRQHandler                  0x0800024f   Thumb Code     0  startup_stm32f401xc.o(.text)
    DMA1_Stream2_IRQHandler                  0x0800024f   Thumb Code     0  startup_stm32f401xc.o(.text)
    DMA1_Stream3_IRQHandler                  0x0800024f   Thumb Code     0  startup_stm32f401xc.o(.text)
    DMA1_Stream5_IRQHandler                  0x0800024f   Thumb Code     0  startup_stm32f401xc.o(.text)
    DMA1_Stream6_IRQHandler                  0x0800024f   Thumb Code     0  startup_stm32f401xc.o(.text)
    DMA1_Stream7_IRQHandler                  0x0800024f   Thumb Code     0  startup_stm32f401xc.o(.text)
    DMA2_Stream1_IRQHandler                  0x0800024f   Thumb Code     0  startup_stm32f401xc.o(.text)
    DMA2_Stream4_IRQHandler                  0x0800024f   Thumb Code     0  startup_stm32f401xc.o(.text)
    EXTI0_IRQHandler                         0x0800024f   Thumb Code     0  startup_stm32f401xc.o(.text)
    EXTI15_10_IRQHandler                     0x0800024f   Thumb Code     0  startup_stm32f401xc.o(.text)
    EXTI1_IRQHandler                         0x0800024f   Thumb Code     0  startup_stm32f401xc.o(.text)
    EXTI2_IRQHandler                         0x0800024f   Thumb Code     0  startup_stm32f401xc.o(.text)
    EXTI3_IRQHandler                         0x0800024f   Thumb Code     0  startup_stm32f401xc.o(.text)
    EXTI4_IRQHandler                         0x0800024f   Thumb Code     0  startup_stm32f401xc.o(.text)
    EXTI9_5_IRQHandler                       0x0800024f   Thumb Code     0  startup_stm32f401xc.o(.text)
    FLASH_IRQHandler                         0x0800024f   Thumb Code     0  startup_stm32f401xc.o(.text)
    FPU_IRQHandler                           0x0800024f   Thumb Code     0  startup_stm32f401xc.o(.text)
    I2C1_ER_IRQHandler                       0x0800024f   Thumb Code     0  startup_stm32f401xc.o(.text)
    I2C1_EV_IRQHandler                       0x0800024f   Thumb Code     0  startup_stm32f401xc.o(.text)
    I2C2_ER_IRQHandler                       0x0800024f   Thumb Code     0  startup_stm32f401xc.o(.text)
    I2C2_EV_IRQHandler                       0x0800024f   Thumb Code     0  startup_stm32f401xc.o(.text)
    I2C3_ER_IRQHandler                       0x0800024f   Thumb Code     0  startup_stm32f401xc.o(.text)
    I2C3_EV_IRQHandler                       0x0800024f   Thumb Code     0  startup_stm32f401xc.o(.text)
    OTG_FS_WKUP_IRQHandler                   0x0800024f   Thumb Code     0  startup_stm32f401xc.o(.text)
    PVD_IRQHandler                           0x0800024f   Thumb Code     0  startup_stm32f401xc.o(.text)
    RCC_IRQHandler                           0x0800024f   Thumb Code     0  startup_stm32f401xc.o(.text)
    RTC_Alarm_IRQHandler                     0x0800024f   Thumb Code     0  startup_stm32f401xc.o(.text)
    RTC_WKUP_IRQHandler                      0x0800024f   Thumb Code     0  startup_stm32f401xc.o(.text)
    SPI1_IRQHandler                          0x0800024f   Thumb Code     0  startup_stm32f401xc.o(.text)
    SPI2_IRQHandler                          0x0800024f   Thumb Code     0  startup_stm32f401xc.o(.text)
    SPI3_IRQHandler                          0x0800024f   Thumb Code     0  startup_stm32f401xc.o(.text)
    SPI4_IRQHandler                          0x0800024f   Thumb Code     0  startup_stm32f401xc.o(.text)
    TAMP_STAMP_IRQHandler                    0x0800024f   Thumb Code     0  startup_stm32f401xc.o(.text)
    TIM1_BRK_TIM9_IRQHandler                 0x0800024f   Thumb Code     0  startup_stm32f401xc.o(.text)
    TIM1_CC_IRQHandler                       0x0800024f   Thumb Code     0  startup_stm32f401xc.o(.text)
    TIM1_TRG_COM_TIM11_IRQHandler            0x0800024f   Thumb Code     0  startup_stm32f401xc.o(.text)
    TIM1_UP_TIM10_IRQHandler                 0x0800024f   Thumb Code     0  startup_stm32f401xc.o(.text)
    TIM2_IRQHandler                          0x0800024f   Thumb Code     0  startup_stm32f401xc.o(.text)
    TIM3_IRQHandler                          0x0800024f   Thumb Code     0  startup_stm32f401xc.o(.text)
    TIM4_IRQHandler                          0x0800024f   Thumb Code     0  startup_stm32f401xc.o(.text)
    TIM5_IRQHandler                          0x0800024f   Thumb Code     0  startup_stm32f401xc.o(.text)
    USART1_IRQHandler                        0x0800024f   Thumb Code     0  startup_stm32f401xc.o(.text)
    USART2_IRQHandler                        0x0800024f   Thumb Code     0  startup_stm32f401xc.o(.text)
    USART6_IRQHandler                        0x0800024f   Thumb Code     0  startup_stm32f401xc.o(.text)
    WWDG_IRQHandler                          0x0800024f   Thumb Code     0  startup_stm32f401xc.o(.text)
    __user_initial_stackheap                 0x08000251   Thumb Code     0  startup_stm32f401xc.o(.text)
    __aeabi_uldivmod                         0x08000275   Thumb Code     0  lludivv7m.o(.text)
    _ll_udiv                                 0x08000275   Thumb Code   238  lludivv7m.o(.text)
    __aeabi_memclr4                          0x08000363   Thumb Code     0  rt_memclr_w.o(.text)
    __aeabi_memclr8                          0x08000363   Thumb Code     0  rt_memclr_w.o(.text)
    __rt_memclr_w                            0x08000363   Thumb Code    78  rt_memclr_w.o(.text)
    _memset_w                                0x08000367   Thumb Code     0  rt_memclr_w.o(.text)
    __use_two_region_memory                  0x080003b1   Thumb Code     2  heapauxi.o(.text)
    __rt_heap_escrow$2region                 0x080003b3   Thumb Code     2  heapauxi.o(.text)
    __rt_heap_expand$2region                 0x080003b5   Thumb Code     2  heapauxi.o(.text)
    __user_setup_stackheap                   0x080003b7   Thumb Code    74  sys_stackheap_outer.o(.text)
    exit                                     0x08000401   Thumb Code    18  exit.o(.text)
    __user_libspace                          0x08000415   Thumb Code     8  libspace.o(.text)
    __user_perproc_libspace                  0x08000415   Thumb Code     0  libspace.o(.text)
    __user_perthread_libspace                0x08000415   Thumb Code     0  libspace.o(.text)
    _sys_exit                                0x0800041d   Thumb Code     8  sys_exit.o(.text)
    __I$use$semihosting                      0x08000429   Thumb Code     0  use_no_semi.o(.text)
    __use_no_semihosting_swi                 0x08000429   Thumb Code     2  use_no_semi.o(.text)
    __semihosting_library_function           0x0800042b   Thumb Code     0  indicate_semi.o(.text)
    BusFault_Handler                         0x08000555   Thumb Code     2  stm32f4xx_it.o(i.BusFault_Handler)
    DMA1_Stream4_IRQHandler                  0x080005a1   Thumb Code     6  stm32f4xx_it.o(i.DMA1_Stream4_IRQHandler)
    DMA2_Stream0_IRQHandler                  0x080005ad   Thumb Code     6  stm32f4xx_it.o(i.DMA2_Stream0_IRQHandler)
    DMA2_Stream2_IRQHandler                  0x080005b9   Thumb Code     6  stm32f4xx_it.o(i.DMA2_Stream2_IRQHandler)
    DMA2_Stream3_IRQHandler                  0x080005c5   Thumb Code     6  stm32f4xx_it.o(i.DMA2_Stream3_IRQHandler)
    DMA2_Stream5_IRQHandler                  0x080005d1   Thumb Code     6  stm32f4xx_it.o(i.DMA2_Stream5_IRQHandler)
    DMA2_Stream6_IRQHandler                  0x080005dd   Thumb Code     6  stm32f4xx_it.o(i.DMA2_Stream6_IRQHandler)
    DMA2_Stream7_IRQHandler                  0x080005e9   Thumb Code     6  stm32f4xx_it.o(i.DMA2_Stream7_IRQHandler)
    DebugMon_Handler                         0x08000671   Thumb Code     2  stm32f4xx_it.o(i.DebugMon_Handler)
    Error_Handler                            0x08000673   Thumb Code     4  main.o(i.Error_Handler)
    HAL_ADC_ConfigChannel                    0x08000679   Thumb Code   316  stm32f4xx_hal_adc.o(i.HAL_ADC_ConfigChannel)
    HAL_ADC_Init                             0x080007c5   Thumb Code    84  stm32f4xx_hal_adc.o(i.HAL_ADC_Init)
    HAL_ADC_MspInit                          0x08000819   Thumb Code    84  adc.o(i.HAL_ADC_MspInit)
    HAL_DMA_Abort_IT                         0x08000879   Thumb Code    36  stm32f4xx_hal_dma.o(i.HAL_DMA_Abort_IT)
    HAL_DMA_IRQHandler                       0x0800089d   Thumb Code   412  stm32f4xx_hal_dma.o(i.HAL_DMA_IRQHandler)
    HAL_DMA_Init                             0x08000a3d   Thumb Code   206  stm32f4xx_hal_dma.o(i.HAL_DMA_Init)
    HAL_Delay                                0x08000b11   Thumb Code    32  stm32f4xx_hal.o(i.HAL_Delay)
    HAL_GPIO_Init                            0x08000b35   Thumb Code   446  stm32f4xx_hal_gpio.o(i.HAL_GPIO_Init)
    HAL_GPIO_WritePin                        0x08000d15   Thumb Code    10  stm32f4xx_hal_gpio.o(i.HAL_GPIO_WritePin)
    HAL_GetTick                              0x08000d21   Thumb Code     6  stm32f4xx_hal.o(i.HAL_GetTick)
    HAL_I2SEx_FullDuplex_IRQHandler          0x08000d2d   Thumb Code   492  stm32f4xx_hal_i2s_ex.o(i.HAL_I2SEx_FullDuplex_IRQHandler)
    HAL_I2SEx_TxRxCpltCallback               0x08000f21   Thumb Code     2  stm32f4xx_hal_i2s_ex.o(i.HAL_I2SEx_TxRxCpltCallback)
    HAL_I2S_ErrorCallback                    0x08000f23   Thumb Code     2  stm32f4xx_hal_i2s.o(i.HAL_I2S_ErrorCallback)
    HAL_I2S_Init                             0x08000f25   Thumb Code   354  stm32f4xx_hal_i2s.o(i.HAL_I2S_Init)
    HAL_I2S_MspInit                          0x08001099   Thumb Code   164  i2s.o(i.HAL_I2S_MspInit)
    HAL_I2S_RxCpltCallback                   0x08001151   Thumb Code     2  stm32f4xx_hal_i2s.o(i.HAL_I2S_RxCpltCallback)
    HAL_I2S_TxCpltCallback                   0x08001153   Thumb Code     2  stm32f4xx_hal_i2s.o(i.HAL_I2S_TxCpltCallback)
    HAL_IncTick                              0x08001155   Thumb Code    12  stm32f4xx_hal.o(i.HAL_IncTick)
    HAL_Init                                 0x08001165   Thumb Code    48  stm32f4xx_hal.o(i.HAL_Init)
    HAL_InitTick                             0x08001199   Thumb Code    54  stm32f4xx_hal.o(i.HAL_InitTick)
    HAL_MspInit                              0x080011d9   Thumb Code    42  stm32f4xx_hal_msp.o(i.HAL_MspInit)
    HAL_NVIC_EnableIRQ                       0x08001209   Thumb Code    26  stm32f4xx_hal_cortex.o(i.HAL_NVIC_EnableIRQ)
    HAL_NVIC_SetPriority                     0x08001225   Thumb Code    60  stm32f4xx_hal_cortex.o(i.HAL_NVIC_SetPriority)
    HAL_NVIC_SetPriorityGrouping             0x08001265   Thumb Code    26  stm32f4xx_hal_cortex.o(i.HAL_NVIC_SetPriorityGrouping)
    HAL_PCDEx_LPM_Callback                   0x08001289   Thumb Code     2  stm32f4xx_hal_pcd_ex.o(i.HAL_PCDEx_LPM_Callback)
    HAL_PCDEx_SetRxFiFo                      0x0800128b   Thumb Code     8  stm32f4xx_hal_pcd_ex.o(i.HAL_PCDEx_SetRxFiFo)
    HAL_PCDEx_SetTxFiFo                      0x08001293   Thumb Code    68  stm32f4xx_hal_pcd_ex.o(i.HAL_PCDEx_SetTxFiFo)
    HAL_PCD_ConnectCallback                  0x080012d7   Thumb Code     8  usbd_conf.o(i.HAL_PCD_ConnectCallback)
    HAL_PCD_DataInStageCallback              0x080012df   Thumb Code    18  usbd_conf.o(i.HAL_PCD_DataInStageCallback)
    HAL_PCD_DataOutStageCallback             0x080012f1   Thumb Code    20  usbd_conf.o(i.HAL_PCD_DataOutStageCallback)
    HAL_PCD_DisconnectCallback               0x08001305   Thumb Code     8  usbd_conf.o(i.HAL_PCD_DisconnectCallback)
    HAL_PCD_EP_Abort                         0x0800130d   Thumb Code    30  stm32f4xx_hal_pcd.o(i.HAL_PCD_EP_Abort)
    HAL_PCD_EP_Close                         0x0800132b   Thumb Code    74  stm32f4xx_hal_pcd.o(i.HAL_PCD_EP_Close)
    HAL_PCD_EP_ClrStall                      0x08001375   Thumb Code    90  stm32f4xx_hal_pcd.o(i.HAL_PCD_EP_ClrStall)
    HAL_PCD_EP_GetRxCount                    0x080013cf   Thumb Code    18  stm32f4xx_hal_pcd.o(i.HAL_PCD_EP_GetRxCount)
    HAL_PCD_EP_Open                          0x080013e1   Thumb Code    98  stm32f4xx_hal_pcd.o(i.HAL_PCD_EP_Open)
    HAL_PCD_EP_Receive                       0x08001443   Thumb Code    56  stm32f4xx_hal_pcd.o(i.HAL_PCD_EP_Receive)
    HAL_PCD_EP_SetStall                      0x0800147b   Thumb Code   114  stm32f4xx_hal_pcd.o(i.HAL_PCD_EP_SetStall)
    HAL_PCD_EP_Transmit                      0x080014ed   Thumb Code    50  stm32f4xx_hal_pcd.o(i.HAL_PCD_EP_Transmit)
    HAL_PCD_IRQHandler                       0x08001521   Thumb Code  1372  stm32f4xx_hal_pcd.o(i.HAL_PCD_IRQHandler)
    HAL_PCD_ISOINIncompleteCallback          0x08001a7d   Thumb Code     8  usbd_conf.o(i.HAL_PCD_ISOINIncompleteCallback)
    HAL_PCD_ISOOUTIncompleteCallback         0x08001a85   Thumb Code     8  usbd_conf.o(i.HAL_PCD_ISOOUTIncompleteCallback)
    HAL_PCD_Init                             0x08001a8d   Thumb Code   204  stm32f4xx_hal_pcd.o(i.HAL_PCD_Init)
    HAL_PCD_MspInit                          0x08001b59   Thumb Code   122  usbd_conf.o(i.HAL_PCD_MspInit)
    HAL_PCD_ResetCallback                    0x08001bdd   Thumb Code    38  usbd_conf.o(i.HAL_PCD_ResetCallback)
    HAL_PCD_ResumeCallback                   0x08001c03   Thumb Code     8  usbd_conf.o(i.HAL_PCD_ResumeCallback)
    HAL_PCD_SOFCallback                      0x08001c0b   Thumb Code     8  usbd_conf.o(i.HAL_PCD_SOFCallback)
    HAL_PCD_SetAddress                       0x08001c13   Thumb Code    38  stm32f4xx_hal_pcd.o(i.HAL_PCD_SetAddress)
    HAL_PCD_SetupStageCallback               0x08001c39   Thumb Code    14  usbd_conf.o(i.HAL_PCD_SetupStageCallback)
    HAL_PCD_Start                            0x08001c47   Thumb Code    66  stm32f4xx_hal_pcd.o(i.HAL_PCD_Start)
    HAL_PCD_SuspendCallback                  0x08001c89   Thumb Code    44  usbd_conf.o(i.HAL_PCD_SuspendCallback)
    HAL_RCCEx_GetPeriphCLKFreq               0x08001cb9   Thumb Code    78  stm32f4xx_hal_rcc_ex.o(i.HAL_RCCEx_GetPeriphCLKFreq)
    HAL_RCCEx_PeriphCLKConfig                0x08001d19   Thumb Code   310  stm32f4xx_hal_rcc_ex.o(i.HAL_RCCEx_PeriphCLKConfig)
    HAL_RCC_ClockConfig                      0x08001e69   Thumb Code   288  stm32f4xx_hal_rcc.o(i.HAL_RCC_ClockConfig)
    HAL_RCC_GetHCLKFreq                      0x08001f9d   Thumb Code     6  stm32f4xx_hal_rcc.o(i.HAL_RCC_GetHCLKFreq)
    HAL_RCC_GetPCLK1Freq                     0x08001fa9   Thumb Code    20  stm32f4xx_hal_rcc.o(i.HAL_RCC_GetPCLK1Freq)
    HAL_RCC_GetPCLK2Freq                     0x08001fc9   Thumb Code    20  stm32f4xx_hal_rcc.o(i.HAL_RCC_GetPCLK2Freq)
    HAL_RCC_GetSysClockFreq                  0x08001fe9   Thumb Code    88  stm32f4xx_hal_rcc.o(i.HAL_RCC_GetSysClockFreq)
    HAL_RCC_OscConfig                        0x08002049   Thumb Code   856  stm32f4xx_hal_rcc.o(i.HAL_RCC_OscConfig)
    HAL_SD_AbortCallback                     0x080023b5   Thumb Code     2  stm32f4xx_hal_sd.o(i.HAL_SD_AbortCallback)
    HAL_SD_ConfigWideBusOperation            0x080023b9   Thumb Code   276  stm32f4xx_hal_sd.o(i.HAL_SD_ConfigWideBusOperation)
    HAL_SD_ErrorCallback                     0x080024d1   Thumb Code     2  stm32f4xx_hal_sd.o(i.HAL_SD_ErrorCallback)
    HAL_SD_GetCardCSD                        0x080024d5   Thumb Code   402  stm32f4xx_hal_sd.o(i.HAL_SD_GetCardCSD)
    HAL_SD_GetCardState                      0x0800266d   Thumb Code    44  stm32f4xx_hal_sd.o(i.HAL_SD_GetCardState)
    HAL_SD_IRQHandler                        0x08002699   Thumb Code   512  stm32f4xx_hal_sd.o(i.HAL_SD_IRQHandler)
    HAL_SD_Init                              0x080028a1   Thumb Code    54  stm32f4xx_hal_sd.o(i.HAL_SD_Init)
    HAL_SD_InitCard                          0x080028d9   Thumb Code   116  stm32f4xx_hal_sd.o(i.HAL_SD_InitCard)
    HAL_SD_MspInit                           0x08002955   Thumb Code   300  sdio.o(i.HAL_SD_MspInit)
    HAL_SD_RxCpltCallback                    0x08002a99   Thumb Code     2  stm32f4xx_hal_sd.o(i.HAL_SD_RxCpltCallback)
    HAL_SD_TxCpltCallback                    0x08002a9b   Thumb Code     2  stm32f4xx_hal_sd.o(i.HAL_SD_TxCpltCallback)
    HAL_SPI_Init                             0x08002a9d   Thumb Code   188  stm32f4xx_hal_spi.o(i.HAL_SPI_Init)
    HAL_SPI_MspInit                          0x08002b59   Thumb Code   194  spi.o(i.HAL_SPI_MspInit)
    HAL_SYSTICK_Config                       0x08002c31   Thumb Code    40  stm32f4xx_hal_cortex.o(i.HAL_SYSTICK_Config)
    HAL_TIMEx_MasterConfigSynchronization    0x08002c59   Thumb Code   104  stm32f4xx_hal_tim_ex.o(i.HAL_TIMEx_MasterConfigSynchronization)
    HAL_TIM_Base_Init                        0x08002cd5   Thumb Code    90  stm32f4xx_hal_tim.o(i.HAL_TIM_Base_Init)
    HAL_TIM_Base_MspInit                     0x08002d31   Thumb Code    42  tim.o(i.HAL_TIM_Base_MspInit)
    HAL_TIM_ConfigClockSource                0x08002d65   Thumb Code   220  stm32f4xx_hal_tim.o(i.HAL_TIM_ConfigClockSource)
    HAL_UART_Init                            0x08002e41   Thumb Code   100  stm32f4xx_hal_uart.o(i.HAL_UART_Init)
    HAL_UART_MspInit                         0x08002ea5   Thumb Code   204  usart.o(i.HAL_UART_MspInit)
    HardFault_Handler                        0x08002f85   Thumb Code     2  stm32f4xx_it.o(i.HardFault_Handler)
    MX_ADC1_Init                             0x08003175   Thumb Code   144  adc.o(i.MX_ADC1_Init)
    MX_DMA_Init                              0x08003211   Thumb Code   152  dma.o(i.MX_DMA_Init)
    MX_GPIO_Init                             0x080032ad   Thumb Code   220  gpio.o(i.MX_GPIO_Init)
    MX_I2S2_Init                             0x08003399   Thumb Code    52  i2s.o(i.MX_I2S2_Init)
    MX_SDIO_SD_Init                          0x080033d5   Thumb Code    56  sdio.o(i.MX_SDIO_SD_Init)
    MX_SPI1_Init                             0x08003415   Thumb Code    60  spi.o(i.MX_SPI1_Init)
    MX_TIM1_Init                             0x08003459   Thumb Code    96  tim.o(i.MX_TIM1_Init)
    MX_TIM2_Init                             0x080034c1   Thumb Code    96  tim.o(i.MX_TIM2_Init)
    MX_USART1_UART_Init                      0x08003525   Thumb Code    48  usart.o(i.MX_USART1_UART_Init)
    MX_USB_DEVICE_Init                       0x0800355d   Thumb Code    66  usb_device.o(i.MX_USB_DEVICE_Init)
    MemManage_Handler                        0x080035b1   Thumb Code     2  stm32f4xx_it.o(i.MemManage_Handler)
    NMI_Handler                              0x080035b3   Thumb Code     2  stm32f4xx_it.o(i.NMI_Handler)
    OTG_FS_IRQHandler                        0x080035b5   Thumb Code     6  stm32f4xx_it.o(i.OTG_FS_IRQHandler)
    PendSV_Handler                           0x0800372f   Thumb Code     2  stm32f4xx_it.o(i.PendSV_Handler)
    SDIO_ConfigData                          0x08003731   Thumb Code    36  stm32f4xx_ll_sdmmc.o(i.SDIO_ConfigData)
    SDIO_GetPowerState                       0x08003755   Thumb Code     8  stm32f4xx_ll_sdmmc.o(i.SDIO_GetPowerState)
    SDIO_GetResponse                         0x0800375d   Thumb Code     6  stm32f4xx_ll_sdmmc.o(i.SDIO_GetResponse)
    SDIO_IRQHandler                          0x08003765   Thumb Code     6  stm32f4xx_it.o(i.SDIO_IRQHandler)
    SDIO_Init                                0x08003771   Thumb Code    36  stm32f4xx_ll_sdmmc.o(i.SDIO_Init)
    SDIO_PowerState_ON                       0x08003795   Thumb Code     8  stm32f4xx_ll_sdmmc.o(i.SDIO_PowerState_ON)
    SDIO_ReadFIFO                            0x0800379d   Thumb Code     6  stm32f4xx_ll_sdmmc.o(i.SDIO_ReadFIFO)
    SDIO_SendCommand                         0x080037a3   Thumb Code    32  stm32f4xx_ll_sdmmc.o(i.SDIO_SendCommand)
    SDIO_WriteFIFO                           0x080037c3   Thumb Code    10  stm32f4xx_ll_sdmmc.o(i.SDIO_WriteFIFO)
    SDMMC_CmdAppCommand                      0x080037cd   Thumb Code    50  stm32f4xx_ll_sdmmc.o(i.SDMMC_CmdAppCommand)
    SDMMC_CmdAppOperCommand                  0x08003801   Thumb Code    48  stm32f4xx_ll_sdmmc.o(i.SDMMC_CmdAppOperCommand)
    SDMMC_CmdBlockLength                     0x08003835   Thumb Code    50  stm32f4xx_ll_sdmmc.o(i.SDMMC_CmdBlockLength)
    SDMMC_CmdBusWidth                        0x08003867   Thumb Code    50  stm32f4xx_ll_sdmmc.o(i.SDMMC_CmdBusWidth)
    SDMMC_CmdGoIdleState                     0x08003899   Thumb Code    74  stm32f4xx_ll_sdmmc.o(i.SDMMC_CmdGoIdleState)
    SDMMC_CmdOperCond                        0x080038e9   Thumb Code    48  stm32f4xx_ll_sdmmc.o(i.SDMMC_CmdOperCond)
    SDMMC_CmdSelDesel                        0x08003919   Thumb Code    50  stm32f4xx_ll_sdmmc.o(i.SDMMC_CmdSelDesel)
    SDMMC_CmdSendCID                         0x0800394b   Thumb Code    44  stm32f4xx_ll_sdmmc.o(i.SDMMC_CmdSendCID)
    SDMMC_CmdSendCSD                         0x08003977   Thumb Code    44  stm32f4xx_ll_sdmmc.o(i.SDMMC_CmdSendCSD)
    SDMMC_CmdSendSCR                         0x080039a3   Thumb Code    48  stm32f4xx_ll_sdmmc.o(i.SDMMC_CmdSendSCR)
    SDMMC_CmdSendStatus                      0x080039d3   Thumb Code    50  stm32f4xx_ll_sdmmc.o(i.SDMMC_CmdSendStatus)
    SDMMC_CmdSetRelAdd                       0x08003a05   Thumb Code    48  stm32f4xx_ll_sdmmc.o(i.SDMMC_CmdSetRelAdd)
    SDMMC_CmdStopTransfer                    0x08003a35   Thumb Code    46  stm32f4xx_ll_sdmmc.o(i.SDMMC_CmdStopTransfer)
    SDMMC_GetCmdResp1                        0x08003a69   Thumb Code   278  stm32f4xx_ll_sdmmc.o(i.SDMMC_GetCmdResp1)
    SDMMC_GetCmdResp2                        0x08003b89   Thumb Code    76  stm32f4xx_ll_sdmmc.o(i.SDMMC_GetCmdResp2)
    SDMMC_GetCmdResp3                        0x08003bd9   Thumb Code    62  stm32f4xx_ll_sdmmc.o(i.SDMMC_GetCmdResp3)
    SDMMC_GetCmdResp6                        0x08003c1d   Thumb Code   130  stm32f4xx_ll_sdmmc.o(i.SDMMC_GetCmdResp6)
    SDMMC_GetCmdResp7                        0x08003ca5   Thumb Code    82  stm32f4xx_ll_sdmmc.o(i.SDMMC_GetCmdResp7)
    SVC_Handler                              0x08004009   Thumb Code     2  stm32f4xx_it.o(i.SVC_Handler)
    SysTick_Handler                          0x08004015   Thumb Code     4  stm32f4xx_it.o(i.SysTick_Handler)
    SystemClock_Config                       0x08004019   Thumb Code   136  main.o(i.SystemClock_Config)
    SystemInit                               0x080040a9   Thumb Code    12  system_stm32f4xx.o(i.SystemInit)
    TIM_Base_SetConfig                       0x080040b9   Thumb Code   136  stm32f4xx_hal_tim.o(i.TIM_Base_SetConfig)
    TIM_ETR_SetConfig                        0x0800415d   Thumb Code    20  stm32f4xx_hal_tim.o(i.TIM_ETR_SetConfig)
    USBD_CDC_GetDeviceQualifierDescriptor    0x08004451   Thumb Code     8  usbd_cdc.o(i.USBD_CDC_GetDeviceQualifierDescriptor)
    USBD_CDC_ReceivePacket                   0x0800462d   Thumb Code    50  usbd_cdc.o(i.USBD_CDC_ReceivePacket)
    USBD_CDC_RegisterInterface               0x08004665   Thumb Code    22  usbd_cdc.o(i.USBD_CDC_RegisterInterface)
    USBD_CDC_SetRxBuffer                     0x0800467b   Thumb Code    26  usbd_cdc.o(i.USBD_CDC_SetRxBuffer)
    USBD_CDC_SetTxBuffer                     0x08004695   Thumb Code    30  usbd_cdc.o(i.USBD_CDC_SetTxBuffer)
    USBD_ClrClassConfig                      0x08004787   Thumb Code    20  usbd_core.o(i.USBD_ClrClassConfig)
    USBD_CoreFindEP                          0x0800479b   Thumb Code     4  usbd_core.o(i.USBD_CoreFindEP)
    USBD_CoreFindIF                          0x0800479f   Thumb Code     4  usbd_core.o(i.USBD_CoreFindIF)
    USBD_CtlContinueRx                       0x080047a3   Thumb Code    16  usbd_ioreq.o(i.USBD_CtlContinueRx)
    USBD_CtlContinueSendData                 0x080047b3   Thumb Code    16  usbd_ioreq.o(i.USBD_CtlContinueSendData)
    USBD_CtlError                            0x080047c3   Thumb Code    22  usbd_ctlreq.o(i.USBD_CtlError)
    USBD_CtlPrepareRx                        0x080047d9   Thumb Code    30  usbd_ioreq.o(i.USBD_CtlPrepareRx)
    USBD_CtlReceiveStatus                    0x080047f7   Thumb Code    22  usbd_ioreq.o(i.USBD_CtlReceiveStatus)
    USBD_CtlSendData                         0x0800480d   Thumb Code    26  usbd_ioreq.o(i.USBD_CtlSendData)
    USBD_CtlSendStatus                       0x08004827   Thumb Code    22  usbd_ioreq.o(i.USBD_CtlSendStatus)
    USBD_FS_ConfigStrDescriptor              0x0800483d   Thumb Code    16  usbd_desc.o(i.USBD_FS_ConfigStrDescriptor)
    USBD_FS_DeviceDescriptor                 0x0800485d   Thumb Code     8  usbd_desc.o(i.USBD_FS_DeviceDescriptor)
    USBD_FS_InterfaceStrDescriptor           0x08004869   Thumb Code    16  usbd_desc.o(i.USBD_FS_InterfaceStrDescriptor)
    USBD_FS_LangIDStrDescriptor              0x0800488d   Thumb Code     8  usbd_desc.o(i.USBD_FS_LangIDStrDescriptor)
    USBD_FS_ManufacturerStrDescriptor        0x08004899   Thumb Code    16  usbd_desc.o(i.USBD_FS_ManufacturerStrDescriptor)
    USBD_FS_ProductStrDescriptor             0x080048b5   Thumb Code    16  usbd_desc.o(i.USBD_FS_ProductStrDescriptor)
    USBD_FS_SerialStrDescriptor              0x080048e1   Thumb Code    48  usbd_desc.o(i.USBD_FS_SerialStrDescriptor)
    USBD_GetEpDesc                           0x080049ff   Thumb Code    58  usbd_core.o(i.USBD_GetEpDesc)
    USBD_GetNextDesc                         0x08004a4d   Thumb Code    14  usbd_core.o(i.USBD_GetNextDesc)
    USBD_GetString                           0x08004a5b   Thumb Code    78  usbd_ctlreq.o(i.USBD_GetString)
    USBD_Get_USB_Status                      0x08004aa9   Thumb Code    24  usbd_conf.o(i.USBD_Get_USB_Status)
    USBD_Init                                0x08004ac1   Thumb Code    38  usbd_core.o(i.USBD_Init)
    USBD_LL_ClearStallEP                     0x08004ae7   Thumb Code    18  usbd_conf.o(i.USBD_LL_ClearStallEP)
    USBD_LL_CloseEP                          0x08004af9   Thumb Code    18  usbd_conf.o(i.USBD_LL_CloseEP)
    USBD_LL_DataInStage                      0x08004b0b   Thumb Code   182  usbd_core.o(i.USBD_LL_DataInStage)
    USBD_LL_DataOutStage                     0x08004bc1   Thumb Code   142  usbd_core.o(i.USBD_LL_DataOutStage)
    USBD_LL_DevConnected                     0x08004c4f   Thumb Code     4  usbd_core.o(i.USBD_LL_DevConnected)
    USBD_LL_DevDisconnected                  0x08004c53   Thumb Code    30  usbd_core.o(i.USBD_LL_DevDisconnected)
    USBD_LL_GetRxDataSize                    0x08004c71   Thumb Code     8  usbd_conf.o(i.USBD_LL_GetRxDataSize)
    USBD_LL_Init                             0x08004c79   Thumb Code    90  usbd_conf.o(i.USBD_LL_Init)
    USBD_LL_IsStallEP                        0x08004cd9   Thumb Code    30  usbd_conf.o(i.USBD_LL_IsStallEP)
    USBD_LL_IsoINIncomplete                  0x08004cf7   Thumb Code    40  usbd_core.o(i.USBD_LL_IsoINIncomplete)
    USBD_LL_IsoOUTIncomplete                 0x08004d1f   Thumb Code    40  usbd_core.o(i.USBD_LL_IsoOUTIncomplete)
    USBD_LL_OpenEP                           0x08004d47   Thumb Code    24  usbd_conf.o(i.USBD_LL_OpenEP)
    USBD_LL_PrepareReceive                   0x08004d5f   Thumb Code    18  usbd_conf.o(i.USBD_LL_PrepareReceive)
    USBD_LL_Reset                            0x08004d71   Thumb Code    92  usbd_core.o(i.USBD_LL_Reset)
    USBD_LL_Resume                           0x08004dcd   Thumb Code    20  usbd_core.o(i.USBD_LL_Resume)
    USBD_LL_SOF                              0x08004de1   Thumb Code    26  usbd_core.o(i.USBD_LL_SOF)
    USBD_LL_SetSpeed                         0x08004dfb   Thumb Code     6  usbd_core.o(i.USBD_LL_SetSpeed)
    USBD_LL_SetUSBAddress                    0x08004e01   Thumb Code    18  usbd_conf.o(i.USBD_LL_SetUSBAddress)
    USBD_LL_SetupStage                       0x08004e13   Thumb Code    96  usbd_core.o(i.USBD_LL_SetupStage)
    USBD_LL_StallEP                          0x08004e73   Thumb Code    18  usbd_conf.o(i.USBD_LL_StallEP)
    USBD_LL_Start                            0x08004e85   Thumb Code    18  usbd_conf.o(i.USBD_LL_Start)
    USBD_LL_Suspend                          0x08004e97   Thumb Code    26  usbd_core.o(i.USBD_LL_Suspend)
    USBD_LL_Transmit                         0x08004eb1   Thumb Code    18  usbd_conf.o(i.USBD_LL_Transmit)
    USBD_ParseSetupRequest                   0x08004ec3   Thumb Code    44  usbd_ctlreq.o(i.USBD_ParseSetupRequest)
    USBD_RegisterClass                       0x08004eef   Thumb Code    58  usbd_core.o(i.USBD_RegisterClass)
    USBD_SetClassConfig                      0x08004f29   Thumb Code    20  usbd_core.o(i.USBD_SetClassConfig)
    USBD_Start                               0x08004ff5   Thumb Code     4  usbd_core.o(i.USBD_Start)
    USBD_StdDevReq                           0x08004ff9   Thumb Code   300  usbd_ctlreq.o(i.USBD_StdDevReq)
    USBD_StdEPReq                            0x08005125   Thumb Code   352  usbd_ctlreq.o(i.USBD_StdEPReq)
    USBD_StdItfReq                           0x08005285   Thumb Code   114  usbd_ctlreq.o(i.USBD_StdItfReq)
    USBD_static_free                         0x080052f7   Thumb Code     2  usbd_conf.o(i.USBD_static_free)
    USBD_static_malloc                       0x080052f9   Thumb Code     4  usbd_conf.o(i.USBD_static_malloc)
    USB_ActivateEndpoint                     0x08005301   Thumb Code   122  stm32f4xx_ll_usb.o(i.USB_ActivateEndpoint)
    USB_ActivateSetup                        0x08005381   Thumb Code    28  stm32f4xx_ll_usb.o(i.USB_ActivateSetup)
    USB_CoreInit                             0x0800539d   Thumb Code   126  stm32f4xx_ll_usb.o(i.USB_CoreInit)
    USB_DeactivateEndpoint                   0x0800545d   Thumb Code   194  stm32f4xx_ll_usb.o(i.USB_DeactivateEndpoint)
    USB_DevConnect                           0x08005529   Thumb Code    28  stm32f4xx_ll_usb.o(i.USB_DevConnect)
    USB_DevDisconnect                        0x08005545   Thumb Code    28  stm32f4xx_ll_usb.o(i.USB_DevDisconnect)
    USB_DevInit                              0x08005561   Thumb Code   370  stm32f4xx_ll_usb.o(i.USB_DevInit)
    USB_DisableGlobalInt                     0x080056dd   Thumb Code    12  stm32f4xx_ll_usb.o(i.USB_DisableGlobalInt)
    USB_EP0_OutStart                         0x080056e9   Thumb Code    84  stm32f4xx_ll_usb.o(i.USB_EP0_OutStart)
    USB_EPClearStall                         0x08005741   Thumb Code    88  stm32f4xx_ll_usb.o(i.USB_EPClearStall)
    USB_EPSetStall                           0x08005799   Thumb Code    88  stm32f4xx_ll_usb.o(i.USB_EPSetStall)
    USB_EPStartXfer                          0x080057f1   Thumb Code   562  stm32f4xx_ll_usb.o(i.USB_EPStartXfer)
    USB_EPStopXfer                           0x08005a29   Thumb Code   158  stm32f4xx_ll_usb.o(i.USB_EPStopXfer)
    USB_EnableGlobalInt                      0x08005ac7   Thumb Code    12  stm32f4xx_ll_usb.o(i.USB_EnableGlobalInt)
    USB_FlushRxFifo                          0x08005ad3   Thumb Code    56  stm32f4xx_ll_usb.o(i.USB_FlushRxFifo)
    USB_FlushTxFifo                          0x08005b0b   Thumb Code    60  stm32f4xx_ll_usb.o(i.USB_FlushTxFifo)
    USB_GetDevSpeed                          0x08005b47   Thumb Code    26  stm32f4xx_ll_usb.o(i.USB_GetDevSpeed)
    USB_GetMode                              0x08005b61   Thumb Code     8  stm32f4xx_ll_usb.o(i.USB_GetMode)
    USB_ReadDevAllInEpInterrupt              0x08005b69   Thumb Code    14  stm32f4xx_ll_usb.o(i.USB_ReadDevAllInEpInterrupt)
    USB_ReadDevAllOutEpInterrupt             0x08005b77   Thumb Code    14  stm32f4xx_ll_usb.o(i.USB_ReadDevAllOutEpInterrupt)
    USB_ReadDevInEPInterrupt                 0x08005b85   Thumb Code    36  stm32f4xx_ll_usb.o(i.USB_ReadDevInEPInterrupt)
    USB_ReadDevOutEPInterrupt                0x08005ba9   Thumb Code    16  stm32f4xx_ll_usb.o(i.USB_ReadDevOutEPInterrupt)
    USB_ReadInterrupts                       0x08005bb9   Thumb Code     8  stm32f4xx_ll_usb.o(i.USB_ReadInterrupts)
    USB_ReadPacket                           0x08005bc1   Thumb Code    62  stm32f4xx_ll_usb.o(i.USB_ReadPacket)
    USB_SetCurrentMode                       0x08005bff   Thumb Code    92  stm32f4xx_ll_usb.o(i.USB_SetCurrentMode)
    USB_SetDevAddress                        0x08005c5b   Thumb Code    34  stm32f4xx_ll_usb.o(i.USB_SetDevAddress)
    USB_SetTurnaroundTime                    0x08005c7d   Thumb Code   158  stm32f4xx_ll_usb.o(i.USB_SetTurnaroundTime)
    USB_WritePacket                          0x08005d65   Thumb Code    40  stm32f4xx_ll_usb.o(i.USB_WritePacket)
    UsageFault_Handler                       0x08005d8d   Thumb Code     2  stm32f4xx_it.o(i.UsageFault_Handler)
    main                                     0x08005daf   Thumb Code    50  main.o(i.main)
    _fp_init                                 0x08005de1   Thumb Code    10  fpinit.o(x$fpl$fpinit)
    __fplib_config_fpu_vfp                   0x08005de9   Thumb Code     0  fpinit.o(x$fpl$fpinit)
    __fplib_config_pureend_doubles           0x08005de9   Thumb Code     0  fpinit.o(x$fpl$fpinit)
    AHBPrescTable                            0x08005df2   Data          16  system_stm32f4xx.o(.constdata)
    APBPrescTable                            0x08005e02   Data           8  system_stm32f4xx.o(.constdata)
    Region$$Table$$Base                      0x08005e0c   Number         0  anon$$obj.o(Region$$Table)
    Region$$Table$$Limit                     0x08005e2c   Number         0  anon$$obj.o(Region$$Table)
    uwTickFreq                               0x20000000   Data           1  stm32f4xx_hal.o(.data)
    uwTickPrio                               0x20000004   Data           4  stm32f4xx_hal.o(.data)
    uwTick                                   0x20000008   Data           4  stm32f4xx_hal.o(.data)
    SystemCoreClock                          0x2000000c   Data           4  system_stm32f4xx.o(.data)
    FS_Desc                                  0x20000010   Data          28  usbd_desc.o(.data)
    USBD_LangIDDesc                          0x2000002c   Data           4  usbd_desc.o(.data)
    USBD_FS_DeviceDesc                       0x20000030   Data          18  usbd_desc.o(.data)
    USBD_StringSerial                        0x20000044   Data          26  usbd_desc.o(.data)
    USBD_Interface_fops_FS                   0x20000060   Data          20  usbd_cdc_if.o(.data)
    USBD_CDC                                 0x200000cc   Data          56  usbd_cdc.o(.data)
    hadc1                                    0x20000104   Data          72  adc.o(.bss)
    hi2s2                                    0x2000014c   Data          72  i2s.o(.bss)
    hdma_spi2_tx                             0x20000194   Data          96  i2s.o(.bss)
    hsd                                      0x200001f4   Data         132  sdio.o(.bss)
    hdma_sdio_rx                             0x20000278   Data          96  sdio.o(.bss)
    hdma_sdio_tx                             0x200002d8   Data          96  sdio.o(.bss)
    hspi1                                    0x20000338   Data          88  spi.o(.bss)
    hdma_spi1_rx                             0x20000390   Data          96  spi.o(.bss)
    hdma_spi1_tx                             0x200003f0   Data          96  spi.o(.bss)
    htim1                                    0x20000450   Data          72  tim.o(.bss)
    htim2                                    0x20000498   Data          72  tim.o(.bss)
    huart1                                   0x200004e0   Data          72  usart.o(.bss)
    hdma_usart1_rx                           0x20000528   Data          96  usart.o(.bss)
    hdma_usart1_tx                           0x20000588   Data          96  usart.o(.bss)
    hUsbDeviceFS                             0x200005e8   Data         732  usb_device.o(.bss)
    USBD_StrDesc                             0x200008c4   Data         512  usbd_desc.o(.bss)
    UserRxBufferFS                           0x20000ac4   Data        1024  usbd_cdc_if.o(.bss)
    UserTxBufferFS                           0x20000ec4   Data        1024  usbd_cdc_if.o(.bss)
    hpcd_USB_OTG_FS                          0x200014e4   Data        1252  usbd_conf.o(.bss)
    __libspace_start                         0x200019c8   Data          96  libspace.o(.bss)
    __temporary_stack_top$libspace           0x20001a28   Data           0  libspace.o(.bss)



==============================================================================

Memory Map of the image

  Image Entry point : 0x08000195

  Load Region LR_IROM1 (Base: 0x08000000, Size: 0x00005f30, Max: 0x00040000, ABSOLUTE)

    Execution Region ER_IROM1 (Exec base: 0x08000000, Load base: 0x08000000, Size: 0x00005e2c, Max: 0x00040000, ABSOLUTE)

    Exec Addr    Load Addr    Size         Type   Attr      Idx    E Section Name        Object

    0x08000000   0x08000000   0x00000194   Data   RO            3    RESET               startup_stm32f401xc.o
    0x08000194   0x08000194   0x00000008   Code   RO         6562  * !!!main             c_w.l(__main.o)
    0x0800019c   0x0800019c   0x00000034   Code   RO         6899    !!!scatter          c_w.l(__scatter.o)
    0x080001d0   0x080001d0   0x0000001a   Code   RO         6901    !!handler_copy      c_w.l(__scatter_copy.o)
    0x080001ea   0x080001ea   0x00000002   PAD
    0x080001ec   0x080001ec   0x0000001c   Code   RO         6903    !!handler_zi        c_w.l(__scatter_zi.o)
    0x08000208   0x08000208   0x00000002   Code   RO         6757    .ARM.Collect$$libinit$$00000000  c_w.l(libinit.o)
    0x0800020a   0x0800020a   0x00000004   Code   RO         6779    .ARM.Collect$$libinit$$00000001  c_w.l(libinit2.o)
    0x0800020e   0x0800020e   0x00000000   Code   RO         6782    .ARM.Collect$$libinit$$00000004  c_w.l(libinit2.o)
    0x0800020e   0x0800020e   0x00000000   Code   RO         6785    .ARM.Collect$$libinit$$0000000A  c_w.l(libinit2.o)
    0x0800020e   0x0800020e   0x00000000   Code   RO         6787    .ARM.Collect$$libinit$$0000000C  c_w.l(libinit2.o)
    0x0800020e   0x0800020e   0x00000000   Code   RO         6789    .ARM.Collect$$libinit$$0000000E  c_w.l(libinit2.o)
    0x0800020e   0x0800020e   0x00000000   Code   RO         6792    .ARM.Collect$$libinit$$00000011  c_w.l(libinit2.o)
    0x0800020e   0x0800020e   0x00000000   Code   RO         6794    .ARM.Collect$$libinit$$00000013  c_w.l(libinit2.o)
    0x0800020e   0x0800020e   0x00000000   Code   RO         6796    .ARM.Collect$$libinit$$00000015  c_w.l(libinit2.o)
    0x0800020e   0x0800020e   0x00000000   Code   RO         6798    .ARM.Collect$$libinit$$00000017  c_w.l(libinit2.o)
    0x0800020e   0x0800020e   0x00000000   Code   RO         6800    .ARM.Collect$$libinit$$00000019  c_w.l(libinit2.o)
    0x0800020e   0x0800020e   0x00000000   Code   RO         6802    .ARM.Collect$$libinit$$0000001B  c_w.l(libinit2.o)
    0x0800020e   0x0800020e   0x00000000   Code   RO         6804    .ARM.Collect$$libinit$$0000001D  c_w.l(libinit2.o)
    0x0800020e   0x0800020e   0x00000000   Code   RO         6806    .ARM.Collect$$libinit$$0000001F  c_w.l(libinit2.o)
    0x0800020e   0x0800020e   0x00000000   Code   RO         6808    .ARM.Collect$$libinit$$00000021  c_w.l(libinit2.o)
    0x0800020e   0x0800020e   0x00000000   Code   RO         6810    .ARM.Collect$$libinit$$00000023  c_w.l(libinit2.o)
    0x0800020e   0x0800020e   0x00000000   Code   RO         6812    .ARM.Collect$$libinit$$00000025  c_w.l(libinit2.o)
    0x0800020e   0x0800020e   0x00000000   Code   RO         6816    .ARM.Collect$$libinit$$0000002C  c_w.l(libinit2.o)
    0x0800020e   0x0800020e   0x00000000   Code   RO         6818    .ARM.Collect$$libinit$$0000002E  c_w.l(libinit2.o)
    0x0800020e   0x0800020e   0x00000000   Code   RO         6820    .ARM.Collect$$libinit$$00000030  c_w.l(libinit2.o)
    0x0800020e   0x0800020e   0x00000000   Code   RO         6822    .ARM.Collect$$libinit$$00000032  c_w.l(libinit2.o)
    0x0800020e   0x0800020e   0x00000002   Code   RO         6823    .ARM.Collect$$libinit$$00000033  c_w.l(libinit2.o)
    0x08000210   0x08000210   0x00000002   Code   RO         6854    .ARM.Collect$$libshutdown$$00000000  c_w.l(libshutdown.o)
    0x08000212   0x08000212   0x00000000   Code   RO         6880    .ARM.Collect$$libshutdown$$00000002  c_w.l(libshutdown2.o)
    0x08000212   0x08000212   0x00000000   Code   RO         6882    .ARM.Collect$$libshutdown$$00000004  c_w.l(libshutdown2.o)
    0x08000212   0x08000212   0x00000000   Code   RO         6884    .ARM.Collect$$libshutdown$$00000006  c_w.l(libshutdown2.o)
    0x08000212   0x08000212   0x00000000   Code   RO         6887    .ARM.Collect$$libshutdown$$00000009  c_w.l(libshutdown2.o)
    0x08000212   0x08000212   0x00000000   Code   RO         6890    .ARM.Collect$$libshutdown$$0000000C  c_w.l(libshutdown2.o)
    0x08000212   0x08000212   0x00000000   Code   RO         6892    .ARM.Collect$$libshutdown$$0000000E  c_w.l(libshutdown2.o)
    0x08000212   0x08000212   0x00000000   Code   RO         6895    .ARM.Collect$$libshutdown$$00000011  c_w.l(libshutdown2.o)
    0x08000212   0x08000212   0x00000002   Code   RO         6896    .ARM.Collect$$libshutdown$$00000012  c_w.l(libshutdown2.o)
    0x08000214   0x08000214   0x00000000   Code   RO         6564    .ARM.Collect$$rtentry$$00000000  c_w.l(__rtentry.o)
    0x08000214   0x08000214   0x00000000   Code   RO         6673    .ARM.Collect$$rtentry$$00000002  c_w.l(__rtentry2.o)
    0x08000214   0x08000214   0x00000006   Code   RO         6685    .ARM.Collect$$rtentry$$00000004  c_w.l(__rtentry4.o)
    0x0800021a   0x0800021a   0x00000000   Code   RO         6675    .ARM.Collect$$rtentry$$00000009  c_w.l(__rtentry2.o)
    0x0800021a   0x0800021a   0x00000004   Code   RO         6676    .ARM.Collect$$rtentry$$0000000A  c_w.l(__rtentry2.o)
    0x0800021e   0x0800021e   0x00000000   Code   RO         6678    .ARM.Collect$$rtentry$$0000000C  c_w.l(__rtentry2.o)
    0x0800021e   0x0800021e   0x00000008   Code   RO         6679    .ARM.Collect$$rtentry$$0000000D  c_w.l(__rtentry2.o)
    0x08000226   0x08000226   0x00000002   Code   RO         6766    .ARM.Collect$$rtexit$$00000000  c_w.l(rtexit.o)
    0x08000228   0x08000228   0x00000000   Code   RO         6827    .ARM.Collect$$rtexit$$00000002  c_w.l(rtexit2.o)
    0x08000228   0x08000228   0x00000004   Code   RO         6828    .ARM.Collect$$rtexit$$00000003  c_w.l(rtexit2.o)
    0x0800022c   0x0800022c   0x00000006   Code   RO         6829    .ARM.Collect$$rtexit$$00000004  c_w.l(rtexit2.o)
    0x08000232   0x08000232   0x00000002   PAD
    0x08000234   0x08000234   0x00000040   Code   RO            4    .text               startup_stm32f401xc.o
    0x08000274   0x08000274   0x000000ee   Code   RO         6552    .text               c_w.l(lludivv7m.o)
    0x08000362   0x08000362   0x0000004e   Code   RO         6558    .text               c_w.l(rt_memclr_w.o)
    0x080003b0   0x080003b0   0x00000006   Code   RO         6560    .text               c_w.l(heapauxi.o)
    0x080003b6   0x080003b6   0x0000004a   Code   RO         6707    .text               c_w.l(sys_stackheap_outer.o)
    0x08000400   0x08000400   0x00000012   Code   RO         6746    .text               c_w.l(exit.o)
    0x08000412   0x08000412   0x00000002   PAD
    0x08000414   0x08000414   0x00000008   Code   RO         6763    .text               c_w.l(libspace.o)
    0x0800041c   0x0800041c   0x0000000c   Code   RO         6824    .text               c_w.l(sys_exit.o)
    0x08000428   0x08000428   0x00000002   Code   RO         6843    .text               c_w.l(use_no_semi.o)
    0x0800042a   0x0800042a   0x00000000   Code   RO         6845    .text               c_w.l(indicate_semi.o)
    0x0800042a   0x0800042a   0x00000002   PAD
    0x0800042c   0x0800042c   0x00000128   Code   RO         2484    i.ADC_Init          stm32f4xx_hal_adc.o
    0x08000554   0x08000554   0x00000002   Code   RO          543    i.BusFault_Handler  stm32f4xx_it.o
    0x08000556   0x08000556   0x00000004   Code   RO         5381    i.CDC_Control_FS    usbd_cdc_if.o
    0x0800055a   0x0800055a   0x00000004   Code   RO         5382    i.CDC_DeInit_FS     usbd_cdc_if.o
    0x0800055e   0x0800055e   0x00000002   PAD
    0x08000560   0x08000560   0x00000024   Code   RO         5383    i.CDC_Init_FS       usbd_cdc_if.o
    0x08000584   0x08000584   0x00000018   Code   RO         5384    i.CDC_Receive_FS    usbd_cdc_if.o
    0x0800059c   0x0800059c   0x00000004   Code   RO         5385    i.CDC_TransmitCplt_FS  usbd_cdc_if.o
    0x080005a0   0x080005a0   0x0000000c   Code   RO          544    i.DMA1_Stream4_IRQHandler  stm32f4xx_it.o
    0x080005ac   0x080005ac   0x0000000c   Code   RO          545    i.DMA2_Stream0_IRQHandler  stm32f4xx_it.o
    0x080005b8   0x080005b8   0x0000000c   Code   RO          546    i.DMA2_Stream2_IRQHandler  stm32f4xx_it.o
    0x080005c4   0x080005c4   0x0000000c   Code   RO          547    i.DMA2_Stream3_IRQHandler  stm32f4xx_it.o
    0x080005d0   0x080005d0   0x0000000c   Code   RO          548    i.DMA2_Stream5_IRQHandler  stm32f4xx_it.o
    0x080005dc   0x080005dc   0x0000000c   Code   RO          549    i.DMA2_Stream6_IRQHandler  stm32f4xx_it.o
    0x080005e8   0x080005e8   0x0000000c   Code   RO          550    i.DMA2_Stream7_IRQHandler  stm32f4xx_it.o
    0x080005f4   0x080005f4   0x00000028   Code   RO         1766    i.DMA_CalcBaseAndBitshift  stm32f4xx_hal_dma.o
    0x0800061c   0x0800061c   0x00000054   Code   RO         1767    i.DMA_CheckFifoParam  stm32f4xx_hal_dma.o
    0x08000670   0x08000670   0x00000002   Code   RO          551    i.DebugMon_Handler  stm32f4xx_it.o
    0x08000672   0x08000672   0x00000004   Code   RO           13    i.Error_Handler     main.o
    0x08000676   0x08000676   0x00000002   PAD
    0x08000678   0x08000678   0x0000014c   Code   RO         2486    i.HAL_ADC_ConfigChannel  stm32f4xx_hal_adc.o
    0x080007c4   0x080007c4   0x00000054   Code   RO         2495    i.HAL_ADC_Init      stm32f4xx_hal_adc.o
    0x08000818   0x08000818   0x00000060   Code   RO          262    i.HAL_ADC_MspInit   adc.o
    0x08000878   0x08000878   0x00000024   Code   RO         1770    i.HAL_DMA_Abort_IT  stm32f4xx_hal_dma.o
    0x0800089c   0x0800089c   0x000001a0   Code   RO         1774    i.HAL_DMA_IRQHandler  stm32f4xx_hal_dma.o
    0x08000a3c   0x08000a3c   0x000000d4   Code   RO         1775    i.HAL_DMA_Init      stm32f4xx_hal_dma.o
    0x08000b10   0x08000b10   0x00000024   Code   RO         2230    i.HAL_Delay         stm32f4xx_hal.o
    0x08000b34   0x08000b34   0x000001e0   Code   RO         1662    i.HAL_GPIO_Init     stm32f4xx_hal_gpio.o
    0x08000d14   0x08000d14   0x0000000a   Code   RO         1666    i.HAL_GPIO_WritePin  stm32f4xx_hal_gpio.o
    0x08000d1e   0x08000d1e   0x00000002   PAD
    0x08000d20   0x08000d20   0x0000000c   Code   RO         2236    i.HAL_GetTick       stm32f4xx_hal.o
    0x08000d2c   0x08000d2c   0x000001f4   Code   RO         2938    i.HAL_I2SEx_FullDuplex_IRQHandler  stm32f4xx_hal_i2s_ex.o
    0x08000f20   0x08000f20   0x00000002   Code   RO         2942    i.HAL_I2SEx_TxRxCpltCallback  stm32f4xx_hal_i2s_ex.o
    0x08000f22   0x08000f22   0x00000002   Code   RO         2763    i.HAL_I2S_ErrorCallback  stm32f4xx_hal_i2s.o
    0x08000f24   0x08000f24   0x00000174   Code   RO         2767    i.HAL_I2S_Init      stm32f4xx_hal_i2s.o
    0x08001098   0x08001098   0x000000b8   Code   RO          328    i.HAL_I2S_MspInit   i2s.o
    0x08001150   0x08001150   0x00000002   Code   RO         2773    i.HAL_I2S_RxCpltCallback  stm32f4xx_hal_i2s.o
    0x08001152   0x08001152   0x00000002   Code   RO         2778    i.HAL_I2S_TxCpltCallback  stm32f4xx_hal_i2s.o
    0x08001154   0x08001154   0x00000010   Code   RO         2242    i.HAL_IncTick       stm32f4xx_hal.o
    0x08001164   0x08001164   0x00000034   Code   RO         2243    i.HAL_Init          stm32f4xx_hal.o
    0x08001198   0x08001198   0x00000040   Code   RO         2244    i.HAL_InitTick      stm32f4xx_hal.o
    0x080011d8   0x080011d8   0x00000030   Code   RO          673    i.HAL_MspInit       stm32f4xx_hal_msp.o
    0x08001208   0x08001208   0x0000001a   Code   RO         2078    i.HAL_NVIC_EnableIRQ  stm32f4xx_hal_cortex.o
    0x08001222   0x08001222   0x00000002   PAD
    0x08001224   0x08001224   0x00000040   Code   RO         2084    i.HAL_NVIC_SetPriority  stm32f4xx_hal_cortex.o
    0x08001264   0x08001264   0x00000024   Code   RO         2085    i.HAL_NVIC_SetPriorityGrouping  stm32f4xx_hal_cortex.o
    0x08001288   0x08001288   0x00000002   Code   RO          936    i.HAL_PCDEx_LPM_Callback  stm32f4xx_hal_pcd_ex.o
    0x0800128a   0x0800128a   0x00000008   Code   RO          937    i.HAL_PCDEx_SetRxFiFo  stm32f4xx_hal_pcd_ex.o
    0x08001292   0x08001292   0x00000044   Code   RO          938    i.HAL_PCDEx_SetTxFiFo  stm32f4xx_hal_pcd_ex.o
    0x080012d6   0x080012d6   0x00000008   Code   RO         5450    i.HAL_PCD_ConnectCallback  usbd_conf.o
    0x080012de   0x080012de   0x00000012   Code   RO         5451    i.HAL_PCD_DataInStageCallback  usbd_conf.o
    0x080012f0   0x080012f0   0x00000014   Code   RO         5452    i.HAL_PCD_DataOutStageCallback  usbd_conf.o
    0x08001304   0x08001304   0x00000008   Code   RO         5453    i.HAL_PCD_DisconnectCallback  usbd_conf.o
    0x0800130c   0x0800130c   0x0000001e   Code   RO          706    i.HAL_PCD_EP_Abort  stm32f4xx_hal_pcd.o
    0x0800132a   0x0800132a   0x0000004a   Code   RO          707    i.HAL_PCD_EP_Close  stm32f4xx_hal_pcd.o
    0x08001374   0x08001374   0x0000005a   Code   RO          708    i.HAL_PCD_EP_ClrStall  stm32f4xx_hal_pcd.o
    0x080013ce   0x080013ce   0x00000012   Code   RO          710    i.HAL_PCD_EP_GetRxCount  stm32f4xx_hal_pcd.o
    0x080013e0   0x080013e0   0x00000062   Code   RO          711    i.HAL_PCD_EP_Open   stm32f4xx_hal_pcd.o
    0x08001442   0x08001442   0x00000038   Code   RO          712    i.HAL_PCD_EP_Receive  stm32f4xx_hal_pcd.o
    0x0800147a   0x0800147a   0x00000072   Code   RO          713    i.HAL_PCD_EP_SetStall  stm32f4xx_hal_pcd.o
    0x080014ec   0x080014ec   0x00000032   Code   RO          714    i.HAL_PCD_EP_Transmit  stm32f4xx_hal_pcd.o
    0x0800151e   0x0800151e   0x00000002   PAD
    0x08001520   0x08001520   0x0000055c   Code   RO          716    i.HAL_PCD_IRQHandler  stm32f4xx_hal_pcd.o
    0x08001a7c   0x08001a7c   0x00000008   Code   RO         5454    i.HAL_PCD_ISOINIncompleteCallback  usbd_conf.o
    0x08001a84   0x08001a84   0x00000008   Code   RO         5455    i.HAL_PCD_ISOOUTIncompleteCallback  usbd_conf.o
    0x08001a8c   0x08001a8c   0x000000cc   Code   RO          719    i.HAL_PCD_Init      stm32f4xx_hal_pcd.o
    0x08001b58   0x08001b58   0x00000084   Code   RO         5457    i.HAL_PCD_MspInit   usbd_conf.o
    0x08001bdc   0x08001bdc   0x00000026   Code   RO         5458    i.HAL_PCD_ResetCallback  usbd_conf.o
    0x08001c02   0x08001c02   0x00000008   Code   RO         5459    i.HAL_PCD_ResumeCallback  usbd_conf.o
    0x08001c0a   0x08001c0a   0x00000008   Code   RO         5460    i.HAL_PCD_SOFCallback  usbd_conf.o
    0x08001c12   0x08001c12   0x00000026   Code   RO          725    i.HAL_PCD_SetAddress  stm32f4xx_hal_pcd.o
    0x08001c38   0x08001c38   0x0000000e   Code   RO         5461    i.HAL_PCD_SetupStageCallback  usbd_conf.o
    0x08001c46   0x08001c46   0x00000042   Code   RO          728    i.HAL_PCD_Start     stm32f4xx_hal_pcd.o
    0x08001c88   0x08001c88   0x00000030   Code   RO         5462    i.HAL_PCD_SuspendCallback  usbd_conf.o
    0x08001cb8   0x08001cb8   0x00000060   Code   RO         1388    i.HAL_RCCEx_GetPeriphCLKFreq  stm32f4xx_hal_rcc_ex.o
    0x08001d18   0x08001d18   0x00000150   Code   RO         1389    i.HAL_RCCEx_PeriphCLKConfig  stm32f4xx_hal_rcc_ex.o
    0x08001e68   0x08001e68   0x00000134   Code   RO         1284    i.HAL_RCC_ClockConfig  stm32f4xx_hal_rcc.o
    0x08001f9c   0x08001f9c   0x0000000c   Code   RO         1289    i.HAL_RCC_GetHCLKFreq  stm32f4xx_hal_rcc.o
    0x08001fa8   0x08001fa8   0x00000020   Code   RO         1291    i.HAL_RCC_GetPCLK1Freq  stm32f4xx_hal_rcc.o
    0x08001fc8   0x08001fc8   0x00000020   Code   RO         1292    i.HAL_RCC_GetPCLK2Freq  stm32f4xx_hal_rcc.o
    0x08001fe8   0x08001fe8   0x00000060   Code   RO         1293    i.HAL_RCC_GetSysClockFreq  stm32f4xx_hal_rcc.o
    0x08002048   0x08002048   0x0000036c   Code   RO         1296    i.HAL_RCC_OscConfig  stm32f4xx_hal_rcc.o
    0x080023b4   0x080023b4   0x00000002   Code   RO         3309    i.HAL_SD_AbortCallback  stm32f4xx_hal_sd.o
    0x080023b6   0x080023b6   0x00000002   PAD
    0x080023b8   0x080023b8   0x00000118   Code   RO         3311    i.HAL_SD_ConfigWideBusOperation  stm32f4xx_hal_sd.o
    0x080024d0   0x080024d0   0x00000002   Code   RO         3314    i.HAL_SD_ErrorCallback  stm32f4xx_hal_sd.o
    0x080024d2   0x080024d2   0x00000002   PAD
    0x080024d4   0x080024d4   0x00000198   Code   RO         3316    i.HAL_SD_GetCardCSD  stm32f4xx_hal_sd.o
    0x0800266c   0x0800266c   0x0000002c   Code   RO         3318    i.HAL_SD_GetCardState  stm32f4xx_hal_sd.o
    0x08002698   0x08002698   0x00000208   Code   RO         3322    i.HAL_SD_IRQHandler  stm32f4xx_hal_sd.o
    0x080028a0   0x080028a0   0x00000036   Code   RO         3323    i.HAL_SD_Init       stm32f4xx_hal_sd.o
    0x080028d6   0x080028d6   0x00000002   PAD
    0x080028d8   0x080028d8   0x0000007c   Code   RO         3324    i.HAL_SD_InitCard   stm32f4xx_hal_sd.o
    0x08002954   0x08002954   0x00000144   Code   RO          370    i.HAL_SD_MspInit    sdio.o
    0x08002a98   0x08002a98   0x00000002   Code   RO         3330    i.HAL_SD_RxCpltCallback  stm32f4xx_hal_sd.o
    0x08002a9a   0x08002a9a   0x00000002   Code   RO         3331    i.HAL_SD_TxCpltCallback  stm32f4xx_hal_sd.o
    0x08002a9c   0x08002a9c   0x000000bc   Code   RO         3562    i.HAL_SPI_Init      stm32f4xx_hal_spi.o
    0x08002b58   0x08002b58   0x000000d8   Code   RO          412    i.HAL_SPI_MspInit   spi.o
    0x08002c30   0x08002c30   0x00000028   Code   RO         2089    i.HAL_SYSTICK_Config  stm32f4xx_hal_cortex.o
    0x08002c58   0x08002c58   0x0000007c   Code   RO         4598    i.HAL_TIMEx_MasterConfigSynchronization  stm32f4xx_hal_tim_ex.o
    0x08002cd4   0x08002cd4   0x0000005a   Code   RO         3875    i.HAL_TIM_Base_Init  stm32f4xx_hal_tim.o
    0x08002d2e   0x08002d2e   0x00000002   PAD
    0x08002d30   0x08002d30   0x00000034   Code   RO          454    i.HAL_TIM_Base_MspInit  tim.o
    0x08002d64   0x08002d64   0x000000dc   Code   RO         3884    i.HAL_TIM_ConfigClockSource  stm32f4xx_hal_tim.o
    0x08002e40   0x08002e40   0x00000064   Code   RO         4876    i.HAL_UART_Init     stm32f4xx_hal_uart.o
    0x08002ea4   0x08002ea4   0x000000e0   Code   RO          502    i.HAL_UART_MspInit  usart.o
    0x08002f84   0x08002f84   0x00000002   Code   RO          552    i.HardFault_Handler  stm32f4xx_it.o
    0x08002f86   0x08002f86   0x00000002   PAD
    0x08002f88   0x08002f88   0x00000060   Code   RO         2945    i.I2SEx_RxISR_I2SExt  stm32f4xx_hal_i2s_ex.o
    0x08002fe8   0x08002fe8   0x00000060   Code   RO         2946    i.I2SEx_TxISR_I2SExt  stm32f4xx_hal_i2s_ex.o
    0x08003048   0x08003048   0x000000f2   Code   RO         2785    i.I2S_IRQHandler    stm32f4xx_hal_i2s.o
    0x0800313a   0x0800313a   0x00000002   PAD
    0x0800313c   0x0800313c   0x00000038   Code   RO         5295    i.IntToUnicode      usbd_desc.o
    0x08003174   0x08003174   0x0000009c   Code   RO          263    i.MX_ADC1_Init      adc.o
    0x08003210   0x08003210   0x0000009c   Code   RO          303    i.MX_DMA_Init       dma.o
    0x080032ac   0x080032ac   0x000000ec   Code   RO          237    i.MX_GPIO_Init      gpio.o
    0x08003398   0x08003398   0x0000003c   Code   RO          329    i.MX_I2S2_Init      i2s.o
    0x080033d4   0x080033d4   0x00000040   Code   RO          371    i.MX_SDIO_SD_Init   sdio.o
    0x08003414   0x08003414   0x00000044   Code   RO          413    i.MX_SPI1_Init      spi.o
    0x08003458   0x08003458   0x00000068   Code   RO          455    i.MX_TIM1_Init      tim.o
    0x080034c0   0x080034c0   0x00000064   Code   RO          456    i.MX_TIM2_Init      tim.o
    0x08003524   0x08003524   0x00000038   Code   RO          503    i.MX_USART1_UART_Init  usart.o
    0x0800355c   0x0800355c   0x00000054   Code   RO         5247    i.MX_USB_DEVICE_Init  usb_device.o
    0x080035b0   0x080035b0   0x00000002   Code   RO          553    i.MemManage_Handler  stm32f4xx_it.o
    0x080035b2   0x080035b2   0x00000002   Code   RO          554    i.NMI_Handler       stm32f4xx_it.o
    0x080035b4   0x080035b4   0x0000000c   Code   RO          555    i.OTG_FS_IRQHandler  stm32f4xx_it.o
    0x080035c0   0x080035c0   0x000000cc   Code   RO          732    i.PCD_EP_OutXfrComplete_int  stm32f4xx_hal_pcd.o
    0x0800368c   0x0800368c   0x000000a2   Code   RO          733    i.PCD_WriteEmptyTxFifo  stm32f4xx_hal_pcd.o
    0x0800372e   0x0800372e   0x00000002   Code   RO          556    i.PendSV_Handler    stm32f4xx_it.o
    0x08003730   0x08003730   0x00000024   Code   RO         3022    i.SDIO_ConfigData   stm32f4xx_ll_sdmmc.o
    0x08003754   0x08003754   0x00000008   Code   RO         3026    i.SDIO_GetPowerState  stm32f4xx_ll_sdmmc.o
    0x0800375c   0x0800375c   0x00000006   Code   RO         3027    i.SDIO_GetResponse  stm32f4xx_ll_sdmmc.o
    0x08003762   0x08003762   0x00000002   PAD
    0x08003764   0x08003764   0x0000000c   Code   RO          557    i.SDIO_IRQHandler   stm32f4xx_it.o
    0x08003770   0x08003770   0x00000024   Code   RO         3028    i.SDIO_Init         stm32f4xx_ll_sdmmc.o
    0x08003794   0x08003794   0x00000008   Code   RO         3030    i.SDIO_PowerState_ON  stm32f4xx_ll_sdmmc.o
    0x0800379c   0x0800379c   0x00000006   Code   RO         3031    i.SDIO_ReadFIFO     stm32f4xx_ll_sdmmc.o
    0x080037a2   0x080037a2   0x00000020   Code   RO         3032    i.SDIO_SendCommand  stm32f4xx_ll_sdmmc.o
    0x080037c2   0x080037c2   0x0000000a   Code   RO         3034    i.SDIO_WriteFIFO    stm32f4xx_ll_sdmmc.o
    0x080037cc   0x080037cc   0x00000032   Code   RO         3035    i.SDMMC_CmdAppCommand  stm32f4xx_ll_sdmmc.o
    0x080037fe   0x080037fe   0x00000002   PAD
    0x08003800   0x08003800   0x00000034   Code   RO         3036    i.SDMMC_CmdAppOperCommand  stm32f4xx_ll_sdmmc.o
    0x08003834   0x08003834   0x00000032   Code   RO         3037    i.SDMMC_CmdBlockLength  stm32f4xx_ll_sdmmc.o
    0x08003866   0x08003866   0x00000032   Code   RO         3038    i.SDMMC_CmdBusWidth  stm32f4xx_ll_sdmmc.o
    0x08003898   0x08003898   0x00000050   Code   RO         3042    i.SDMMC_CmdGoIdleState  stm32f4xx_ll_sdmmc.o
    0x080038e8   0x080038e8   0x00000030   Code   RO         3044    i.SDMMC_CmdOperCond  stm32f4xx_ll_sdmmc.o
    0x08003918   0x08003918   0x00000032   Code   RO         3049    i.SDMMC_CmdSelDesel  stm32f4xx_ll_sdmmc.o
    0x0800394a   0x0800394a   0x0000002c   Code   RO         3050    i.SDMMC_CmdSendCID  stm32f4xx_ll_sdmmc.o
    0x08003976   0x08003976   0x0000002c   Code   RO         3051    i.SDMMC_CmdSendCSD  stm32f4xx_ll_sdmmc.o
    0x080039a2   0x080039a2   0x00000030   Code   RO         3053    i.SDMMC_CmdSendSCR  stm32f4xx_ll_sdmmc.o
    0x080039d2   0x080039d2   0x00000032   Code   RO         3054    i.SDMMC_CmdSendStatus  stm32f4xx_ll_sdmmc.o
    0x08003a04   0x08003a04   0x00000030   Code   RO         3055    i.SDMMC_CmdSetRelAdd  stm32f4xx_ll_sdmmc.o
    0x08003a34   0x08003a34   0x00000034   Code   RO         3058    i.SDMMC_CmdStopTransfer  stm32f4xx_ll_sdmmc.o
    0x08003a68   0x08003a68   0x00000120   Code   RO         3062    i.SDMMC_GetCmdResp1  stm32f4xx_ll_sdmmc.o
    0x08003b88   0x08003b88   0x00000050   Code   RO         3063    i.SDMMC_GetCmdResp2  stm32f4xx_ll_sdmmc.o
    0x08003bd8   0x08003bd8   0x00000044   Code   RO         3064    i.SDMMC_GetCmdResp3  stm32f4xx_ll_sdmmc.o
    0x08003c1c   0x08003c1c   0x00000088   Code   RO         3065    i.SDMMC_GetCmdResp6  stm32f4xx_ll_sdmmc.o
    0x08003ca4   0x08003ca4   0x00000058   Code   RO         3066    i.SDMMC_GetCmdResp7  stm32f4xx_ll_sdmmc.o
    0x08003cfc   0x08003cfc   0x00000044   Code   RO         3337    i.SD_DMARxAbort     stm32f4xx_hal_sd.o
    0x08003d40   0x08003d40   0x00000044   Code   RO         3339    i.SD_DMATxAbort     stm32f4xx_hal_sd.o
    0x08003d84   0x08003d84   0x000000e0   Code   RO         3340    i.SD_FindSCR        stm32f4xx_hal_sd.o
    0x08003e64   0x08003e64   0x000000ee   Code   RO         3341    i.SD_InitCard       stm32f4xx_hal_sd.o
    0x08003f52   0x08003f52   0x00000002   PAD
    0x08003f54   0x08003f54   0x000000b4   Code   RO         3342    i.SD_PowerON        stm32f4xx_hal_sd.o
    0x08004008   0x08004008   0x00000002   Code   RO          558    i.SVC_Handler       stm32f4xx_it.o
    0x0800400a   0x0800400a   0x0000000a   Code   RO         5816    i.SWAPBYTE          usbd_ctlreq.o
    0x08004014   0x08004014   0x00000004   Code   RO          559    i.SysTick_Handler   stm32f4xx_it.o
    0x08004018   0x08004018   0x00000090   Code   RO           14    i.SystemClock_Config  main.o
    0x080040a8   0x080040a8   0x00000010   Code   RO         5210    i.SystemInit        system_stm32f4xx.o
    0x080040b8   0x080040b8   0x000000a4   Code   RO         3968    i.TIM_Base_SetConfig  stm32f4xx_hal_tim.o
    0x0800415c   0x0800415c   0x00000014   Code   RO         3979    i.TIM_ETR_SetConfig  stm32f4xx_hal_tim.o
    0x08004170   0x08004170   0x00000010   Code   RO         3980    i.TIM_ITRx_SetConfig  stm32f4xx_hal_tim.o
    0x08004180   0x08004180   0x00000022   Code   RO         3986    i.TIM_TI1_ConfigInputStage  stm32f4xx_hal_tim.o
    0x080041a2   0x080041a2   0x00000024   Code   RO         3988    i.TIM_TI2_ConfigInputStage  stm32f4xx_hal_tim.o
    0x080041c6   0x080041c6   0x00000002   PAD
    0x080041c8   0x080041c8   0x0000010c   Code   RO         4902    i.UART_SetConfig    stm32f4xx_hal_uart.o
    0x080042d4   0x080042d4   0x00000076   Code   RO         5954    i.USBD_CDC_DataIn   usbd_cdc.o
    0x0800434a   0x0800434a   0x0000003c   Code   RO         5955    i.USBD_CDC_DataOut  usbd_cdc.o
    0x08004386   0x08004386   0x00000002   PAD
    0x08004388   0x08004388   0x00000090   Code   RO         5956    i.USBD_CDC_DeInit   usbd_cdc.o
    0x08004418   0x08004418   0x00000036   Code   RO         5957    i.USBD_CDC_EP0_RxReady  usbd_cdc.o
    0x0800444e   0x0800444e   0x00000002   PAD
    0x08004450   0x08004450   0x0000000c   Code   RO         5958    i.USBD_CDC_GetDeviceQualifierDescriptor  usbd_cdc.o
    0x0800445c   0x0800445c   0x0000003c   Code   RO         5959    i.USBD_CDC_GetFSCfgDesc  usbd_cdc.o
    0x08004498   0x08004498   0x00000040   Code   RO         5960    i.USBD_CDC_GetHSCfgDesc  usbd_cdc.o
    0x080044d8   0x080044d8   0x0000003c   Code   RO         5961    i.USBD_CDC_GetOtherSpeedCfgDesc  usbd_cdc.o
    0x08004514   0x08004514   0x00000118   Code   RO         5962    i.USBD_CDC_Init     usbd_cdc.o
    0x0800462c   0x0800462c   0x00000038   Code   RO         5963    i.USBD_CDC_ReceivePacket  usbd_cdc.o
    0x08004664   0x08004664   0x00000016   Code   RO         5964    i.USBD_CDC_RegisterInterface  usbd_cdc.o
    0x0800467a   0x0800467a   0x0000001a   Code   RO         5965    i.USBD_CDC_SetRxBuffer  usbd_cdc.o
    0x08004694   0x08004694   0x0000001e   Code   RO         5966    i.USBD_CDC_SetTxBuffer  usbd_cdc.o
    0x080046b2   0x080046b2   0x000000d4   Code   RO         5967    i.USBD_CDC_Setup    usbd_cdc.o
    0x08004786   0x08004786   0x00000014   Code   RO         5657    i.USBD_ClrClassConfig  usbd_core.o
    0x0800479a   0x0800479a   0x00000004   Code   RO         5658    i.USBD_CoreFindEP   usbd_core.o
    0x0800479e   0x0800479e   0x00000004   Code   RO         5659    i.USBD_CoreFindIF   usbd_core.o
    0x080047a2   0x080047a2   0x00000010   Code   RO         5894    i.USBD_CtlContinueRx  usbd_ioreq.o
    0x080047b2   0x080047b2   0x00000010   Code   RO         5895    i.USBD_CtlContinueSendData  usbd_ioreq.o
    0x080047c2   0x080047c2   0x00000016   Code   RO         5817    i.USBD_CtlError     usbd_ctlreq.o
    0x080047d8   0x080047d8   0x0000001e   Code   RO         5896    i.USBD_CtlPrepareRx  usbd_ioreq.o
    0x080047f6   0x080047f6   0x00000016   Code   RO         5897    i.USBD_CtlReceiveStatus  usbd_ioreq.o
    0x0800480c   0x0800480c   0x0000001a   Code   RO         5898    i.USBD_CtlSendData  usbd_ioreq.o
    0x08004826   0x08004826   0x00000016   Code   RO         5899    i.USBD_CtlSendStatus  usbd_ioreq.o
    0x0800483c   0x0800483c   0x00000020   Code   RO         5296    i.USBD_FS_ConfigStrDescriptor  usbd_desc.o
    0x0800485c   0x0800485c   0x0000000c   Code   RO         5297    i.USBD_FS_DeviceDescriptor  usbd_desc.o
    0x08004868   0x08004868   0x00000024   Code   RO         5298    i.USBD_FS_InterfaceStrDescriptor  usbd_desc.o
    0x0800488c   0x0800488c   0x0000000c   Code   RO         5299    i.USBD_FS_LangIDStrDescriptor  usbd_desc.o
    0x08004898   0x08004898   0x0000001c   Code   RO         5300    i.USBD_FS_ManufacturerStrDescriptor  usbd_desc.o
    0x080048b4   0x080048b4   0x0000002c   Code   RO         5301    i.USBD_FS_ProductStrDescriptor  usbd_desc.o
    0x080048e0   0x080048e0   0x00000038   Code   RO         5302    i.USBD_FS_SerialStrDescriptor  usbd_desc.o
    0x08004918   0x08004918   0x000000e6   Code   RO         5818    i.USBD_GetDescriptor  usbd_ctlreq.o
    0x080049fe   0x080049fe   0x0000003a   Code   RO         5661    i.USBD_GetEpDesc    usbd_core.o
    0x08004a38   0x08004a38   0x00000014   Code   RO         5819    i.USBD_GetLen       usbd_ctlreq.o
    0x08004a4c   0x08004a4c   0x0000000e   Code   RO         5662    i.USBD_GetNextDesc  usbd_core.o
    0x08004a5a   0x08004a5a   0x0000004e   Code   RO         5820    i.USBD_GetString    usbd_ctlreq.o
    0x08004aa8   0x08004aa8   0x00000018   Code   RO         5463    i.USBD_Get_USB_Status  usbd_conf.o
    0x08004ac0   0x08004ac0   0x00000026   Code   RO         5663    i.USBD_Init         usbd_core.o
    0x08004ae6   0x08004ae6   0x00000012   Code   RO         5464    i.USBD_LL_ClearStallEP  usbd_conf.o
    0x08004af8   0x08004af8   0x00000012   Code   RO         5465    i.USBD_LL_CloseEP   usbd_conf.o
    0x08004b0a   0x08004b0a   0x000000b6   Code   RO         5664    i.USBD_LL_DataInStage  usbd_core.o
    0x08004bc0   0x08004bc0   0x0000008e   Code   RO         5665    i.USBD_LL_DataOutStage  usbd_core.o
    0x08004c4e   0x08004c4e   0x00000004   Code   RO         5666    i.USBD_LL_DevConnected  usbd_core.o
    0x08004c52   0x08004c52   0x0000001e   Code   RO         5667    i.USBD_LL_DevDisconnected  usbd_core.o
    0x08004c70   0x08004c70   0x00000008   Code   RO         5469    i.USBD_LL_GetRxDataSize  usbd_conf.o
    0x08004c78   0x08004c78   0x00000060   Code   RO         5470    i.USBD_LL_Init      usbd_conf.o
    0x08004cd8   0x08004cd8   0x0000001e   Code   RO         5471    i.USBD_LL_IsStallEP  usbd_conf.o
    0x08004cf6   0x08004cf6   0x00000028   Code   RO         5668    i.USBD_LL_IsoINIncomplete  usbd_core.o
    0x08004d1e   0x08004d1e   0x00000028   Code   RO         5669    i.USBD_LL_IsoOUTIncomplete  usbd_core.o
    0x08004d46   0x08004d46   0x00000018   Code   RO         5472    i.USBD_LL_OpenEP    usbd_conf.o
    0x08004d5e   0x08004d5e   0x00000012   Code   RO         5473    i.USBD_LL_PrepareReceive  usbd_conf.o
    0x08004d70   0x08004d70   0x0000005c   Code   RO         5670    i.USBD_LL_Reset     usbd_core.o
    0x08004dcc   0x08004dcc   0x00000014   Code   RO         5671    i.USBD_LL_Resume    usbd_core.o
    0x08004de0   0x08004de0   0x0000001a   Code   RO         5672    i.USBD_LL_SOF       usbd_core.o
    0x08004dfa   0x08004dfa   0x00000006   Code   RO         5673    i.USBD_LL_SetSpeed  usbd_core.o
    0x08004e00   0x08004e00   0x00000012   Code   RO         5474    i.USBD_LL_SetUSBAddress  usbd_conf.o
    0x08004e12   0x08004e12   0x00000060   Code   RO         5674    i.USBD_LL_SetupStage  usbd_core.o
    0x08004e72   0x08004e72   0x00000012   Code   RO         5475    i.USBD_LL_StallEP   usbd_conf.o
    0x08004e84   0x08004e84   0x00000012   Code   RO         5476    i.USBD_LL_Start     usbd_conf.o
    0x08004e96   0x08004e96   0x0000001a   Code   RO         5675    i.USBD_LL_Suspend   usbd_core.o
    0x08004eb0   0x08004eb0   0x00000012   Code   RO         5478    i.USBD_LL_Transmit  usbd_conf.o
    0x08004ec2   0x08004ec2   0x0000002c   Code   RO         5821    i.USBD_ParseSetupRequest  usbd_ctlreq.o
    0x08004eee   0x08004eee   0x0000003a   Code   RO         5676    i.USBD_RegisterClass  usbd_core.o
    0x08004f28   0x08004f28   0x00000014   Code   RO         5678    i.USBD_SetClassConfig  usbd_core.o
    0x08004f3c   0x08004f3c   0x000000b8   Code   RO         5822    i.USBD_SetConfig    usbd_ctlreq.o
    0x08004ff4   0x08004ff4   0x00000004   Code   RO         5679    i.USBD_Start        usbd_core.o
    0x08004ff8   0x08004ff8   0x0000012c   Code   RO         5823    i.USBD_StdDevReq    usbd_ctlreq.o
    0x08005124   0x08005124   0x00000160   Code   RO         5824    i.USBD_StdEPReq     usbd_ctlreq.o
    0x08005284   0x08005284   0x00000072   Code   RO         5825    i.USBD_StdItfReq    usbd_ctlreq.o
    0x080052f6   0x080052f6   0x00000002   Code   RO         5479    i.USBD_static_free  usbd_conf.o
    0x080052f8   0x080052f8   0x00000008   Code   RO         5480    i.USBD_static_malloc  usbd_conf.o
    0x08005300   0x08005300   0x00000080   Code   RO          978    i.USB_ActivateEndpoint  stm32f4xx_ll_usb.o
    0x08005380   0x08005380   0x0000001c   Code   RO          980    i.USB_ActivateSetup  stm32f4xx_ll_usb.o
    0x0800539c   0x0800539c   0x00000084   Code   RO          982    i.USB_CoreInit      stm32f4xx_ll_usb.o
    0x08005420   0x08005420   0x0000003c   Code   RO          983    i.USB_CoreReset     stm32f4xx_ll_usb.o
    0x0800545c   0x0800545c   0x000000cc   Code   RO          986    i.USB_DeactivateEndpoint  stm32f4xx_ll_usb.o
    0x08005528   0x08005528   0x0000001c   Code   RO          987    i.USB_DevConnect    stm32f4xx_ll_usb.o
    0x08005544   0x08005544   0x0000001c   Code   RO          988    i.USB_DevDisconnect  stm32f4xx_ll_usb.o
    0x08005560   0x08005560   0x0000017c   Code   RO          989    i.USB_DevInit       stm32f4xx_ll_usb.o
    0x080056dc   0x080056dc   0x0000000c   Code   RO          990    i.USB_DisableGlobalInt  stm32f4xx_ll_usb.o
    0x080056e8   0x080056e8   0x00000058   Code   RO          993    i.USB_EP0_OutStart  stm32f4xx_ll_usb.o
    0x08005740   0x08005740   0x00000058   Code   RO          994    i.USB_EPClearStall  stm32f4xx_ll_usb.o
    0x08005798   0x08005798   0x00000058   Code   RO          995    i.USB_EPSetStall    stm32f4xx_ll_usb.o
    0x080057f0   0x080057f0   0x00000238   Code   RO          996    i.USB_EPStartXfer   stm32f4xx_ll_usb.o
    0x08005a28   0x08005a28   0x0000009e   Code   RO          997    i.USB_EPStopXfer    stm32f4xx_ll_usb.o
    0x08005ac6   0x08005ac6   0x0000000c   Code   RO          998    i.USB_EnableGlobalInt  stm32f4xx_ll_usb.o
    0x08005ad2   0x08005ad2   0x00000038   Code   RO          999    i.USB_FlushRxFifo   stm32f4xx_ll_usb.o
    0x08005b0a   0x08005b0a   0x0000003c   Code   RO         1000    i.USB_FlushTxFifo   stm32f4xx_ll_usb.o
    0x08005b46   0x08005b46   0x0000001a   Code   RO         1002    i.USB_GetDevSpeed   stm32f4xx_ll_usb.o
    0x08005b60   0x08005b60   0x00000008   Code   RO         1004    i.USB_GetMode       stm32f4xx_ll_usb.o
    0x08005b68   0x08005b68   0x0000000e   Code   RO         1012    i.USB_ReadDevAllInEpInterrupt  stm32f4xx_ll_usb.o
    0x08005b76   0x08005b76   0x0000000e   Code   RO         1013    i.USB_ReadDevAllOutEpInterrupt  stm32f4xx_ll_usb.o
    0x08005b84   0x08005b84   0x00000024   Code   RO         1014    i.USB_ReadDevInEPInterrupt  stm32f4xx_ll_usb.o
    0x08005ba8   0x08005ba8   0x00000010   Code   RO         1015    i.USB_ReadDevOutEPInterrupt  stm32f4xx_ll_usb.o
    0x08005bb8   0x08005bb8   0x00000008   Code   RO         1016    i.USB_ReadInterrupts  stm32f4xx_ll_usb.o
    0x08005bc0   0x08005bc0   0x0000003e   Code   RO         1017    i.USB_ReadPacket    stm32f4xx_ll_usb.o
    0x08005bfe   0x08005bfe   0x0000005c   Code   RO         1019    i.USB_SetCurrentMode  stm32f4xx_ll_usb.o
    0x08005c5a   0x08005c5a   0x00000022   Code   RO         1020    i.USB_SetDevAddress  stm32f4xx_ll_usb.o
    0x08005c7c   0x08005c7c   0x000000e8   Code   RO         1022    i.USB_SetTurnaroundTime  stm32f4xx_ll_usb.o
    0x08005d64   0x08005d64   0x00000028   Code   RO         1025    i.USB_WritePacket   stm32f4xx_ll_usb.o
    0x08005d8c   0x08005d8c   0x00000002   Code   RO          560    i.UsageFault_Handler  stm32f4xx_it.o
    0x08005d8e   0x08005d8e   0x00000020   Code   RO         2091    i.__NVIC_SetPriority  stm32f4xx_hal_cortex.o
    0x08005dae   0x08005dae   0x00000032   Code   RO           16    i.main              main.o
    0x08005de0   0x08005de0   0x0000000a   Code   RO         6839    x$fpl$fpinit        fz_wm.l(fpinit.o)
    0x08005dea   0x08005dea   0x00000008   Data   RO         1781    .constdata          stm32f4xx_hal_dma.o
    0x08005df2   0x08005df2   0x00000010   Data   RO         5211    .constdata          system_stm32f4xx.o
    0x08005e02   0x08005e02   0x00000008   Data   RO         5212    .constdata          system_stm32f4xx.o
    0x08005e0a   0x08005e0a   0x00000002   PAD
    0x08005e0c   0x08005e0c   0x00000020   Data   RO         6897    Region$$Table       anon$$obj.o


    Execution Region RW_IRAM1 (Exec base: 0x20000000, Load base: 0x08005e2c, Size: 0x00004a28, Max: 0x00010000, ABSOLUTE)

    Exec Addr    Load Addr    Size         Type   Attr      Idx    E Section Name        Object

    0x20000000   0x08005e2c   0x0000000c   Data   RW         2250    .data               stm32f4xx_hal.o
    0x2000000c   0x08005e38   0x00000004   Data   RW         5213    .data               system_stm32f4xx.o
    0x20000010   0x08005e3c   0x0000001c   Data   RW         5304    .data               usbd_desc.o
    0x2000002c   0x08005e58   0x00000032   Data   RW         5305    .data               usbd_desc.o
    0x2000005e   0x08005e8a   0x00000002   PAD
    0x20000060   0x08005e8c   0x00000014   Data   RW         5389    .data               usbd_cdc_if.o
    0x20000074   0x08005ea0   0x00000001   Data   RW         5826    .data               usbd_ctlreq.o
    0x20000075   0x08005ea1   0x00000003   PAD
    0x20000078   0x08005ea4   0x00000053   Data   RW         5969    .data               usbd_cdc.o
    0x200000cb   0x08005ef7   0x00000001   PAD
    0x200000cc   0x08005ef8   0x00000038   Data   RW         5970    .data               usbd_cdc.o
    0x20000104        -       0x00000048   Zero   RW          264    .bss                adc.o
    0x2000014c        -       0x000000a8   Zero   RW          330    .bss                i2s.o
    0x200001f4        -       0x00000144   Zero   RW          372    .bss                sdio.o
    0x20000338        -       0x00000118   Zero   RW          414    .bss                spi.o
    0x20000450        -       0x00000090   Zero   RW          457    .bss                tim.o
    0x200004e0        -       0x00000108   Zero   RW          504    .bss                usart.o
    0x200005e8        -       0x000002dc   Zero   RW         5248    .bss                usb_device.o
    0x200008c4        -       0x00000200   Zero   RW         5303    .bss                usbd_desc.o
    0x20000ac4        -       0x00000800   Zero   RW         5388    .bss                usbd_cdc_if.o
    0x200012c4        -       0x00000704   Zero   RW         5481    .bss                usbd_conf.o
    0x200019c8        -       0x00000060   Zero   RW         6764    .bss                c_w.l(libspace.o)
    0x20001a28        -       0x00001000   Zero   RW            2    HEAP                startup_stm32f401xc.o
    0x20002a28        -       0x00002000   Zero   RW            1    STACK               startup_stm32f401xc.o


==============================================================================

Image component sizes


      Code (inc. data)   RO Data    RW Data    ZI Data      Debug   Object Name

       252         24          0          0         72       1733   adc.o
       156          4          0          0          0        850   dma.o
       236         16          0          0          0       1019   gpio.o
       244         28          0          0        168       1806   i2s.o
       198          8          0          0          0     482952   main.o
       388         32          0          0        324       1927   sdio.o
       284         30          0          0        280       1851   spi.o
        64         26        404          0      12288        840   startup_stm32f401xc.o
       180         28          0         12          0       9229   stm32f4xx_hal.o
       712         28          0          0          0       2859   stm32f4xx_hal_adc.o
       198         14          0          0          0      33943   stm32f4xx_hal_cortex.o
       788         16          8          0          0       4699   stm32f4xx_hal_dma.o
       490         34          0          0          0       2156   stm32f4xx_hal_gpio.o
       620         18          0          0          0       4157   stm32f4xx_hal_i2s.o
       694         24          0          0          0       3719   stm32f4xx_hal_i2s_ex.o
        48          6          0          0          0        850   stm32f4xx_hal_msp.o
      2576         12          0          0          0      13484   stm32f4xx_hal_pcd.o
        78          0          0          0          0       2377   stm32f4xx_hal_pcd_ex.o
      1356         78          0          0          0       5684   stm32f4xx_hal_rcc.o
       432         44          0          0          0       2269   stm32f4xx_hal_rcc_ex.o
      2216         32          0          0          0      13176   stm32f4xx_hal_sd.o
       188          0          0          0          0       1207   stm32f4xx_hal_spi.o
       580         28          0          0          0       6271   stm32f4xx_hal_tim.o
       124         20          0          0          0       1364   stm32f4xx_hal_tim_ex.o
       368         10          0          0          0       2028   stm32f4xx_hal_uart.o
       128         54          0          0          0       8358   stm32f4xx_it.o
      1468         48          0          0          0      20399   stm32f4xx_ll_sdmmc.o
      2700        116          0          0          0      22965   stm32f4xx_ll_usb.o
        16          4         24          4          0       1115   system_stm32f4xx.o
       256         22          0          0        144       2351   tim.o
       280         28          0          0        264       1936   usart.o
        84         18          0          0        732       2607   usb_device.o
      1198         32          0        139          0      13511   usbd_cdc.o
        72         16          0         20       2048       3390   usbd_cdc_if.o
       636         24          0          0       1796      16640   usbd_conf.o
       924          0          0          0          0      15355   usbd_core.o
      1354         28          0          1          0      15260   usbd_ctlreq.o
       276         92          0         78        512       6117   usbd_desc.o
       132          0          0          0          0       4492   usbd_ioreq.o

    ----------------------------------------------------------------------
     23028       1042        470        260      18628     736946   Object Totals
         0          0         32          0          0          0   (incl. Generated)
        34          0          2          6          0          0   (incl. Padding)

    ----------------------------------------------------------------------

      Code (inc. data)   RO Data    RW Data    ZI Data      Debug   Library Member Name

         8          0          0          0          0         68   __main.o
         0          0          0          0          0          0   __rtentry.o
        12          0          0          0          0          0   __rtentry2.o
         6          0          0          0          0          0   __rtentry4.o
        52          8          0          0          0          0   __scatter.o
        26          0          0          0          0          0   __scatter_copy.o
        28          0          0          0          0          0   __scatter_zi.o
        18          0          0          0          0         80   exit.o
         6          0          0          0          0        152   heapauxi.o
         0          0          0          0          0          0   indicate_semi.o
         2          0          0          0          0          0   libinit.o
         6          0          0          0          0          0   libinit2.o
         2          0          0          0          0          0   libshutdown.o
         2          0          0          0          0          0   libshutdown2.o
         8          4          0          0         96         68   libspace.o
       238          0          0          0          0        100   lludivv7m.o
        78          0          0          0          0         80   rt_memclr_w.o
         2          0          0          0          0          0   rtexit.o
        10          0          0          0          0          0   rtexit2.o
        12          4          0          0          0         68   sys_exit.o
        74          0          0          0          0         80   sys_stackheap_outer.o
         2          0          0          0          0         68   use_no_semi.o
        10          0          0          0          0        116   fpinit.o

    ----------------------------------------------------------------------
       610         16          0          0         96        880   Library Totals
         8          0          0          0          0          0   (incl. Padding)

    ----------------------------------------------------------------------

      Code (inc. data)   RO Data    RW Data    ZI Data      Debug   Library Name

       592         16          0          0         96        764   c_w.l
        10          0          0          0          0        116   fz_wm.l

    ----------------------------------------------------------------------
       610         16          0          0         96        880   Library Totals

    ----------------------------------------------------------------------

==============================================================================


      Code (inc. data)   RO Data    RW Data    ZI Data      Debug   

     23638       1058        470        260      18724     711966   Grand Totals
     23638       1058        470        260      18724     711966   ELF Image Totals
     23638       1058        470        260          0          0   ROM Totals

==============================================================================

    Total RO  Size (Code + RO Data)                24108 (  23.54kB)
    Total RW  Size (RW Data + ZI Data)             18984 (  18.54kB)
    Total ROM Size (Code + RO Data + RW Data)      24368 (  23.80kB)

==============================================================================

