Component: ARM Compiler 5.06 update 7 (build 960) Tool: armlink [4d3601]

==============================================================================

Section Cross References

    startup_stm32f401xc.o(RESET) refers to startup_stm32f401xc.o(STACK) for __initial_sp
    startup_stm32f401xc.o(RESET) refers to startup_stm32f401xc.o(.text) for Reset_Handler
    startup_stm32f401xc.o(RESET) refers to stm32f4xx_it.o(i.NMI_Handler) for NMI_Handler
    startup_stm32f401xc.o(RESET) refers to stm32f4xx_it.o(i.HardFault_Handler) for HardFault_Handler
    startup_stm32f401xc.o(RESET) refers to stm32f4xx_it.o(i.MemManage_Handler) for MemManage_Handler
    startup_stm32f401xc.o(RESET) refers to stm32f4xx_it.o(i.BusFault_Handler) for BusFault_Handler
    startup_stm32f401xc.o(RESET) refers to stm32f4xx_it.o(i.UsageFault_Handler) for UsageFault_Handler
    startup_stm32f401xc.o(RESET) refers to stm32f4xx_it.o(i.SVC_Handler) for SVC_Handler
    startup_stm32f401xc.o(RESET) refers to stm32f4xx_it.o(i.DebugMon_Handler) for DebugMon_Handler
    startup_stm32f401xc.o(RESET) refers to stm32f4xx_it.o(i.PendSV_Handler) for PendSV_Handler
    startup_stm32f401xc.o(RESET) refers to stm32f4xx_it.o(i.SysTick_Handler) for SysTick_Handler
    startup_stm32f401xc.o(RESET) refers to stm32f4xx_it.o(i.DMA1_Stream4_IRQHandler) for DMA1_Stream4_IRQHandler
    startup_stm32f401xc.o(RESET) refers to stm32f4xx_it.o(i.TIM2_IRQHandler) for TIM2_IRQHandler
    startup_stm32f401xc.o(RESET) refers to stm32f4xx_it.o(i.TIM3_IRQHandler) for TIM3_IRQHandler
    startup_stm32f401xc.o(RESET) refers to stm32f4xx_it.o(i.SDIO_IRQHandler) for SDIO_IRQHandler
    startup_stm32f401xc.o(RESET) refers to stm32f4xx_it.o(i.DMA2_Stream0_IRQHandler) for DMA2_Stream0_IRQHandler
    startup_stm32f401xc.o(RESET) refers to stm32f4xx_it.o(i.DMA2_Stream2_IRQHandler) for DMA2_Stream2_IRQHandler
    startup_stm32f401xc.o(RESET) refers to stm32f4xx_it.o(i.DMA2_Stream3_IRQHandler) for DMA2_Stream3_IRQHandler
    startup_stm32f401xc.o(RESET) refers to stm32f4xx_it.o(i.OTG_FS_IRQHandler) for OTG_FS_IRQHandler
    startup_stm32f401xc.o(RESET) refers to stm32f4xx_it.o(i.DMA2_Stream5_IRQHandler) for DMA2_Stream5_IRQHandler
    startup_stm32f401xc.o(RESET) refers to stm32f4xx_it.o(i.DMA2_Stream6_IRQHandler) for DMA2_Stream6_IRQHandler
    startup_stm32f401xc.o(RESET) refers to stm32f4xx_it.o(i.DMA2_Stream7_IRQHandler) for DMA2_Stream7_IRQHandler
    startup_stm32f401xc.o(.text) refers to system_stm32f4xx.o(i.SystemInit) for SystemInit
    startup_stm32f401xc.o(.text) refers to entry.o(.ARM.Collect$$$$00000000) for __main
    main.o(i.SystemClock_Config) refers to memseta.o(.text) for __aeabi_memclr4
    main.o(i.SystemClock_Config) refers to stm32f4xx_hal_rcc.o(i.HAL_RCC_OscConfig) for HAL_RCC_OscConfig
    main.o(i.SystemClock_Config) refers to stm32f4xx_hal_rcc.o(i.HAL_RCC_ClockConfig) for HAL_RCC_ClockConfig
    main.o(i.adc_handle) refers to stm32f4xx_hal_adc.o(i.HAL_ADC_PollForConversion) for HAL_ADC_PollForConversion
    main.o(i.adc_handle) refers to stm32f4xx_hal_adc.o(i.HAL_ADC_GetState) for HAL_ADC_GetState
    main.o(i.adc_handle) refers to stm32f4xx_hal_adc.o(i.HAL_ADC_GetValue) for HAL_ADC_GetValue
    main.o(i.adc_handle) refers to stm32f4xx_hal_adc.o(i.HAL_ADC_Stop) for HAL_ADC_Stop
    main.o(i.adc_handle) refers to adc.o(.bss) for hadc1
    main.o(i.main) refers to stm32f4xx_hal.o(i.HAL_Init) for HAL_Init
    main.o(i.main) refers to main.o(i.SystemClock_Config) for SystemClock_Config
    main.o(i.main) refers to gpio.o(i.MX_GPIO_Init) for MX_GPIO_Init
    main.o(i.main) refers to dma.o(i.MX_DMA_Init) for MX_DMA_Init
    main.o(i.main) refers to adc.o(i.MX_ADC1_Init) for MX_ADC1_Init
    main.o(i.main) refers to i2s.o(i.MX_I2S2_Init) for MX_I2S2_Init
    main.o(i.main) refers to spi.o(i.MX_SPI1_Init) for MX_SPI1_Init
    main.o(i.main) refers to sdio.o(i.MX_SDIO_SD_Init) for MX_SDIO_SD_Init
    main.o(i.main) refers to usb_device.o(i.MX_USB_DEVICE_Init) for MX_USB_DEVICE_Init
    main.o(i.main) refers to usart.o(i.MX_USART1_UART_Init) for MX_USART1_UART_Init
    main.o(i.main) refers to tim.o(i.MX_TIM3_Init) for MX_TIM3_Init
    main.o(i.main) refers to stm32f4xx_hal_tim.o(i.HAL_TIM_Base_Start_IT) for HAL_TIM_Base_Start_IT
    main.o(i.main) refers to logic_run.o(i.logic_init) for logic_init
    main.o(i.main) refers to logic_run.o(i.logic_run) for logic_run
    main.o(i.main) refers to tim.o(.bss) for htim3
    gpio.o(i.MX_GPIO_Init) refers to memseta.o(.text) for __aeabi_memclr4
    gpio.o(i.MX_GPIO_Init) refers to stm32f4xx_hal_gpio.o(i.HAL_GPIO_WritePin) for HAL_GPIO_WritePin
    gpio.o(i.MX_GPIO_Init) refers to stm32f4xx_hal_gpio.o(i.HAL_GPIO_Init) for HAL_GPIO_Init
    adc.o(i.HAL_ADC_MspDeInit) refers to stm32f4xx_hal_gpio.o(i.HAL_GPIO_DeInit) for HAL_GPIO_DeInit
    adc.o(i.HAL_ADC_MspInit) refers to memseta.o(.text) for __aeabi_memclr4
    adc.o(i.HAL_ADC_MspInit) refers to stm32f4xx_hal_gpio.o(i.HAL_GPIO_Init) for HAL_GPIO_Init
[...]
    HAL_PCD_ISOOUTIncompleteCallback         0x080023b9   Thumb Code     8  usbd_conf.o(i.HAL_PCD_ISOOUTIncompleteCallback)
    HAL_PCD_Init                             0x080023c1   Thumb Code   204  stm32f4xx_hal_pcd.o(i.HAL_PCD_Init)
    HAL_PCD_MspInit                          0x0800248d   Thumb Code   122  usbd_conf.o(i.HAL_PCD_MspInit)
    HAL_PCD_ResetCallback                    0x08002511   Thumb Code    38  usbd_conf.o(i.HAL_PCD_ResetCallback)
    HAL_PCD_ResumeCallback                   0x08002537   Thumb Code     8  usbd_conf.o(i.HAL_PCD_ResumeCallback)
    HAL_PCD_SOFCallback                      0x0800253f   Thumb Code     8  usbd_conf.o(i.HAL_PCD_SOFCallback)
    HAL_PCD_SetAddress                       0x08002547   Thumb Code    38  stm32f4xx_hal_pcd.o(i.HAL_PCD_SetAddress)
    HAL_PCD_SetupStageCallback               0x0800256d   Thumb Code    14  usbd_conf.o(i.HAL_PCD_SetupStageCallback)
    HAL_PCD_Start                            0x0800257b   Thumb Code    66  stm32f4xx_hal_pcd.o(i.HAL_PCD_Start)
    HAL_PCD_SuspendCallback                  0x080025bd   Thumb Code    44  usbd_conf.o(i.HAL_PCD_SuspendCallback)
    HAL_RCCEx_GetPeriphCLKFreq               0x080025ed   Thumb Code    78  stm32f4xx_hal_rcc_ex.o(i.HAL_RCCEx_GetPeriphCLKFreq)
    HAL_RCCEx_PeriphCLKConfig                0x0800264d   Thumb Code   310  stm32f4xx_hal_rcc_ex.o(i.HAL_RCCEx_PeriphCLKConfig)
    HAL_RCC_ClockConfig                      0x0800279d   Thumb Code   288  stm32f4xx_hal_rcc.o(i.HAL_RCC_ClockConfig)
    HAL_RCC_GetHCLKFreq                      0x080028d1   Thumb Code     6  stm32f4xx_hal_rcc.o(i.HAL_RCC_GetHCLKFreq)
    HAL_RCC_GetPCLK1Freq                     0x080028dd   Thumb Code    20  stm32f4xx_hal_rcc.o(i.HAL_RCC_GetPCLK1Freq)
    HAL_RCC_GetPCLK2Freq                     0x080028fd   Thumb Code    20  stm32f4xx_hal_rcc.o(i.HAL_RCC_GetPCLK2Freq)
    HAL_RCC_GetSysClockFreq                  0x0800291d   Thumb Code    88  stm32f4xx_hal_rcc.o(i.HAL_RCC_GetSysClockFreq)
    HAL_RCC_OscConfig                        0x0800297d   Thumb Code   856  stm32f4xx_hal_rcc.o(i.HAL_RCC_OscConfig)
    HAL_SD_AbortCallback                     0x08002ce9   Thumb Code     2  stm32f4xx_hal_sd.o(i.HAL_SD_AbortCallback)
    HAL_SD_ConfigWideBusOperation            0x08002ced   Thumb Code   276  stm32f4xx_hal_sd.o(i.HAL_SD_ConfigWideBusOperation)
    HAL_SD_ErrorCallback                     0x08002e05   Thumb Code     2  stm32f4xx_hal_sd.o(i.HAL_SD_ErrorCallback)
    HAL_SD_GetCardCSD                        0x08002e09   Thumb Code   402  stm32f4xx_hal_sd.o(i.HAL_SD_GetCardCSD)
    HAL_SD_GetCardState                      0x08002fa1   Thumb Code    44  stm32f4xx_hal_sd.o(i.HAL_SD_GetCardState)
    HAL_SD_IRQHandler                        0x08002fcd   Thumb Code   512  stm32f4xx_hal_sd.o(i.HAL_SD_IRQHandler)
    HAL_SD_Init                              0x080031d5   Thumb Code    54  stm32f4xx_hal_sd.o(i.HAL_SD_Init)
    HAL_SD_InitCard                          0x0800320d   Thumb Code   116  stm32f4xx_hal_sd.o(i.HAL_SD_InitCard)
    HAL_SD_MspInit                           0x08003289   Thumb Code   300  sdio.o(i.HAL_SD_MspInit)
    HAL_SD_RxCpltCallback                    0x080033cd   Thumb Code     2  stm32f4xx_hal_sd.o(i.HAL_SD_RxCpltCallback)
    HAL_SD_TxCpltCallback                    0x080033cf   Thumb Code     2  stm32f4xx_hal_sd.o(i.HAL_SD_TxCpltCallback)
    HAL_SPI_ErrorCallback                    0x080033d1   Thumb Code     2  stm32f4xx_hal_spi.o(i.HAL_SPI_ErrorCallback)
    HAL_SPI_Init                             0x080033d3   Thumb Code   188  stm32f4xx_hal_spi.o(i.HAL_SPI_Init)
    HAL_SPI_MspInit                          0x08003491   Thumb Code   194  spi.o(i.HAL_SPI_MspInit)
    HAL_SPI_Receive_DMA                      0x08003569   Thumb Code   216  stm32f4xx_hal_spi.o(i.HAL_SPI_Receive_DMA)
    HAL_SPI_RxCpltCallback                   0x0800364d   Thumb Code     2  stm32f4xx_hal_spi.o(i.HAL_SPI_RxCpltCallback)
    HAL_SPI_RxHalfCpltCallback               0x0800364f   Thumb Code     2  stm32f4xx_hal_spi.o(i.HAL_SPI_RxHalfCpltCallback)
    HAL_SPI_TransmitReceive_DMA              0x08003651   Thumb Code   252  stm32f4xx_hal_spi.o(i.HAL_SPI_TransmitReceive_DMA)
    HAL_SPI_Transmit_DMA                     0x08003761   Thumb Code   190  stm32f4xx_hal_spi.o(i.HAL_SPI_Transmit_DMA)
    HAL_SPI_TxCpltCallback                   0x0800382d   Thumb Code     2  stm32f4xx_hal_spi.o(i.HAL_SPI_TxCpltCallback)
    HAL_SPI_TxHalfCpltCallback               0x0800382f   Thumb Code     2  stm32f4xx_hal_spi.o(i.HAL_SPI_TxHalfCpltCallback)
    HAL_SPI_TxRxCpltCallback                 0x08003831   Thumb Code     2  stm32f4xx_hal_spi.o(i.HAL_SPI_TxRxCpltCallback)
    HAL_SPI_TxRxHalfCpltCallback             0x08003833   Thumb Code     2  stm32f4xx_hal_spi.o(i.HAL_SPI_TxRxHalfCpltCallback)
    HAL_SYSTICK_Config                       0x08003835   Thumb Code    40  stm32f4xx_hal_cortex.o(i.HAL_SYSTICK_Config)
    HAL_TIMEx_BreakCallback                  0x0800385d   Thumb Code     2  stm32f4xx_hal_tim_ex.o(i.HAL_TIMEx_BreakCallback)
    HAL_TIMEx_CommutCallback                 0x0800385f   Thumb Code     2  stm32f4xx_hal_tim_ex.o(i.HAL_TIMEx_CommutCallback)
    HAL_TIMEx_MasterConfigSynchronization    0x08003861   Thumb Code   104  stm32f4xx_hal_tim_ex.o(i.HAL_TIMEx_MasterConfigSynchronization)
    HAL_TIM_Base_Init                        0x080038dd   Thumb Code    90  stm32f4xx_hal_tim.o(i.HAL_TIM_Base_Init)
    HAL_TIM_Base_MspInit                     0x08003939   Thumb Code    86  tim.o(i.HAL_TIM_Base_MspInit)
    HAL_TIM_Base_Start_IT                    0x08003999   Thumb Code    88  stm32f4xx_hal_tim.o(i.HAL_TIM_Base_Start_IT)
    HAL_TIM_ConfigClockSource                0x08003a05   Thumb Code   220  stm32f4xx_hal_tim.o(i.HAL_TIM_ConfigClockSource)
    HAL_TIM_IC_CaptureCallback               0x08003ae1   Thumb Code     2  stm32f4xx_hal_tim.o(i.HAL_TIM_IC_CaptureCallback)
    HAL_TIM_IRQHandler                       0x08003ae3   Thumb Code   304  stm32f4xx_hal_tim.o(i.HAL_TIM_IRQHandler)
    HAL_TIM_OC_DelayElapsedCallback          0x08003c13   Thumb Code     2  stm32f4xx_hal_tim.o(i.HAL_TIM_OC_DelayElapsedCallback)
    HAL_TIM_PWM_PulseFinishedCallback        0x08003c15   Thumb Code     2  stm32f4xx_hal_tim.o(i.HAL_TIM_PWM_PulseFinishedCallback)
    HAL_TIM_PeriodElapsedCallback            0x08003c17   Thumb Code     2  logic_run.o(i.HAL_TIM_PeriodElapsedCallback)
    HAL_TIM_TriggerCallback                  0x08003c19   Thumb Code     2  stm32f4xx_hal_tim.o(i.HAL_TIM_TriggerCallback)
    HAL_UART_Init                            0x08003c1b   Thumb Code   100  stm32f4xx_hal_uart.o(i.HAL_UART_Init)
    HAL_UART_MspInit                         0x08003c81   Thumb Code   204  usart.o(i.HAL_UART_MspInit)
    HardFault_Handler                        0x08003d61   Thumb Code     2  stm32f4xx_it.o(i.HardFault_Handler)
    LCD_WriteData_16Bit                      0x08003fa5   Thumb Code    58  bg_lcd.o(i.LCD_WriteData_16Bit)
    Lcd_Clear                                0x08003fe9   Thumb Code   126  bg_lcd.o(i.Lcd_Clear)
    Lcd_SetRegion                            0x08004071   Thumb Code    82  bg_lcd.o(i.Lcd_SetRegion)
    Lcd_SetXY                                0x080040c3   Thumb Code     8  bg_lcd.o(i.Lcd_SetXY)
    Lcd_WriteData                            0x080040cd   Thumb Code    46  bg_lcd.o(i.Lcd_WriteData)
    Lcd_WriteIndex                           0x08004101   Thumb Code    46  bg_lcd.o(i.Lcd_WriteIndex)
    MIDI_Callback                            0x08004135   Thumb Code   336  midi_controller.o(i.MIDI_Callback)
    MIDI_Init                                0x080042cd   Thumb Code    10  midi_controller.o(i.MIDI_Init)
    MIDI_Message_Handle                      0x080042dd   Thumb Code    52  midi_controller.o(i.MIDI_Message_Handle)
    MX_ADC1_Init                             0x08004315   Thumb Code   144  adc.o(i.MX_ADC1_Init)
    MX_DMA_Init                              0x080043b1   Thumb Code   152  dma.o(i.MX_DMA_Init)
    MX_GPIO_Init                             0x0800444d   Thumb Code   220  gpio.o(i.MX_GPIO_Init)
    MX_I2S2_Init                             0x08004539   Thumb Code    52  i2s.o(i.MX_I2S2_Init)
    MX_SDIO_SD_Init                          0x08004575   Thumb Code    56  sdio.o(i.MX_SDIO_SD_Init)
    MX_SPI1_Init                             0x080045b5   Thumb Code    60  spi.o(i.MX_SPI1_Init)
    MX_TIM3_Init                             0x080045f9   Thumb Code    94  tim.o(i.MX_TIM3_Init)
    MX_USART1_UART_Init                      0x08004661   Thumb Code    48  usart.o(i.MX_USART1_UART_Init)
    MX_USB_DEVICE_Init                       0x08004699   Thumb Code    66  usb_device.o(i.MX_USB_DEVICE_Init)
    MemManage_Handler                        0x080046ed   Thumb Code     2  stm32f4xx_it.o(i.MemManage_Handler)
    MonoOn                                   0x080046f1   Thumb Code    30  standard_request _processing.o(i.MonoOn)
    NMI_Handler                              0x08004715   Thumb Code     2  stm32f4xx_it.o(i.NMI_Handler)
    NoteOffHandle                            0x08004719   Thumb Code    58  standard_request _processing.o(i.NoteOffHandle)
    NoteOnHandle                             0x08004759   Thumb Code   290  standard_request _processing.o(i.NoteOnHandle)
    OTG_FS_IRQHandler                        0x08004895   Thumb Code     6  stm32f4xx_it.o(i.OTG_FS_IRQHandler)
    PendSV_Handler                           0x08004a0f   Thumb Code     2  stm32f4xx_it.o(i.PendSV_Handler)
    PlayCallback                             0x08004a11   Thumb Code    30  play.o(i.PlayCallback)
    PolyOn                                   0x08004a35   Thumb Code    24  standard_request _processing.o(i.PolyOn)
    ProgramChange                            0x08004a51   Thumb Code    34  standard_request _processing.o(i.ProgramChange)
    SDIO_ConfigData                          0x08004a79   Thumb Code    36  stm32f4xx_ll_sdmmc.o(i.SDIO_ConfigData)
    SDIO_GetPowerState                       0x08004a9d   Thumb Code     8  stm32f4xx_ll_sdmmc.o(i.SDIO_GetPowerState)
    SDIO_GetResponse                         0x08004aa5   Thumb Code     6  stm32f4xx_ll_sdmmc.o(i.SDIO_GetResponse)
    SDIO_IRQHandler                          0x08004aad   Thumb Code     6  stm32f4xx_it.o(i.SDIO_IRQHandler)
    SDIO_Init                                0x08004ab9   Thumb Code    36  stm32f4xx_ll_sdmmc.o(i.SDIO_Init)
    SDIO_PowerState_ON                       0x08004add   Thumb Code     8  stm32f4xx_ll_sdmmc.o(i.SDIO_PowerState_ON)
    SDIO_ReadFIFO                            0x08004ae5   Thumb Code     6  stm32f4xx_ll_sdmmc.o(i.SDIO_ReadFIFO)
    SDIO_SendCommand                         0x08004aeb   Thumb Code    32  stm32f4xx_ll_sdmmc.o(i.SDIO_SendCommand)
    SDIO_WriteFIFO                           0x08004b0b   Thumb Code    10  stm32f4xx_ll_sdmmc.o(i.SDIO_WriteFIFO)
    SDMMC_CmdAppCommand                      0x08004b15   Thumb Code    50  stm32f4xx_ll_sdmmc.o(i.SDMMC_CmdAppCommand)
    SDMMC_CmdAppOperCommand                  0x08004b49   Thumb Code    48  stm32f4xx_ll_sdmmc.o(i.SDMMC_CmdAppOperCommand)
    SDMMC_CmdBlockLength                     0x08004b7d   Thumb Code    50  stm32f4xx_ll_sdmmc.o(i.SDMMC_CmdBlockLength)
    SDMMC_CmdBusWidth                        0x08004baf   Thumb Code    50  stm32f4xx_ll_sdmmc.o(i.SDMMC_CmdBusWidth)
    SDMMC_CmdGoIdleState                     0x08004be1   Thumb Code    74  stm32f4xx_ll_sdmmc.o(i.SDMMC_CmdGoIdleState)
    SDMMC_CmdOperCond                        0x08004c31   Thumb Code    48  stm32f4xx_ll_sdmmc.o(i.SDMMC_CmdOperCond)
    SDMMC_CmdSelDesel                        0x08004c61   Thumb Code    50  stm32f4xx_ll_sdmmc.o(i.SDMMC_CmdSelDesel)
    SDMMC_CmdSendCID                         0x08004c93   Thumb Code    44  stm32f4xx_ll_sdmmc.o(i.SDMMC_CmdSendCID)
    SDMMC_CmdSendCSD                         0x08004cbf   Thumb Code    44  stm32f4xx_ll_sdmmc.o(i.SDMMC_CmdSendCSD)
    SDMMC_CmdSendSCR                         0x08004ceb   Thumb Code    48  stm32f4xx_ll_sdmmc.o(i.SDMMC_CmdSendSCR)
    SDMMC_CmdSendStatus                      0x08004d1b   Thumb Code    50  stm32f4xx_ll_sdmmc.o(i.SDMMC_CmdSendStatus)
    SDMMC_CmdSetRelAdd                       0x08004d4d   Thumb Code    48  stm32f4xx_ll_sdmmc.o(i.SDMMC_CmdSetRelAdd)
    SDMMC_CmdStopTransfer                    0x08004d7d   Thumb Code    46  stm32f4xx_ll_sdmmc.o(i.SDMMC_CmdStopTransfer)
    SDMMC_GetCmdResp1                        0x08004db1   Thumb Code   278  stm32f4xx_ll_sdmmc.o(i.SDMMC_GetCmdResp1)
    SDMMC_GetCmdResp2                        0x08004ed1   Thumb Code    76  stm32f4xx_ll_sdmmc.o(i.SDMMC_GetCmdResp2)
    SDMMC_GetCmdResp3                        0x08004f21   Thumb Code    62  stm32f4xx_ll_sdmmc.o(i.SDMMC_GetCmdResp3)
    SDMMC_GetCmdResp6                        0x08004f65   Thumb Code   130  stm32f4xx_ll_sdmmc.o(i.SDMMC_GetCmdResp6)
    SDMMC_GetCmdResp7                        0x08004fed   Thumb Code    82  stm32f4xx_ll_sdmmc.o(i.SDMMC_GetCmdResp7)
    SVC_Handler                              0x08005639   Thumb Code     2  stm32f4xx_it.o(i.SVC_Handler)
    ShowChar                                 0x08005645   Thumb Code     2  bg_lcd.o(i.ShowChar)
    SysTick_Handler                          0x08005647   Thumb Code     4  stm32f4xx_it.o(i.SysTick_Handler)
    SystemClock_Config                       0x0800564d   Thumb Code   136  main.o(i.SystemClock_Config)
    SystemInit                               0x080056dd   Thumb Code    12  system_stm32f4xx.o(i.SystemInit)
    TIM2_IRQHandler                          0x080056ed   Thumb Code     6  stm32f4xx_it.o(i.TIM2_IRQHandler)
    TIM3_IRQHandler                          0x080056f9   Thumb Code     6  stm32f4xx_it.o(i.TIM3_IRQHandler)
    TIM_Base_SetConfig                       0x08005705   Thumb Code   136  stm32f4xx_hal_tim.o(i.TIM_Base_SetConfig)
    TIM_ETR_SetConfig                        0x080057a9   Thumb Code    20  stm32f4xx_hal_tim.o(i.TIM_ETR_SetConfig)
    USBD_CDC_GetDeviceQualifierDescriptor    0x08005a9d   Thumb Code     8  usbd_cdc.o(i.USBD_CDC_GetDeviceQualifierDescriptor)
    USBD_CDC_ReceivePacket                   0x08005c79   Thumb Code    50  usbd_cdc.o(i.USBD_CDC_ReceivePacket)
    USBD_CDC_RegisterInterface               0x08005cb1   Thumb Code    22  usbd_cdc.o(i.USBD_CDC_RegisterInterface)
    USBD_CDC_SetRxBuffer                     0x08005cc7   Thumb Code    26  usbd_cdc.o(i.USBD_CDC_SetRxBuffer)
    USBD_CDC_SetTxBuffer                     0x08005ce1   Thumb Code    30  usbd_cdc.o(i.USBD_CDC_SetTxBuffer)
    USBD_CDC_TransmitPacket                  0x08005dd5   Thumb Code    76  usbd_cdc.o(i.USBD_CDC_TransmitPacket)
    USBD_ClrClassConfig                      0x08005e25   Thumb Code    20  usbd_core.o(i.USBD_ClrClassConfig)
    USBD_CoreFindEP                          0x08005e39   Thumb Code     4  usbd_core.o(i.USBD_CoreFindEP)
    USBD_CoreFindIF                          0x08005e3d   Thumb Code     4  usbd_core.o(i.USBD_CoreFindIF)
    USBD_CtlContinueRx                       0x08005e41   Thumb Code    16  usbd_ioreq.o(i.USBD_CtlContinueRx)
    USBD_CtlContinueSendData                 0x08005e51   Thumb Code    16  usbd_ioreq.o(i.USBD_CtlContinueSendData)
    USBD_CtlError                            0x08005e61   Thumb Code    22  usbd_ctlreq.o(i.USBD_CtlError)
    USBD_CtlPrepareRx                        0x08005e77   Thumb Code    30  usbd_ioreq.o(i.USBD_CtlPrepareRx)
    USBD_CtlReceiveStatus                    0x08005e95   Thumb Code    22  usbd_ioreq.o(i.USBD_CtlReceiveStatus)
    USBD_CtlSendData                         0x08005eab   Thumb Code    26  usbd_ioreq.o(i.USBD_CtlSendData)
    USBD_CtlSendStatus                       0x08005ec5   Thumb Code    22  usbd_ioreq.o(i.USBD_CtlSendStatus)
    USBD_FS_ConfigStrDescriptor              0x08005edd   Thumb Code    16  usbd_desc.o(i.USBD_FS_ConfigStrDescriptor)
    USBD_FS_DeviceDescriptor                 0x08005efd   Thumb Code     8  usbd_desc.o(i.USBD_FS_DeviceDescriptor)
    USBD_FS_InterfaceStrDescriptor           0x08005f09   Thumb Code    16  usbd_desc.o(i.USBD_FS_InterfaceStrDescriptor)
    USBD_FS_LangIDStrDescriptor              0x08005f2d   Thumb Code     8  usbd_desc.o(i.USBD_FS_LangIDStrDescriptor)
    USBD_FS_ManufacturerStrDescriptor        0x08005f39   Thumb Code    16  usbd_desc.o(i.USBD_FS_ManufacturerStrDescriptor)
    USBD_FS_ProductStrDescriptor             0x08005f55   Thumb Code    16  usbd_desc.o(i.USBD_FS_ProductStrDescriptor)
    USBD_FS_SerialStrDescriptor              0x08005f81   Thumb Code    48  usbd_desc.o(i.USBD_FS_SerialStrDescriptor)
    USBD_GetEpDesc                           0x0800609f   Thumb Code    58  usbd_core.o(i.USBD_GetEpDesc)
    USBD_GetNextDesc                         0x080060ed   Thumb Code    14  usbd_core.o(i.USBD_GetNextDesc)
    USBD_GetString                           0x080060fb   Thumb Code    78  usbd_ctlreq.o(i.USBD_GetString)
    USBD_Get_USB_Status                      0x08006149   Thumb Code    24  usbd_conf.o(i.USBD_Get_USB_Status)
    USBD_Init                                0x08006161   Thumb Code    38  usbd_core.o(i.USBD_Init)
    USBD_LL_ClearStallEP                     0x08006187   Thumb Code    18  usbd_conf.o(i.USBD_LL_ClearStallEP)
    USBD_LL_CloseEP                          0x08006199   Thumb Code    18  usbd_conf.o(i.USBD_LL_CloseEP)
    USBD_LL_DataInStage                      0x080061ab   Thumb Code   182  usbd_core.o(i.USBD_LL_DataInStage)
    USBD_LL_DataOutStage                     0x08006261   Thumb Code   142  usbd_core.o(i.USBD_LL_DataOutStage)
    USBD_LL_DevConnected                     0x080062ef   Thumb Code     4  usbd_core.o(i.USBD_LL_DevConnected)
    USBD_LL_DevDisconnected                  0x080062f3   Thumb Code    30  usbd_core.o(i.USBD_LL_DevDisconnected)
    USBD_LL_GetRxDataSize                    0x08006311   Thumb Code     8  usbd_conf.o(i.USBD_LL_GetRxDataSize)
    USBD_LL_Init                             0x08006319   Thumb Code    90  usbd_conf.o(i.USBD_LL_Init)
    USBD_LL_IsStallEP                        0x08006379   Thumb Code    30  usbd_conf.o(i.USBD_LL_IsStallEP)
    USBD_LL_IsoINIncomplete                  0x08006397   Thumb Code    40  usbd_core.o(i.USBD_LL_IsoINIncomplete)
    USBD_LL_IsoOUTIncomplete                 0x080063bf   Thumb Code    40  usbd_core.o(i.USBD_LL_IsoOUTIncomplete)
    USBD_LL_OpenEP                           0x080063e7   Thumb Code    24  usbd_conf.o(i.USBD_LL_OpenEP)
    USBD_LL_PrepareReceive                   0x080063ff   Thumb Code    18  usbd_conf.o(i.USBD_LL_PrepareReceive)
    USBD_LL_Reset                            0x08006411   Thumb Code    92  usbd_core.o(i.USBD_LL_Reset)
    USBD_LL_Resume                           0x0800646d   Thumb Code    20  usbd_core.o(i.USBD_LL_Resume)
    USBD_LL_SOF                              0x08006481   Thumb Code    26  usbd_core.o(i.USBD_LL_SOF)
    USBD_LL_SetSpeed                         0x0800649b   Thumb Code     6  usbd_core.o(i.USBD_LL_SetSpeed)
    USBD_LL_SetUSBAddress                    0x080064a1   Thumb Code    18  usbd_conf.o(i.USBD_LL_SetUSBAddress)
    USBD_LL_SetupStage                       0x080064b3   Thumb Code    96  usbd_core.o(i.USBD_LL_SetupStage)
    USBD_LL_StallEP                          0x08006513   Thumb Code    18  usbd_conf.o(i.USBD_LL_StallEP)
    USBD_LL_Start                            0x08006525   Thumb Code    18  usbd_conf.o(i.USBD_LL_Start)
    USBD_LL_Suspend                          0x08006537   Thumb Code    26  usbd_core.o(i.USBD_LL_Suspend)
    USBD_LL_Transmit                         0x08006551   Thumb Code    18  usbd_conf.o(i.USBD_LL_Transmit)
    USBD_ParseSetupRequest                   0x08006563   Thumb Code    44  usbd_ctlreq.o(i.USBD_ParseSetupRequest)
    USBD_RegisterClass                       0x0800658f   Thumb Code    58  usbd_core.o(i.USBD_RegisterClass)
    USBD_SetClassConfig                      0x080065c9   Thumb Code    20  usbd_core.o(i.USBD_SetClassConfig)
    USBD_Start                               0x08006695   Thumb Code     4  usbd_core.o(i.USBD_Start)
    USBD_StdDevReq                           0x08006699   Thumb Code   300  usbd_ctlreq.o(i.USBD_StdDevReq)
    USBD_StdEPReq                            0x080067c5   Thumb Code   352  usbd_ctlreq.o(i.USBD_StdEPReq)
    USBD_StdItfReq                           0x08006925   Thumb Code   114  usbd_ctlreq.o(i.USBD_StdItfReq)
    USBD_static_free                         0x08006997   Thumb Code     2  usbd_conf.o(i.USBD_static_free)
    USBD_static_malloc                       0x08006999   Thumb Code     4  usbd_conf.o(i.USBD_static_malloc)
    USB_ActivateEndpoint                     0x080069a1   Thumb Code   122  stm32f4xx_ll_usb.o(i.USB_ActivateEndpoint)
    USB_ActivateSetup                        0x08006a21   Thumb Code    28  stm32f4xx_ll_usb.o(i.USB_ActivateSetup)
    USB_CoreInit                             0x08006a3d   Thumb Code   126  stm32f4xx_ll_usb.o(i.USB_CoreInit)
    USB_DeactivateEndpoint                   0x08006afd   Thumb Code   194  stm32f4xx_ll_usb.o(i.USB_DeactivateEndpoint)
    USB_DevConnect                           0x08006bc9   Thumb Code    28  stm32f4xx_ll_usb.o(i.USB_DevConnect)
    USB_DevDisconnect                        0x08006be5   Thumb Code    28  stm32f4xx_ll_usb.o(i.USB_DevDisconnect)
    USB_DevInit                              0x08006c01   Thumb Code   370  stm32f4xx_ll_usb.o(i.USB_DevInit)
    USB_DisableGlobalInt                     0x08006d7d   Thumb Code    12  stm32f4xx_ll_usb.o(i.USB_DisableGlobalInt)
    USB_EP0_OutStart                         0x08006d89   Thumb Code    84  stm32f4xx_ll_usb.o(i.USB_EP0_OutStart)
    USB_EPClearStall                         0x08006de1   Thumb Code    88  stm32f4xx_ll_usb.o(i.USB_EPClearStall)
    USB_EPSetStall                           0x08006e39   Thumb Code    88  stm32f4xx_ll_usb.o(i.USB_EPSetStall)
    USB_EPStartXfer                          0x08006e91   Thumb Code   562  stm32f4xx_ll_usb.o(i.USB_EPStartXfer)
    USB_EPStopXfer                           0x080070c9   Thumb Code   158  stm32f4xx_ll_usb.o(i.USB_EPStopXfer)
    USB_EnableGlobalInt                      0x08007167   Thumb Code    12  stm32f4xx_ll_usb.o(i.USB_EnableGlobalInt)
    USB_FlushRxFifo                          0x08007173   Thumb Code    56  stm32f4xx_ll_usb.o(i.USB_FlushRxFifo)
    USB_FlushTxFifo                          0x080071ab   Thumb Code    60  stm32f4xx_ll_usb.o(i.USB_FlushTxFifo)
    USB_GetDevSpeed                          0x080071e7   Thumb Code    26  stm32f4xx_ll_usb.o(i.USB_GetDevSpeed)
    USB_GetMode                              0x08007201   Thumb Code     8  stm32f4xx_ll_usb.o(i.USB_GetMode)
    USB_ReadDevAllInEpInterrupt              0x08007209   Thumb Code    14  stm32f4xx_ll_usb.o(i.USB_ReadDevAllInEpInterrupt)
    USB_ReadDevAllOutEpInterrupt             0x08007217   Thumb Code    14  stm32f4xx_ll_usb.o(i.USB_ReadDevAllOutEpInterrupt)
    USB_ReadDevInEPInterrupt                 0x08007225   Thumb Code    36  stm32f4xx_ll_usb.o(i.USB_ReadDevInEPInterrupt)
    USB_ReadDevOutEPInterrupt                0x08007249   Thumb Code    16  stm32f4xx_ll_usb.o(i.USB_ReadDevOutEPInterrupt)
    USB_ReadInterrupts                       0x08007259   Thumb Code     8  stm32f4xx_ll_usb.o(i.USB_ReadInterrupts)
    USB_ReadPacket                           0x08007261   Thumb Code    62  stm32f4xx_ll_usb.o(i.USB_ReadPacket)
    USB_SetCurrentMode                       0x0800729f   Thumb Code    92  stm32f4xx_ll_usb.o(i.USB_SetCurrentMode)
    USB_SetDevAddress                        0x080072fb   Thumb Code    34  stm32f4xx_ll_usb.o(i.USB_SetDevAddress)
    USB_SetTurnaroundTime                    0x0800731d   Thumb Code   158  stm32f4xx_ll_usb.o(i.USB_SetTurnaroundTime)
    USB_WritePacket                          0x08007405   Thumb Code    40  stm32f4xx_ll_usb.o(i.USB_WritePacket)
    UsageFault_Handler                       0x0800742d   Thumb Code     2  stm32f4xx_it.o(i.UsageFault_Handler)
    Windbond_GetCapacity                     0x0800742f   Thumb Code    52  bg_flash_manager.o(i.Windbond_GetCapacity)
    Write_Page                               0x08007463   Thumb Code    70  bg_flash_manager.o(i.Write_Page)
    __0vsnprintf                             0x080074a9   Thumb Code    46  printfa.o(i.__0vsnprintf)
    __1vsnprintf                             0x080074a9   Thumb Code     0  printfa.o(i.__0vsnprintf)
    __2vsnprintf                             0x080074a9   Thumb Code     0  printfa.o(i.__0vsnprintf)
    __c89vsnprintf                           0x080074a9   Thumb Code     0  printfa.o(i.__0vsnprintf)
    vsnprintf                                0x080074a9   Thumb Code     0  printfa.o(i.__0vsnprintf)
    __ARM_fpclassify                         0x080074dd   Thumb Code    48  fpclassify.o(i.__ARM_fpclassify)
    __hardfp_sin                             0x08007531   Thumb Code   180  sin.o(i.__hardfp_sin)
    __ieee754_rem_pio2                       0x080075f9   Thumb Code   938  rred.o(i.__ieee754_rem_pio2)
    __kernel_cos                             0x08007a31   Thumb Code   322  cos_i.o(i.__kernel_cos)
    __kernel_poly                            0x08007ba1   Thumb Code   248  poly.o(i.__kernel_poly)
    __kernel_sin                             0x08007c99   Thumb Code   280  sin_i.o(i.__kernel_sin)
    __mathlib_dbl_infnan                     0x08007dc9   Thumb Code    20  dunder.o(i.__mathlib_dbl_infnan)
    __mathlib_dbl_invalid                    0x08007de1   Thumb Code    24  dunder.o(i.__mathlib_dbl_invalid)
    __mathlib_dbl_underflow                  0x08007e01   Thumb Code    24  dunder.o(i.__mathlib_dbl_underflow)
    __scatterload_copy                       0x08007e21   Thumb Code    14  handlers.o(i.__scatterload_copy)
    __scatterload_null                       0x08007e2f   Thumb Code     2  handlers.o(i.__scatterload_null)
    __scatterload_zeroinit                   0x08007e31   Thumb Code    14  handlers.o(i.__scatterload_zeroinit)
    __set_errno                              0x08007e41   Thumb Code     6  errno.o(i.__set_errno)
    apply_vel                                0x080086ed   Thumb Code    56  midi_controller.o(i.apply_vel)
    bg_read_callback                         0x08008729   Thumb Code   310  bg_read.o(i.bg_read_callback)
    delay_ms                                 0x080088b5   Thumb Code    36  delay.o(i.delay_ms)
    delay_us                                 0x080088d9   Thumb Code    34  delay.o(i.delay_us)
    fabs                                     0x080088fb   Thumb Code    24  fabs.o(i.fabs)
    flash_EraseAll                           0x08008915   Thumb Code    86  bg_flash_manager.o(i.flash_EraseAll)
    flash_GetRemainingCapacity               0x08008971   Thumb Code    82  bg_flash_manager.o(i.flash_GetRemainingCapacity)
    flash_GetTotalByte                       0x080089ed   Thumb Code    88  bg_flash_manager.o(i.flash_GetTotalByte)
    flash_IsSectorErased                     0x08008a59   Thumb Code    28  bg_flash_manager.o(i.flash_IsSectorErased)
    flash_PageProgram                        0x08008a75   Thumb Code   166  bg_flash_manager.o(i.flash_PageProgram)
    flash_ReadData                           0x08008b21   Thumb Code   134  bg_flash_manager.o(i.flash_ReadData)
    flash_ReadID                             0x08008bad   Thumb Code   114  bg_flash_manager.o(i.flash_ReadID)
    flash_ReadStatusReg                      0x08008c25   Thumb Code    76  bg_flash_manager.o(i.flash_ReadStatusReg)
    flash_SectorErase                        0x08008c75   Thumb Code   136  bg_flash_manager.o(i.flash_SectorErase)
    flash_WaitForWriteEnd                    0x08008d01   Thumb Code    16  bg_flash_manager.o(i.flash_WaitForWriteEnd)
    flash_WriteEnable                        0x08008d11   Thumb Code    78  bg_flash_manager.o(i.flash_WriteEnable)
    flash_init                               0x08008d65   Thumb Code     8  bg_flash_manager.o(i.flash_init)
    flash_read                               0x08008d71   Thumb Code    18  bg_flash_manager.o(i.flash_read)
    flash_read_byte                          0x08008d89   Thumb Code    24  bg_flash_manager.o(i.flash_read_byte)
    flash_read_func                          0x08008da5   Thumb Code    10  logic_run.o(i.flash_read_func)
    flash_write                              0x08008db5   Thumb Code    18  bg_flash_manager.o(i.flash_write)
    flash_write_byte                         0x08008dcd   Thumb Code    20  bg_flash_manager.o(i.flash_write_byte)
    flash_write_func                         0x08008de5   Thumb Code    10  logic_run.o(i.flash_write_func)
    gui_Circle                               0x08008df5   Thumb Code   348  bg_lcd.o(i.gui_Circle)
    lcd_init                                 0x08008f51   Thumb Code     4  bg_lcd.o(i.lcd_init)
    lcd_write_byte                           0x08008f55   Thumb Code    22  bg_lcd.o(i.lcd_write_byte)
    logic_init                               0x08008f71   Thumb Code    58  logic_run.o(i.logic_init)
    logic_run                                0x08008fc5   Thumb Code    28  logic_run.o(i.logic_run)
    main                                     0x08008fe9   Thumb Code    62  main.o(i.main)
    seek_and_read                            0x0800902d   Thumb Code    68  bg_read.o(i.seek_and_read)
    showimage                                0x08009075   Thumb Code    64  bg_lcd.o(i.showimage)
    st7735_init                              0x080090b5   Thumb Code   382  st7735.o(i.st7735_init)
    usb_printf                               0x08009239   Thumb Code    32  usbd_cdc_if.o(i.usb_printf)
    AHBPrescTable                            0x08009264   Data          16  system_stm32f4xx.o(.constdata)
    APBPrescTable                            0x08009274   Data           8  system_stm32f4xx.o(.constdata)
    Region$$Table$$Base                      0x080093a0   Number         0  anon$$obj.o(Region$$Table)
    Region$$Table$$Limit                     0x080093c0   Number         0  anon$$obj.o(Region$$Table)
    uwTickFreq                               0x20000000   Data           1  stm32f4xx_hal.o(.data)
    uwTickPrio                               0x20000004   Data           4  stm32f4xx_hal.o(.data)
    uwTick                                   0x20000008   Data           4  stm32f4xx_hal.o(.data)
    SystemCoreClock                          0x2000000c   Data           4  system_stm32f4xx.o(.data)
    FS_Desc                                  0x20000010   Data          28  usbd_desc.o(.data)
    USBD_LangIDDesc                          0x2000002c   Data           4  usbd_desc.o(.data)
    USBD_FS_DeviceDesc                       0x20000030   Data          18  usbd_desc.o(.data)
    USBD_StringSerial                        0x20000044   Data          26  usbd_desc.o(.data)
    USBD_Interface_fops_FS                   0x20000060   Data          20  usbd_cdc_if.o(.data)
    revflag                                  0x20000074   Data           1  usbd_cdc_if.o(.data)
    usb_len                                  0x20000075   Data           1  usbd_cdc_if.o(.data)
    USBD_CDC                                 0x200000cc   Data          56  usbd_cdc.o(.data)
    BG_lcd                                   0x20000104   Data          40  bg_lcd.o(.data)
    BG_flash_manager                         0x2000012c   Data          48  bg_flash_manager.o(.data)
    audioPlay                                0x2000015c   Data          24  hardware_interfance.o(.data)
    BG_reader                                0x20000174   Data          36  hardware_interfance.o(.data)
    BG_MIDI_controller                       0x20000198   Data          16  midi_controller.o(.data)
    MIDI_funcstion                           0x200001a8   Data          40  standard_request _processing.o(.data)
    CC_funcstion                             0x200001d0   Data         384  standard_request _processing.o(.data)
    hadc1                                    0x20000354   Data          72  adc.o(.bss)
    hi2s2                                    0x2000039c   Data          72  i2s.o(.bss)
    hdma_spi2_tx                             0x200003e4   Data          96  i2s.o(.bss)
    hsd                                      0x20000444   Data         132  sdio.o(.bss)
    hdma_sdio_rx                             0x200004c8   Data          96  sdio.o(.bss)
    hdma_sdio_tx                             0x20000528   Data          96  sdio.o(.bss)
    hspi1                                    0x20000588   Data          88  spi.o(.bss)
    hdma_spi1_rx                             0x200005e0   Data          96  spi.o(.bss)
    hdma_spi1_tx                             0x20000640   Data          96  spi.o(.bss)
    htim2                                    0x200006a0   Data          72  tim.o(.bss)
    htim3                                    0x200006e8   Data          72  tim.o(.bss)
    huart1                                   0x20000730   Data          72  usart.o(.bss)
    hdma_usart1_rx                           0x20000778   Data          96  usart.o(.bss)
    hdma_usart1_tx                           0x200007d8   Data          96  usart.o(.bss)
    hUsbDeviceFS                             0x20000838   Data         732  usb_device.o(.bss)
    USBD_StrDesc                             0x20000b14   Data         512  usbd_desc.o(.bss)
    usb_Buf                                  0x20000d14   Data         512  usbd_cdc_if.o(.bss)
    UserRxBufferFS                           0x20000f14   Data        1024  usbd_cdc_if.o(.bss)
    UserTxBufferFS                           0x20001314   Data        1024  usbd_cdc_if.o(.bss)
    hpcd_USB_OTG_FS                          0x20001934   Data        1252  usbd_conf.o(.bss)
    sine_wave                                0x20001e18   Data         512  logic_run.o(.bss)
    read                                     0x20002018   Data         512  logic_run.o(.bss)
    BG_MIDI_data                             0x20002218   Data        2128  midi_controller.o(.bss)
    __initial_sp                             0x20004a68   Data           0  startup_stm32f401xc.o(STACK)



==============================================================================

Memory Map of the image

  Image Entry point : 0x08000195

  Load Region LR_IROM1 (Base: 0x08000000, Size: 0x00009714, Max: 0x00040000, ABSOLUTE, COMPRESSED[0x00009504])

    Execution Region ER_IROM1 (Exec base: 0x08000000, Load base: 0x08000000, Size: 0x000093c0, Max: 0x00040000, ABSOLUTE)

    Exec Addr    Load Addr    Size         Type   Attr      Idx    E Section Name        Object

    0x08000000   0x08000000   0x00000194   Data   RO            3    RESET               startup_stm32f401xc.o
    0x08000194   0x08000194   0x00000000   Code   RO         6871  * .ARM.Collect$$$$00000000  mc_w.l(entry.o)
    0x08000194   0x08000194   0x00000004   Code   RO         6999    .ARM.Collect$$$$00000001  mc_w.l(entry2.o)
    0x08000198   0x08000198   0x00000004   Code   RO         7002    .ARM.Collect$$$$00000004  mc_w.l(entry5.o)
    0x0800019c   0x0800019c   0x00000000   Code   RO         7004    .ARM.Collect$$$$00000008  mc_w.l(entry7b.o)
    0x0800019c   0x0800019c   0x00000000   Code   RO         7006    .ARM.Collect$$$$0000000A  mc_w.l(entry8b.o)
    0x0800019c   0x0800019c   0x00000008   Code   RO         7007    .ARM.Collect$$$$0000000B  mc_w.l(entry9a.o)
    0x080001a4   0x080001a4   0x00000004   Code   RO         7014    .ARM.Collect$$$$0000000E  mc_w.l(entry12b.o)
    0x080001a8   0x080001a8   0x00000000   Code   RO         7009    .ARM.Collect$$$$0000000F  mc_w.l(entry10a.o)
    0x080001a8   0x080001a8   0x00000000   Code   RO         7011    .ARM.Collect$$$$00000011  mc_w.l(entry11a.o)
    0x080001a8   0x080001a8   0x00000004   Code   RO         7000    .ARM.Collect$$$$00002712  mc_w.l(entry2.o)
    0x080001ac   0x080001ac   0x00000024   Code   RO            4    .text               startup_stm32f401xc.o
    0x080001d0   0x080001d0   0x00000062   Code   RO         6874    .text               mc_w.l(uldiv.o)
    0x08000232   0x08000232   0x00000024   Code   RO         6876    .text               mc_w.l(memcpya.o)
    0x08000256   0x08000256   0x00000024   Code   RO         6878    .text               mc_w.l(memseta.o)
    0x0800027a   0x0800027a   0x000000e4   Code   RO         6938    .text               mf_w.l(dmul.o)
    0x0800035e   0x0800035e   0x000000de   Code   RO         6940    .text               mf_w.l(ddiv.o)
    0x0800043c   0x0800043c   0x0000003e   Code   RO         6942    .text               mf_w.l(dfixi.o)
    0x0800047a   0x0800047a   0x00000026   Code   RO         6944    .text               mf_w.l(f2d.o)
    0x080004a0   0x080004a0   0x0000002c   Code   RO         7018    .text               mc_w.l(uidiv.o)
    0x080004cc   0x080004cc   0x0000001e   Code   RO         7020    .text               mc_w.l(llshl.o)
    0x080004ea   0x080004ea   0x00000020   Code   RO         7022    .text               mc_w.l(llushr.o)
    0x0800050a   0x0800050a   0x00000000   Code   RO         7033    .text               mc_w.l(iusefp.o)
    0x0800050a   0x0800050a   0x000000ba   Code   RO         7036    .text               mf_w.l(depilogue.o)
    0x080005c4   0x080005c4   0x0000014e   Code   RO         7038    .text               mf_w.l(dadd.o)
    0x08000712   0x08000712   0x00000022   Code   RO         7044    .text               mf_w.l(dflti.o)
    0x08000734   0x08000734   0x00000030   Code   RO         7046    .text               mf_w.l(dfixul.o)
    0x08000764   0x08000764   0x00000030   Code   RO         7048    .text               mf_w.l(cdrcmple.o)
    0x08000794   0x08000794   0x00000024   Code   RO         7050    .text               mc_w.l(init.o)
    0x080007b8   0x080007b8   0x00000024   Code   RO         7053    .text               mc_w.l(llsshr.o)
    0x080007dc   0x080007dc   0x0000001a   Code   RO         7058    .text               mf_w.l(dfltui.o)
    0x080007f6   0x080007f6   0x00000056   Code   RO         7070    .text               mc_w.l(__dczerorl2.o)
    0x0800084c   0x0800084c   0x00000128   Code   RO         2517    i.ADC_Init          stm32f4xx_hal_adc.o
    0x08000974   0x08000974   0x00000040   Code   RO         6708    i.AllNoteOff        standard_request _processing.o
    0x080009b4   0x080009b4   0x00000002   Code   RO          564    i.BusFault_Handler  stm32f4xx_it.o
    0x080009b6   0x080009b6   0x00000002   PAD
    0x080009b8   0x080009b8   0x0000002c   Code   RO         6709    i.CCHandle          standard_request _processing.o
    0x080009e4   0x080009e4   0x00000004   Code   RO         5397    i.CDC_Control_FS    usbd_cdc_if.o
    0x080009e8   0x080009e8   0x00000004   Code   RO         5398    i.CDC_DeInit_FS     usbd_cdc_if.o
    0x080009ec   0x080009ec   0x00000024   Code   RO         5399    i.CDC_Init_FS       usbd_cdc_if.o
    0x08000a10   0x08000a10   0x00000038   Code   RO         5400    i.CDC_Receive_FS    usbd_cdc_if.o
    0x08000a48   0x08000a48   0x00000004   Code   RO         5401    i.CDC_TransmitCplt_FS  usbd_cdc_if.o
    0x08000a4c   0x08000a4c   0x0000002c   Code   RO         5402    i.CDC_Transmit_FS   usbd_cdc_if.o
    0x08000a78   0x08000a78   0x00000014   Code   RO         6710    i.ChannelVolume     standard_request _processing.o
    0x08000a8c   0x08000a8c   0x0000000c   Code   RO          565    i.DMA1_Stream4_IRQHandler  stm32f4xx_it.o
    0x08000a98   0x08000a98   0x0000000c   Code   RO          566    i.DMA2_Stream0_IRQHandler  stm32f4xx_it.o
    0x08000aa4   0x08000aa4   0x0000000c   Code   RO          567    i.DMA2_Stream2_IRQHandler  stm32f4xx_it.o
    0x08000ab0   0x08000ab0   0x0000000c   Code   RO          568    i.DMA2_Stream3_IRQHandler  stm32f4xx_it.o
    0x08000abc   0x08000abc   0x0000000c   Code   RO          569    i.DMA2_Stream5_IRQHandler  stm32f4xx_it.o
    0x08000ac8   0x08000ac8   0x0000000c   Code   RO          570    i.DMA2_Stream6_IRQHandler  stm32f4xx_it.o
    0x08000ad4   0x08000ad4   0x0000000c   Code   RO          571    i.DMA2_Stream7_IRQHandler  stm32f4xx_it.o
    0x08000ae0   0x08000ae0   0x00000028   Code   RO         1799    i.DMA_CalcBaseAndBitshift  stm32f4xx_hal_dma.o
    0x08000b08   0x08000b08   0x00000054   Code   RO         1800    i.DMA_CheckFifoParam  stm32f4xx_hal_dma.o
    0x08000b5c   0x08000b5c   0x00000028   Code   RO         1801    i.DMA_SetConfig     stm32f4xx_hal_dma.o
    0x08000b84   0x08000b84   0x00000002   Code   RO          572    i.DebugMon_Handler  stm32f4xx_it.o
    0x08000b86   0x08000b86   0x00000076   Code   RO         6084    i.DisplayButtonDown  bg_lcd.o
    0x08000bfc   0x08000bfc   0x0000007e   Code   RO         6085    i.DisplayButtonUp   bg_lcd.o
    0x08000c7a   0x08000c7a   0x00000030   Code   RO         6350    i.Erase_Write_data_Sector  bg_flash_manager.o
    0x08000caa   0x08000caa   0x00000004   Code   RO           13    i.Error_Handler     main.o
    0x08000cae   0x08000cae   0x00000002   PAD
    0x08000cb0   0x08000cb0   0x00000084   Code   RO         6512    i.GenerateSineWave  logic_run.o
    0x08000d34   0x08000d34   0x000000aa   Code   RO         6087    i.Gui_DrawLine      bg_lcd.o
    0x08000dde   0x08000dde   0x0000001a   Code   RO         6088    i.Gui_DrawPoint     bg_lcd.o
    0x08000df8   0x08000df8   0x00000078   Code   RO         6089    i.Gui_box           bg_lcd.o
    0x08000e70   0x08000e70   0x0000014c   Code   RO         2519    i.HAL_ADC_ConfigChannel  stm32f4xx_hal_adc.o
    0x08000fbc   0x08000fbc   0x00000054   Code   RO         2528    i.HAL_ADC_Init      stm32f4xx_hal_adc.o
    0x08001010   0x08001010   0x00000060   Code   RO          283    i.HAL_ADC_MspInit   adc.o
    0x08001070   0x08001070   0x00000024   Code   RO         1803    i.HAL_DMA_Abort_IT  stm32f4xx_hal_dma.o
    0x08001094   0x08001094   0x000001a0   Code   RO         1807    i.HAL_DMA_IRQHandler  stm32f4xx_hal_dma.o
    0x08001234   0x08001234   0x000000d4   Code   RO         1808    i.HAL_DMA_Init      stm32f4xx_hal_dma.o
    0x08001308   0x08001308   0x0000006e   Code   RO         1812    i.HAL_DMA_Start_IT  stm32f4xx_hal_dma.o
    0x08001376   0x08001376   0x00000002   PAD
    0x08001378   0x08001378   0x00000024   Code   RO         2263    i.HAL_Delay         stm32f4xx_hal.o
    0x0800139c   0x0800139c   0x000001e0   Code   RO         1695    i.HAL_GPIO_Init     stm32f4xx_hal_gpio.o
    0x0800157c   0x0800157c   0x0000000a   Code   RO         1699    i.HAL_GPIO_WritePin  stm32f4xx_hal_gpio.o
    0x08001586   0x08001586   0x00000002   PAD
    0x08001588   0x08001588   0x0000000c   Code   RO         2269    i.HAL_GetTick       stm32f4xx_hal.o
    0x08001594   0x08001594   0x000001f4   Code   RO         2971    i.HAL_I2SEx_FullDuplex_IRQHandler  stm32f4xx_hal_i2s_ex.o
    0x08001788   0x08001788   0x00000002   Code   RO         2975    i.HAL_I2SEx_TxRxCpltCallback  stm32f4xx_hal_i2s_ex.o
    0x0800178a   0x0800178a   0x00000002   Code   RO         2796    i.HAL_I2S_ErrorCallback  stm32f4xx_hal_i2s.o
    0x0800178c   0x0800178c   0x00000006   Code   RO         2798    i.HAL_I2S_GetState  stm32f4xx_hal_i2s.o
    0x08001792   0x08001792   0x00000002   PAD
    0x08001794   0x08001794   0x00000174   Code   RO         2800    i.HAL_I2S_Init      stm32f4xx_hal_i2s.o
    0x08001908   0x08001908   0x000000b8   Code   RO          349    i.HAL_I2S_MspInit   i2s.o
    0x080019c0   0x080019c0   0x00000002   Code   RO         2806    i.HAL_I2S_RxCpltCallback  stm32f4xx_hal_i2s.o
    0x080019c2   0x080019c2   0x00000002   PAD
    0x080019c4   0x080019c4   0x000000c0   Code   RO         2809    i.HAL_I2S_Transmit_DMA  stm32f4xx_hal_i2s.o
    0x08001a84   0x08001a84   0x00000002   Code   RO         2811    i.HAL_I2S_TxCpltCallback  stm32f4xx_hal_i2s.o
    0x08001a86   0x08001a86   0x00000002   Code   RO         2812    i.HAL_I2S_TxHalfCpltCallback  stm32f4xx_hal_i2s.o
    0x08001a88   0x08001a88   0x00000010   Code   RO         2275    i.HAL_IncTick       stm32f4xx_hal.o
    0x08001a98   0x08001a98   0x00000034   Code   RO         2276    i.HAL_Init          stm32f4xx_hal.o
    0x08001acc   0x08001acc   0x00000040   Code   RO         2277    i.HAL_InitTick      stm32f4xx_hal.o
    0x08001b0c   0x08001b0c   0x00000030   Code   RO          706    i.HAL_MspInit       stm32f4xx_hal_msp.o
    0x08001b3c   0x08001b3c   0x0000001a   Code   RO         2111    i.HAL_NVIC_EnableIRQ  stm32f4xx_hal_cortex.o
    0x08001b56   0x08001b56   0x00000002   PAD
    0x08001b58   0x08001b58   0x00000040   Code   RO         2117    i.HAL_NVIC_SetPriority  stm32f4xx_hal_cortex.o
    0x08001b98   0x08001b98   0x00000024   Code   RO         2118    i.HAL_NVIC_SetPriorityGrouping  stm32f4xx_hal_cortex.o
    0x08001bbc   0x08001bbc   0x00000002   Code   RO          969    i.HAL_PCDEx_LPM_Callback  stm32f4xx_hal_pcd_ex.o
    0x08001bbe   0x08001bbe   0x00000008   Code   RO          970    i.HAL_PCDEx_SetRxFiFo  stm32f4xx_hal_pcd_ex.o
    0x08001bc6   0x08001bc6   0x00000044   Code   RO          971    i.HAL_PCDEx_SetTxFiFo  stm32f4xx_hal_pcd_ex.o
    0x08001c0a   0x08001c0a   0x00000008   Code   RO         5474    i.HAL_PCD_ConnectCallback  usbd_conf.o
    0x08001c12   0x08001c12   0x00000012   Code   RO         5475    i.HAL_PCD_DataInStageCallback  usbd_conf.o
    0x08001c24   0x08001c24   0x00000014   Code   RO         5476    i.HAL_PCD_DataOutStageCallback  usbd_conf.o
    0x08001c38   0x08001c38   0x00000008   Code   RO         5477    i.HAL_PCD_DisconnectCallback  usbd_conf.o
    0x08001c40   0x08001c40   0x0000001e   Code   RO          739    i.HAL_PCD_EP_Abort  stm32f4xx_hal_pcd.o
    0x08001c5e   0x08001c5e   0x0000004a   Code   RO          740    i.HAL_PCD_EP_Close  stm32f4xx_hal_pcd.o
    0x08001ca8   0x08001ca8   0x0000005a   Code   RO          741    i.HAL_PCD_EP_ClrStall  stm32f4xx_hal_pcd.o
    0x08001d02   0x08001d02   0x00000012   Code   RO          743    i.HAL_PCD_EP_GetRxCount  stm32f4xx_hal_pcd.o
    0x08001d14   0x08001d14   0x00000062   Code   RO          744    i.HAL_PCD_EP_Open   stm32f4xx_hal_pcd.o
    0x08001d76   0x08001d76   0x00000038   Code   RO          745    i.HAL_PCD_EP_Receive  stm32f4xx_hal_pcd.o
    0x08001dae   0x08001dae   0x00000072   Code   RO          746    i.HAL_PCD_EP_SetStall  stm32f4xx_hal_pcd.o
    0x08001e20   0x08001e20   0x00000032   Code   RO          747    i.HAL_PCD_EP_Transmit  stm32f4xx_hal_pcd.o
    0x08001e52   0x08001e52   0x00000002   PAD
    0x08001e54   0x08001e54   0x0000055c   Code   RO          749    i.HAL_PCD_IRQHandler  stm32f4xx_hal_pcd.o
    0x080023b0   0x080023b0   0x00000008   Code   RO         5478    i.HAL_PCD_ISOINIncompleteCallback  usbd_conf.o
    0x080023b8   0x080023b8   0x00000008   Code   RO         5479    i.HAL_PCD_ISOOUTIncompleteCallback  usbd_conf.o
    0x080023c0   0x080023c0   0x000000cc   Code   RO          752    i.HAL_PCD_Init      stm32f4xx_hal_pcd.o
    0x0800248c   0x0800248c   0x00000084   Code   RO         5481    i.HAL_PCD_MspInit   usbd_conf.o
    0x08002510   0x08002510   0x00000026   Code   RO         5482    i.HAL_PCD_ResetCallback  usbd_conf.o
    0x08002536   0x08002536   0x00000008   Code   RO         5483    i.HAL_PCD_ResumeCallback  usbd_conf.o
    0x0800253e   0x0800253e   0x00000008   Code   RO         5484    i.HAL_PCD_SOFCallback  usbd_conf.o
    0x08002546   0x08002546   0x00000026   Code   RO          758    i.HAL_PCD_SetAddress  stm32f4xx_hal_pcd.o
    0x0800256c   0x0800256c   0x0000000e   Code   RO         5485    i.HAL_PCD_SetupStageCallback  usbd_conf.o
    0x0800257a   0x0800257a   0x00000042   Code   RO          761    i.HAL_PCD_Start     stm32f4xx_hal_pcd.o
    0x080025bc   0x080025bc   0x00000030   Code   RO         5486    i.HAL_PCD_SuspendCallback  usbd_conf.o
    0x080025ec   0x080025ec   0x00000060   Code   RO         1421    i.HAL_RCCEx_GetPeriphCLKFreq  stm32f4xx_hal_rcc_ex.o
    0x0800264c   0x0800264c   0x00000150   Code   RO         1422    i.HAL_RCCEx_PeriphCLKConfig  stm32f4xx_hal_rcc_ex.o
    0x0800279c   0x0800279c   0x00000134   Code   RO         1317    i.HAL_RCC_ClockConfig  stm32f4xx_hal_rcc.o
    0x080028d0   0x080028d0   0x0000000c   Code   RO         1322    i.HAL_RCC_GetHCLKFreq  stm32f4xx_hal_rcc.o
    0x080028dc   0x080028dc   0x00000020   Code   RO         1324    i.HAL_RCC_GetPCLK1Freq  stm32f4xx_hal_rcc.o
    0x080028fc   0x080028fc   0x00000020   Code   RO         1325    i.HAL_RCC_GetPCLK2Freq  stm32f4xx_hal_rcc.o
    0x0800291c   0x0800291c   0x00000060   Code   RO         1326    i.HAL_RCC_GetSysClockFreq  stm32f4xx_hal_rcc.o
    0x0800297c   0x0800297c   0x0000036c   Code   RO         1329    i.HAL_RCC_OscConfig  stm32f4xx_hal_rcc.o
    0x08002ce8   0x08002ce8   0x00000002   Code   RO         3342    i.HAL_SD_AbortCallback  stm32f4xx_hal_sd.o
    0x08002cea   0x08002cea   0x00000002   PAD
    0x08002cec   0x08002cec   0x00000118   Code   RO         3344    i.HAL_SD_ConfigWideBusOperation  stm32f4xx_hal_sd.o
    0x08002e04   0x08002e04   0x00000002   Code   RO         3347    i.HAL_SD_ErrorCallback  stm32f4xx_hal_sd.o
    0x08002e06   0x08002e06   0x00000002   PAD
    0x08002e08   0x08002e08   0x00000198   Code   RO         3349    i.HAL_SD_GetCardCSD  stm32f4xx_hal_sd.o
    0x08002fa0   0x08002fa0   0x0000002c   Code   RO         3351    i.HAL_SD_GetCardState  stm32f4xx_hal_sd.o
    0x08002fcc   0x08002fcc   0x00000208   Code   RO         3355    i.HAL_SD_IRQHandler  stm32f4xx_hal_sd.o
    0x080031d4   0x080031d4   0x00000036   Code   RO         3356    i.HAL_SD_Init       stm32f4xx_hal_sd.o
    0x0800320a   0x0800320a   0x00000002   PAD
    0x0800320c   0x0800320c   0x0000007c   Code   RO         3357    i.HAL_SD_InitCard   stm32f4xx_hal_sd.o
    0x08003288   0x08003288   0x00000144   Code   RO          391    i.HAL_SD_MspInit    sdio.o
    0x080033cc   0x080033cc   0x00000002   Code   RO         3363    i.HAL_SD_RxCpltCallback  stm32f4xx_hal_sd.o
    0x080033ce   0x080033ce   0x00000002   Code   RO         3364    i.HAL_SD_TxCpltCallback  stm32f4xx_hal_sd.o
    0x080033d0   0x080033d0   0x00000002   Code   RO         3591    i.HAL_SPI_ErrorCallback  stm32f4xx_hal_spi.o
    0x080033d2   0x080033d2   0x000000bc   Code   RO         3595    i.HAL_SPI_Init      stm32f4xx_hal_spi.o
    0x0800348e   0x0800348e   0x00000002   PAD
    0x08003490   0x08003490   0x000000d8   Code   RO          433    i.HAL_SPI_MspInit   spi.o
    0x08003568   0x08003568   0x000000e4   Code   RO         3599    i.HAL_SPI_Receive_DMA  stm32f4xx_hal_spi.o
    0x0800364c   0x0800364c   0x00000002   Code   RO         3601    i.HAL_SPI_RxCpltCallback  stm32f4xx_hal_spi.o
    0x0800364e   0x0800364e   0x00000002   Code   RO         3602    i.HAL_SPI_RxHalfCpltCallback  stm32f4xx_hal_spi.o
    0x08003650   0x08003650   0x00000110   Code   RO         3605    i.HAL_SPI_TransmitReceive_DMA  stm32f4xx_hal_spi.o
    0x08003760   0x08003760   0x000000cc   Code   RO         3607    i.HAL_SPI_Transmit_DMA  stm32f4xx_hal_spi.o
    0x0800382c   0x0800382c   0x00000002   Code   RO         3609    i.HAL_SPI_TxCpltCallback  stm32f4xx_hal_spi.o
    0x0800382e   0x0800382e   0x00000002   Code   RO         3610    i.HAL_SPI_TxHalfCpltCallback  stm32f4xx_hal_spi.o
    0x08003830   0x08003830   0x00000002   Code   RO         3611    i.HAL_SPI_TxRxCpltCallback  stm32f4xx_hal_spi.o
    0x08003832   0x08003832   0x00000002   Code   RO         3612    i.HAL_SPI_TxRxHalfCpltCallback  stm32f4xx_hal_spi.o
    0x08003834   0x08003834   0x00000028   Code   RO         2122    i.HAL_SYSTICK_Config  stm32f4xx_hal_cortex.o
    0x0800385c   0x0800385c   0x00000002   Code   RO         4612    i.HAL_TIMEx_BreakCallback  stm32f4xx_hal_tim_ex.o
    0x0800385e   0x0800385e   0x00000002   Code   RO         4613    i.HAL_TIMEx_CommutCallback  stm32f4xx_hal_tim_ex.o
    0x08003860   0x08003860   0x0000007c   Code   RO         4631    i.HAL_TIMEx_MasterConfigSynchronization  stm32f4xx_hal_tim_ex.o
    0x080038dc   0x080038dc   0x0000005a   Code   RO         3908    i.HAL_TIM_Base_Init  stm32f4xx_hal_tim.o
    0x08003936   0x08003936   0x00000002   PAD
    0x08003938   0x08003938   0x00000060   Code   RO          475    i.HAL_TIM_Base_MspInit  tim.o
    0x08003998   0x08003998   0x0000006c   Code   RO         3913    i.HAL_TIM_Base_Start_IT  stm32f4xx_hal_tim.o
    0x08003a04   0x08003a04   0x000000dc   Code   RO         3917    i.HAL_TIM_ConfigClockSource  stm32f4xx_hal_tim.o
    0x08003ae0   0x08003ae0   0x00000002   Code   RO         3942    i.HAL_TIM_IC_CaptureCallback  stm32f4xx_hal_tim.o
    0x08003ae2   0x08003ae2   0x00000130   Code   RO         3956    i.HAL_TIM_IRQHandler  stm32f4xx_hal_tim.o
    0x08003c12   0x08003c12   0x00000002   Code   RO         3959    i.HAL_TIM_OC_DelayElapsedCallback  stm32f4xx_hal_tim.o
    0x08003c14   0x08003c14   0x00000002   Code   RO         3986    i.HAL_TIM_PWM_PulseFinishedCallback  stm32f4xx_hal_tim.o
    0x08003c16   0x08003c16   0x00000002   Code   RO         6513    i.HAL_TIM_PeriodElapsedCallback  logic_run.o
    0x08003c18   0x08003c18   0x00000002   Code   RO         3999    i.HAL_TIM_TriggerCallback  stm32f4xx_hal_tim.o
    0x08003c1a   0x08003c1a   0x00000064   Code   RO         4909    i.HAL_UART_Init     stm32f4xx_hal_uart.o
    0x08003c7e   0x08003c7e   0x00000002   PAD
    0x08003c80   0x08003c80   0x000000e0   Code   RO          523    i.HAL_UART_MspInit  usart.o
    0x08003d60   0x08003d60   0x00000002   Code   RO          573    i.HardFault_Handler  stm32f4xx_it.o
    0x08003d62   0x08003d62   0x00000002   PAD
    0x08003d64   0x08003d64   0x00000060   Code   RO         2978    i.I2SEx_RxISR_I2SExt  stm32f4xx_hal_i2s_ex.o
    0x08003dc4   0x08003dc4   0x00000060   Code   RO         2979    i.I2SEx_TxISR_I2SExt  stm32f4xx_hal_i2s_ex.o
    0x08003e24   0x08003e24   0x00000028   Code   RO         2813    i.I2S_DMAError      stm32f4xx_hal_i2s.o
    0x08003e4c   0x08003e4c   0x00000024   Code   RO         2816    i.I2S_DMATxCplt     stm32f4xx_hal_i2s.o
    0x08003e70   0x08003e70   0x0000000a   Code   RO         2817    i.I2S_DMATxHalfCplt  stm32f4xx_hal_i2s.o
    0x08003e7a   0x08003e7a   0x000000f2   Code   RO         2818    i.I2S_IRQHandler    stm32f4xx_hal_i2s.o
    0x08003f6c   0x08003f6c   0x00000038   Code   RO         5311    i.IntToUnicode      usbd_desc.o
    0x08003fa4   0x08003fa4   0x00000044   Code   RO         6092    i.LCD_WriteData_16Bit  bg_lcd.o
    0x08003fe8   0x08003fe8   0x00000088   Code   RO         6093    i.Lcd_Clear         bg_lcd.o
    0x08004070   0x08004070   0x00000052   Code   RO         6096    i.Lcd_SetRegion     bg_lcd.o
    0x080040c2   0x080040c2   0x00000008   Code   RO         6097    i.Lcd_SetXY         bg_lcd.o
    0x080040ca   0x080040ca   0x00000002   PAD
    0x080040cc   0x080040cc   0x00000034   Code   RO         6098    i.Lcd_WriteData     bg_lcd.o
    0x08004100   0x08004100   0x00000034   Code   RO         6099    i.Lcd_WriteIndex    bg_lcd.o
    0x08004134   0x08004134   0x00000198   Code   RO         6642    i.MIDI_Callback     midi_controller.o
    0x080042cc   0x080042cc   0x00000010   Code   RO         6643    i.MIDI_Init         midi_controller.o
    0x080042dc   0x080042dc   0x00000038   Code   RO         6644    i.MIDI_Message_Handle  midi_controller.o
    0x08004314   0x08004314   0x0000009c   Code   RO          284    i.MX_ADC1_Init      adc.o
    0x080043b0   0x080043b0   0x0000009c   Code   RO          324    i.MX_DMA_Init       dma.o
    0x0800444c   0x0800444c   0x000000ec   Code   RO          258    i.MX_GPIO_Init      gpio.o
    0x08004538   0x08004538   0x0000003c   Code   RO          350    i.MX_I2S2_Init      i2s.o
    0x08004574   0x08004574   0x00000040   Code   RO          392    i.MX_SDIO_SD_Init   sdio.o
    0x080045b4   0x080045b4   0x00000044   Code   RO          434    i.MX_SPI1_Init      spi.o
    0x080045f8   0x080045f8   0x00000068   Code   RO          477    i.MX_TIM3_Init      tim.o
    0x08004660   0x08004660   0x00000038   Code   RO          524    i.MX_USART1_UART_Init  usart.o
    0x08004698   0x08004698   0x00000054   Code   RO         5280    i.MX_USB_DEVICE_Init  usb_device.o
    0x080046ec   0x080046ec   0x00000002   Code   RO          574    i.MemManage_Handler  stm32f4xx_it.o
    0x080046ee   0x080046ee   0x00000002   PAD
    0x080046f0   0x080046f0   0x00000024   Code   RO         6711    i.MonoOn            standard_request _processing.o
    0x08004714   0x08004714   0x00000002   Code   RO          575    i.NMI_Handler       stm32f4xx_it.o
    0x08004716   0x08004716   0x00000002   PAD
    0x08004718   0x08004718   0x00000040   Code   RO         6712    i.NoteOffHandle     standard_request _processing.o
    0x08004758   0x08004758   0x0000013c   Code   RO         6713    i.NoteOnHandle      standard_request _processing.o
    0x08004894   0x08004894   0x0000000c   Code   RO          576    i.OTG_FS_IRQHandler  stm32f4xx_it.o
    0x080048a0   0x080048a0   0x000000cc   Code   RO          765    i.PCD_EP_OutXfrComplete_int  stm32f4xx_hal_pcd.o
    0x0800496c   0x0800496c   0x000000a2   Code   RO          766    i.PCD_WriteEmptyTxFifo  stm32f4xx_hal_pcd.o
    0x08004a0e   0x08004a0e   0x00000002   Code   RO          577    i.PendSV_Handler    stm32f4xx_it.o
    0x08004a10   0x08004a10   0x00000024   Code   RO         6824    i.PlayCallback      play.o
    0x08004a34   0x08004a34   0x0000001c   Code   RO         6714    i.PolyOn            standard_request _processing.o
    0x08004a50   0x08004a50   0x00000028   Code   RO         6715    i.ProgramChange     standard_request _processing.o
    0x08004a78   0x08004a78   0x00000024   Code   RO         3055    i.SDIO_ConfigData   stm32f4xx_ll_sdmmc.o
    0x08004a9c   0x08004a9c   0x00000008   Code   RO         3059    i.SDIO_GetPowerState  stm32f4xx_ll_sdmmc.o
    0x08004aa4   0x08004aa4   0x00000006   Code   RO         3060    i.SDIO_GetResponse  stm32f4xx_ll_sdmmc.o
    0x08004aaa   0x08004aaa   0x00000002   PAD
    0x08004aac   0x08004aac   0x0000000c   Code   RO          578    i.SDIO_IRQHandler   stm32f4xx_it.o
    0x08004ab8   0x08004ab8   0x00000024   Code   RO         3061    i.SDIO_Init         stm32f4xx_ll_sdmmc.o
    0x08004adc   0x08004adc   0x00000008   Code   RO         3063    i.SDIO_PowerState_ON  stm32f4xx_ll_sdmmc.o
    0x08004ae4   0x08004ae4   0x00000006   Code   RO         3064    i.SDIO_ReadFIFO     stm32f4xx_ll_sdmmc.o
    0x08004aea   0x08004aea   0x00000020   Code   RO         3065    i.SDIO_SendCommand  stm32f4xx_ll_sdmmc.o
    0x08004b0a   0x08004b0a   0x0000000a   Code   RO         3067    i.SDIO_WriteFIFO    stm32f4xx_ll_sdmmc.o
    0x08004b14   0x08004b14   0x00000032   Code   RO         3068    i.SDMMC_CmdAppCommand  stm32f4xx_ll_sdmmc.o
    0x08004b46   0x08004b46   0x00000002   PAD
    0x08004b48   0x08004b48   0x00000034   Code   RO         3069    i.SDMMC_CmdAppOperCommand  stm32f4xx_ll_sdmmc.o
    0x08004b7c   0x08004b7c   0x00000032   Code   RO         3070    i.SDMMC_CmdBlockLength  stm32f4xx_ll_sdmmc.o
    0x08004bae   0x08004bae   0x00000032   Code   RO         3071    i.SDMMC_CmdBusWidth  stm32f4xx_ll_sdmmc.o
    0x08004be0   0x08004be0   0x00000050   Code   RO         3075    i.SDMMC_CmdGoIdleState  stm32f4xx_ll_sdmmc.o
    0x08004c30   0x08004c30   0x00000030   Code   RO         3077    i.SDMMC_CmdOperCond  stm32f4xx_ll_sdmmc.o
    0x08004c60   0x08004c60   0x00000032   Code   RO         3082    i.SDMMC_CmdSelDesel  stm32f4xx_ll_sdmmc.o
    0x08004c92   0x08004c92   0x0000002c   Code   RO         3083    i.SDMMC_CmdSendCID  stm32f4xx_ll_sdmmc.o
    0x08004cbe   0x08004cbe   0x0000002c   Code   RO         3084    i.SDMMC_CmdSendCSD  stm32f4xx_ll_sdmmc.o
    0x08004cea   0x08004cea   0x00000030   Code   RO         3086    i.SDMMC_CmdSendSCR  stm32f4xx_ll_sdmmc.o
    0x08004d1a   0x08004d1a   0x00000032   Code   RO         3087    i.SDMMC_CmdSendStatus  stm32f4xx_ll_sdmmc.o
    0x08004d4c   0x08004d4c   0x00000030   Code   RO         3088    i.SDMMC_CmdSetRelAdd  stm32f4xx_ll_sdmmc.o
    0x08004d7c   0x08004d7c   0x00000034   Code   RO         3091    i.SDMMC_CmdStopTransfer  stm32f4xx_ll_sdmmc.o
    0x08004db0   0x08004db0   0x00000120   Code   RO         3095    i.SDMMC_GetCmdResp1  stm32f4xx_ll_sdmmc.o
    0x08004ed0   0x08004ed0   0x00000050   Code   RO         3096    i.SDMMC_GetCmdResp2  stm32f4xx_ll_sdmmc.o
    0x08004f20   0x08004f20   0x00000044   Code   RO         3097    i.SDMMC_GetCmdResp3  stm32f4xx_ll_sdmmc.o
    0x08004f64   0x08004f64   0x00000088   Code   RO         3098    i.SDMMC_GetCmdResp6  stm32f4xx_ll_sdmmc.o
    0x08004fec   0x08004fec   0x00000058   Code   RO         3099    i.SDMMC_GetCmdResp7  stm32f4xx_ll_sdmmc.o
    0x08005044   0x08005044   0x00000044   Code   RO         3370    i.SD_DMARxAbort     stm32f4xx_hal_sd.o
    0x08005088   0x08005088   0x00000044   Code   RO         3372    i.SD_DMATxAbort     stm32f4xx_hal_sd.o
    0x080050cc   0x080050cc   0x000000e0   Code   RO         3373    i.SD_FindSCR        stm32f4xx_hal_sd.o
    0x080051ac   0x080051ac   0x000000ee   Code   RO         3374    i.SD_InitCard       stm32f4xx_hal_sd.o
    0x0800529a   0x0800529a   0x00000002   PAD
    0x0800529c   0x0800529c   0x000000b4   Code   RO         3375    i.SD_PowerON        stm32f4xx_hal_sd.o
    0x08005350   0x08005350   0x00000022   Code   RO         3623    i.SPI_DMAError      stm32f4xx_hal_spi.o
    0x08005372   0x08005372   0x0000000a   Code   RO         3624    i.SPI_DMAHalfReceiveCplt  stm32f4xx_hal_spi.o
    0x0800537c   0x0800537c   0x0000000a   Code   RO         3625    i.SPI_DMAHalfTransmitCplt  stm32f4xx_hal_spi.o
    0x08005386   0x08005386   0x0000000a   Code   RO         3626    i.SPI_DMAHalfTransmitReceiveCplt  stm32f4xx_hal_spi.o
    0x08005390   0x08005390   0x0000006a   Code   RO         3627    i.SPI_DMAReceiveCplt  stm32f4xx_hal_spi.o
    0x080053fa   0x080053fa   0x00000064   Code   RO         3629    i.SPI_DMATransmitCplt  stm32f4xx_hal_spi.o
    0x0800545e   0x0800545e   0x0000005a   Code   RO         3630    i.SPI_DMATransmitReceiveCplt  stm32f4xx_hal_spi.o
    0x080054b8   0x080054b8   0x0000005c   Code   RO         3632    i.SPI_EndRxTransaction  stm32f4xx_hal_spi.o
    0x08005514   0x08005514   0x0000006c   Code   RO         3633    i.SPI_EndRxTxTransaction  stm32f4xx_hal_spi.o
    0x08005580   0x08005580   0x000000b8   Code   RO         3638    i.SPI_WaitFlagStateUntilTimeout  stm32f4xx_hal_spi.o
    0x08005638   0x08005638   0x00000002   Code   RO          579    i.SVC_Handler       stm32f4xx_it.o
    0x0800563a   0x0800563a   0x0000000a   Code   RO         5840    i.SWAPBYTE          usbd_ctlreq.o
    0x08005644   0x08005644   0x00000002   Code   RO         6101    i.ShowChar          bg_lcd.o
    0x08005646   0x08005646   0x00000004   Code   RO          580    i.SysTick_Handler   stm32f4xx_it.o
    0x0800564a   0x0800564a   0x00000002   PAD
    0x0800564c   0x0800564c   0x00000090   Code   RO           14    i.SystemClock_Config  main.o
    0x080056dc   0x080056dc   0x00000010   Code   RO         5243    i.SystemInit        system_stm32f4xx.o
    0x080056ec   0x080056ec   0x0000000c   Code   RO          581    i.TIM2_IRQHandler   stm32f4xx_it.o
    0x080056f8   0x080056f8   0x0000000c   Code   RO          582    i.TIM3_IRQHandler   stm32f4xx_it.o
    0x08005704   0x08005704   0x000000a4   Code   RO         4001    i.TIM_Base_SetConfig  stm32f4xx_hal_tim.o
    0x080057a8   0x080057a8   0x00000014   Code   RO         4012    i.TIM_ETR_SetConfig  stm32f4xx_hal_tim.o
    0x080057bc   0x080057bc   0x00000010   Code   RO         4013    i.TIM_ITRx_SetConfig  stm32f4xx_hal_tim.o
    0x080057cc   0x080057cc   0x00000022   Code   RO         4019    i.TIM_TI1_ConfigInputStage  stm32f4xx_hal_tim.o
    0x080057ee   0x080057ee   0x00000024   Code   RO         4021    i.TIM_TI2_ConfigInputStage  stm32f4xx_hal_tim.o
    0x08005812   0x08005812   0x00000002   PAD
    0x08005814   0x08005814   0x0000010c   Code   RO         4935    i.UART_SetConfig    stm32f4xx_hal_uart.o
    0x08005920   0x08005920   0x00000076   Code   RO         5978    i.USBD_CDC_DataIn   usbd_cdc.o
    0x08005996   0x08005996   0x0000003c   Code   RO         5979    i.USBD_CDC_DataOut  usbd_cdc.o
    0x080059d2   0x080059d2   0x00000002   PAD
    0x080059d4   0x080059d4   0x00000090   Code   RO         5980    i.USBD_CDC_DeInit   usbd_cdc.o
    0x08005a64   0x08005a64   0x00000036   Code   RO         5981    i.USBD_CDC_EP0_RxReady  usbd_cdc.o
    0x08005a9a   0x08005a9a   0x00000002   PAD
    0x08005a9c   0x08005a9c   0x0000000c   Code   RO         5982    i.USBD_CDC_GetDeviceQualifierDescriptor  usbd_cdc.o
    0x08005aa8   0x08005aa8   0x0000003c   Code   RO         5983    i.USBD_CDC_GetFSCfgDesc  usbd_cdc.o
    0x08005ae4   0x08005ae4   0x00000040   Code   RO         5984    i.USBD_CDC_GetHSCfgDesc  usbd_cdc.o
    0x08005b24   0x08005b24   0x0000003c   Code   RO         5985    i.USBD_CDC_GetOtherSpeedCfgDesc  usbd_cdc.o
    0x08005b60   0x08005b60   0x00000118   Code   RO         5986    i.USBD_CDC_Init     usbd_cdc.o
    0x08005c78   0x08005c78   0x00000038   Code   RO         5987    i.USBD_CDC_ReceivePacket  usbd_cdc.o
    0x08005cb0   0x08005cb0   0x00000016   Code   RO         5988    i.USBD_CDC_RegisterInterface  usbd_cdc.o
    0x08005cc6   0x08005cc6   0x0000001a   Code   RO         5989    i.USBD_CDC_SetRxBuffer  usbd_cdc.o
    0x08005ce0   0x08005ce0   0x0000001e   Code   RO         5990    i.USBD_CDC_SetTxBuffer  usbd_cdc.o
    0x08005cfe   0x08005cfe   0x000000d4   Code   RO         5991    i.USBD_CDC_Setup    usbd_cdc.o
    0x08005dd2   0x08005dd2   0x00000002   PAD
    0x08005dd4   0x08005dd4   0x00000050   Code   RO         5992    i.USBD_CDC_TransmitPacket  usbd_cdc.o
    0x08005e24   0x08005e24   0x00000014   Code   RO         5681    i.USBD_ClrClassConfig  usbd_core.o
    0x08005e38   0x08005e38   0x00000004   Code   RO         5682    i.USBD_CoreFindEP   usbd_core.o
    0x08005e3c   0x08005e3c   0x00000004   Code   RO         5683    i.USBD_CoreFindIF   usbd_core.o
    0x08005e40   0x08005e40   0x00000010   Code   RO         5918    i.USBD_CtlContinueRx  usbd_ioreq.o
    0x08005e50   0x08005e50   0x00000010   Code   RO         5919    i.USBD_CtlContinueSendData  usbd_ioreq.o
    0x08005e60   0x08005e60   0x00000016   Code   RO         5841    i.USBD_CtlError     usbd_ctlreq.o
    0x08005e76   0x08005e76   0x0000001e   Code   RO         5920    i.USBD_CtlPrepareRx  usbd_ioreq.o
    0x08005e94   0x08005e94   0x00000016   Code   RO         5921    i.USBD_CtlReceiveStatus  usbd_ioreq.o
    0x08005eaa   0x08005eaa   0x0000001a   Code   RO         5922    i.USBD_CtlSendData  usbd_ioreq.o
    0x08005ec4   0x08005ec4   0x00000016   Code   RO         5923    i.USBD_CtlSendStatus  usbd_ioreq.o
    0x08005eda   0x08005eda   0x00000002   PAD
    0x08005edc   0x08005edc   0x00000020   Code   RO         5312    i.USBD_FS_ConfigStrDescriptor  usbd_desc.o
    0x08005efc   0x08005efc   0x0000000c   Code   RO         5313    i.USBD_FS_DeviceDescriptor  usbd_desc.o
    0x08005f08   0x08005f08   0x00000024   Code   RO         5314    i.USBD_FS_InterfaceStrDescriptor  usbd_desc.o
    0x08005f2c   0x08005f2c   0x0000000c   Code   RO         5315    i.USBD_FS_LangIDStrDescriptor  usbd_desc.o
    0x08005f38   0x08005f38   0x0000001c   Code   RO         5316    i.USBD_FS_ManufacturerStrDescriptor  usbd_desc.o
    0x08005f54   0x08005f54   0x0000002c   Code   RO         5317    i.USBD_FS_ProductStrDescriptor  usbd_desc.o
    0x08005f80   0x08005f80   0x00000038   Code   RO         5318    i.USBD_FS_SerialStrDescriptor  usbd_desc.o
    0x08005fb8   0x08005fb8   0x000000e6   Code   RO         5842    i.USBD_GetDescriptor  usbd_ctlreq.o
    0x0800609e   0x0800609e   0x0000003a   Code   RO         5685    i.USBD_GetEpDesc    usbd_core.o
    0x080060d8   0x080060d8   0x00000014   Code   RO         5843    i.USBD_GetLen       usbd_ctlreq.o
    0x080060ec   0x080060ec   0x0000000e   Code   RO         5686    i.USBD_GetNextDesc  usbd_core.o
    0x080060fa   0x080060fa   0x0000004e   Code   RO         5844    i.USBD_GetString    usbd_ctlreq.o
    0x08006148   0x08006148   0x00000018   Code   RO         5487    i.USBD_Get_USB_Status  usbd_conf.o
    0x08006160   0x08006160   0x00000026   Code   RO         5687    i.USBD_Init         usbd_core.o
    0x08006186   0x08006186   0x00000012   Code   RO         5488    i.USBD_LL_ClearStallEP  usbd_conf.o
    0x08006198   0x08006198   0x00000012   Code   RO         5489    i.USBD_LL_CloseEP   usbd_conf.o
    0x080061aa   0x080061aa   0x000000b6   Code   RO         5688    i.USBD_LL_DataInStage  usbd_core.o
    0x08006260   0x08006260   0x0000008e   Code   RO         5689    i.USBD_LL_DataOutStage  usbd_core.o
    0x080062ee   0x080062ee   0x00000004   Code   RO         5690    i.USBD_LL_DevConnected  usbd_core.o
    0x080062f2   0x080062f2   0x0000001e   Code   RO         5691    i.USBD_LL_DevDisconnected  usbd_core.o
    0x08006310   0x08006310   0x00000008   Code   RO         5493    i.USBD_LL_GetRxDataSize  usbd_conf.o
    0x08006318   0x08006318   0x00000060   Code   RO         5494    i.USBD_LL_Init      usbd_conf.o
    0x08006378   0x08006378   0x0000001e   Code   RO         5495    i.USBD_LL_IsStallEP  usbd_conf.o
    0x08006396   0x08006396   0x00000028   Code   RO         5692    i.USBD_LL_IsoINIncomplete  usbd_core.o
    0x080063be   0x080063be   0x00000028   Code   RO         5693    i.USBD_LL_IsoOUTIncomplete  usbd_core.o
    0x080063e6   0x080063e6   0x00000018   Code   RO         5496    i.USBD_LL_OpenEP    usbd_conf.o
    0x080063fe   0x080063fe   0x00000012   Code   RO         5497    i.USBD_LL_PrepareReceive  usbd_conf.o
    0x08006410   0x08006410   0x0000005c   Code   RO         5694    i.USBD_LL_Reset     usbd_core.o
    0x0800646c   0x0800646c   0x00000014   Code   RO         5695    i.USBD_LL_Resume    usbd_core.o
    0x08006480   0x08006480   0x0000001a   Code   RO         5696    i.USBD_LL_SOF       usbd_core.o
    0x0800649a   0x0800649a   0x00000006   Code   RO         5697    i.USBD_LL_SetSpeed  usbd_core.o
    0x080064a0   0x080064a0   0x00000012   Code   RO         5498    i.USBD_LL_SetUSBAddress  usbd_conf.o
    0x080064b2   0x080064b2   0x00000060   Code   RO         5698    i.USBD_LL_SetupStage  usbd_core.o
    0x08006512   0x08006512   0x00000012   Code   RO         5499    i.USBD_LL_StallEP   usbd_conf.o
    0x08006524   0x08006524   0x00000012   Code   RO         5500    i.USBD_LL_Start     usbd_conf.o
    0x08006536   0x08006536   0x0000001a   Code   RO         5699    i.USBD_LL_Suspend   usbd_core.o
    0x08006550   0x08006550   0x00000012   Code   RO         5502    i.USBD_LL_Transmit  usbd_conf.o
    0x08006562   0x08006562   0x0000002c   Code   RO         5845    i.USBD_ParseSetupRequest  usbd_ctlreq.o
    0x0800658e   0x0800658e   0x0000003a   Code   RO         5700    i.USBD_RegisterClass  usbd_core.o
    0x080065c8   0x080065c8   0x00000014   Code   RO         5702    i.USBD_SetClassConfig  usbd_core.o
    0x080065dc   0x080065dc   0x000000b8   Code   RO         5846    i.USBD_SetConfig    usbd_ctlreq.o
    0x08006694   0x08006694   0x00000004   Code   RO         5703    i.USBD_Start        usbd_core.o
    0x08006698   0x08006698   0x0000012c   Code   RO         5847    i.USBD_StdDevReq    usbd_ctlreq.o
    0x080067c4   0x080067c4   0x00000160   Code   RO         5848    i.USBD_StdEPReq     usbd_ctlreq.o
    0x08006924   0x08006924   0x00000072   Code   RO         5849    i.USBD_StdItfReq    usbd_ctlreq.o
    0x08006996   0x08006996   0x00000002   Code   RO         5503    i.USBD_static_free  usbd_conf.o
    0x08006998   0x08006998   0x00000008   Code   RO         5504    i.USBD_static_malloc  usbd_conf.o
    0x080069a0   0x080069a0   0x00000080   Code   RO         1011    i.USB_ActivateEndpoint  stm32f4xx_ll_usb.o
    0x08006a20   0x08006a20   0x0000001c   Code   RO         1013    i.USB_ActivateSetup  stm32f4xx_ll_usb.o
    0x08006a3c   0x08006a3c   0x00000084   Code   RO         1015    i.USB_CoreInit      stm32f4xx_ll_usb.o
    0x08006ac0   0x08006ac0   0x0000003c   Code   RO         1016    i.USB_CoreReset     stm32f4xx_ll_usb.o
    0x08006afc   0x08006afc   0x000000cc   Code   RO         1019    i.USB_DeactivateEndpoint  stm32f4xx_ll_usb.o
    0x08006bc8   0x08006bc8   0x0000001c   Code   RO         1020    i.USB_DevConnect    stm32f4xx_ll_usb.o
    0x08006be4   0x08006be4   0x0000001c   Code   RO         1021    i.USB_DevDisconnect  stm32f4xx_ll_usb.o
    0x08006c00   0x08006c00   0x0000017c   Code   RO         1022    i.USB_DevInit       stm32f4xx_ll_usb.o
    0x08006d7c   0x08006d7c   0x0000000c   Code   RO         1023    i.USB_DisableGlobalInt  stm32f4xx_ll_usb.o
    0x08006d88   0x08006d88   0x00000058   Code   RO         1026    i.USB_EP0_OutStart  stm32f4xx_ll_usb.o
    0x08006de0   0x08006de0   0x00000058   Code   RO         1027    i.USB_EPClearStall  stm32f4xx_ll_usb.o
    0x08006e38   0x08006e38   0x00000058   Code   RO         1028    i.USB_EPSetStall    stm32f4xx_ll_usb.o
    0x08006e90   0x08006e90   0x00000238   Code   RO         1029    i.USB_EPStartXfer   stm32f4xx_ll_usb.o
    0x080070c8   0x080070c8   0x0000009e   Code   RO         1030    i.USB_EPStopXfer    stm32f4xx_ll_usb.o
    0x08007166   0x08007166   0x0000000c   Code   RO         1031    i.USB_EnableGlobalInt  stm32f4xx_ll_usb.o
    0x08007172   0x08007172   0x00000038   Code   RO         1032    i.USB_FlushRxFifo   stm32f4xx_ll_usb.o
    0x080071aa   0x080071aa   0x0000003c   Code   RO         1033    i.USB_FlushTxFifo   stm32f4xx_ll_usb.o
    0x080071e6   0x080071e6   0x0000001a   Code   RO         1035    i.USB_GetDevSpeed   stm32f4xx_ll_usb.o
    0x08007200   0x08007200   0x00000008   Code   RO         1037    i.USB_GetMode       stm32f4xx_ll_usb.o
    0x08007208   0x08007208   0x0000000e   Code   RO         1045    i.USB_ReadDevAllInEpInterrupt  stm32f4xx_ll_usb.o
    0x08007216   0x08007216   0x0000000e   Code   RO         1046    i.USB_ReadDevAllOutEpInterrupt  stm32f4xx_ll_usb.o
    0x08007224   0x08007224   0x00000024   Code   RO         1047    i.USB_ReadDevInEPInterrupt  stm32f4xx_ll_usb.o
    0x08007248   0x08007248   0x00000010   Code   RO         1048    i.USB_ReadDevOutEPInterrupt  stm32f4xx_ll_usb.o
    0x08007258   0x08007258   0x00000008   Code   RO         1049    i.USB_ReadInterrupts  stm32f4xx_ll_usb.o
    0x08007260   0x08007260   0x0000003e   Code   RO         1050    i.USB_ReadPacket    stm32f4xx_ll_usb.o
    0x0800729e   0x0800729e   0x0000005c   Code   RO         1052    i.USB_SetCurrentMode  stm32f4xx_ll_usb.o
    0x080072fa   0x080072fa   0x00000022   Code   RO         1053    i.USB_SetDevAddress  stm32f4xx_ll_usb.o
    0x0800731c   0x0800731c   0x000000e8   Code   RO         1055    i.USB_SetTurnaroundTime  stm32f4xx_ll_usb.o
    0x08007404   0x08007404   0x00000028   Code   RO         1058    i.USB_WritePacket   stm32f4xx_ll_usb.o
    0x0800742c   0x0800742c   0x00000002   Code   RO          583    i.UsageFault_Handler  stm32f4xx_it.o
    0x0800742e   0x0800742e   0x00000034   Code   RO         6351    i.Windbond_GetCapacity  bg_flash_manager.o
    0x08007462   0x08007462   0x00000046   Code   RO         6352    i.Write_Page        bg_flash_manager.o
    0x080074a8   0x080074a8   0x00000034   Code   RO         6888    i.__0vsnprintf      mc_w.l(printfa.o)
    0x080074dc   0x080074dc   0x00000030   Code   RO         6971    i.__ARM_fpclassify  m_wm.l(fpclassify.o)
    0x0800750c   0x0800750c   0x00000020   Code   RO         2124    i.__NVIC_SetPriority  stm32f4xx_hal_cortex.o
    0x0800752c   0x0800752c   0x00000004   PAD
    0x08007530   0x08007530   0x000000c8   Code   RO         6859    i.__hardfp_sin      m_wm.l(sin.o)
    0x080075f8   0x080075f8   0x00000438   Code   RO         6976    i.__ieee754_rem_pio2  m_wm.l(rred.o)
    0x08007a30   0x08007a30   0x00000170   Code   RO         6948    i.__kernel_cos      m_wm.l(cos_i.o)
    0x08007ba0   0x08007ba0   0x000000f8   Code   RO         6973    i.__kernel_poly     m_wm.l(poly.o)
    0x08007c98   0x08007c98   0x00000130   Code   RO         6981    i.__kernel_sin      m_wm.l(sin_i.o)
    0x08007dc8   0x08007dc8   0x00000014   Code   RO         6952    i.__mathlib_dbl_infnan  m_wm.l(dunder.o)
    0x08007ddc   0x08007ddc   0x00000004   PAD
    0x08007de0   0x08007de0   0x00000020   Code   RO         6954    i.__mathlib_dbl_invalid  m_wm.l(dunder.o)
    0x08007e00   0x08007e00   0x00000020   Code   RO         6957    i.__mathlib_dbl_underflow  m_wm.l(dunder.o)
    0x08007e20   0x08007e20   0x0000000e   Code   RO         7064    i.__scatterload_copy  mc_w.l(handlers.o)
    0x08007e2e   0x08007e2e   0x00000002   Code   RO         7065    i.__scatterload_null  mc_w.l(handlers.o)
    0x08007e30   0x08007e30   0x0000000e   Code   RO         7066    i.__scatterload_zeroinit  mc_w.l(handlers.o)
    0x08007e3e   0x08007e3e   0x00000002   PAD
    0x08007e40   0x08007e40   0x0000000c   Code   RO         7028    i.__set_errno       mc_w.l(errno.o)
    0x08007e4c   0x08007e4c   0x00000184   Code   RO         6890    i._fp_digits        mc_w.l(printfa.o)
    0x08007fd0   0x08007fd0   0x000006b4   Code   RO         6891    i._printf_core      mc_w.l(printfa.o)
    0x08008684   0x08008684   0x00000024   Code   RO         6892    i._printf_post_padding  mc_w.l(printfa.o)
    0x080086a8   0x080086a8   0x0000002e   Code   RO         6893    i._printf_pre_padding  mc_w.l(printfa.o)
    0x080086d6   0x080086d6   0x00000016   Code   RO         6894    i._snputc           mc_w.l(printfa.o)
    0x080086ec   0x080086ec   0x0000003c   Code   RO         6646    i.apply_vel         midi_controller.o
    0x08008728   0x08008728   0x0000018c   Code   RO         6785    i.bg_read_callback  bg_read.o
    0x080088b4   0x080088b4   0x00000024   Code   RO         6317    i.delay_ms          delay.o
    0x080088d8   0x080088d8   0x00000022   Code   RO         6318    i.delay_us          delay.o
    0x080088fa   0x080088fa   0x00000018   Code   RO         6967    i.fabs              m_wm.l(fabs.o)
    0x08008912   0x08008912   0x00000002   PAD
    0x08008914   0x08008914   0x0000005c   Code   RO         6353    i.flash_EraseAll    bg_flash_manager.o
    0x08008970   0x08008970   0x0000007c   Code   RO         6354    i.flash_GetRemainingCapacity  bg_flash_manager.o
    0x080089ec   0x080089ec   0x0000006c   Code   RO         6355    i.flash_GetTotalByte  bg_flash_manager.o
    0x08008a58   0x08008a58   0x0000001c   Code   RO         6356    i.flash_IsSectorErased  bg_flash_manager.o
    0x08008a74   0x08008a74   0x000000ac   Code   RO         6357    i.flash_PageProgram  bg_flash_manager.o
    0x08008b20   0x08008b20   0x0000008c   Code   RO         6358    i.flash_ReadData    bg_flash_manager.o
    0x08008bac   0x08008bac   0x00000078   Code   RO         6359    i.flash_ReadID      bg_flash_manager.o
    0x08008c24   0x08008c24   0x00000050   Code   RO         6360    i.flash_ReadStatusReg  bg_flash_manager.o
    0x08008c74   0x08008c74   0x0000008c   Code   RO         6361    i.flash_SectorErase  bg_flash_manager.o
    0x08008d00   0x08008d00   0x00000010   Code   RO         6362    i.flash_WaitForWriteEnd  bg_flash_manager.o
    0x08008d10   0x08008d10   0x00000054   Code   RO         6363    i.flash_WriteEnable  bg_flash_manager.o
    0x08008d64   0x08008d64   0x0000000c   Code   RO         6365    i.flash_init        bg_flash_manager.o
    0x08008d70   0x08008d70   0x00000018   Code   RO         6366    i.flash_read        bg_flash_manager.o
    0x08008d88   0x08008d88   0x0000001c   Code   RO         6367    i.flash_read_byte   bg_flash_manager.o
    0x08008da4   0x08008da4   0x00000010   Code   RO         6514    i.flash_read_func   logic_run.o
    0x08008db4   0x08008db4   0x00000018   Code   RO         6368    i.flash_write       bg_flash_manager.o
    0x08008dcc   0x08008dcc   0x00000018   Code   RO         6369    i.flash_write_byte  bg_flash_manager.o
    0x08008de4   0x08008de4   0x00000010   Code   RO         6516    i.flash_write_func  logic_run.o
    0x08008df4   0x08008df4   0x0000015c   Code   RO         6102    i.gui_Circle        bg_lcd.o
    0x08008f50   0x08008f50   0x00000004   Code   RO         6103    i.lcd_init          bg_lcd.o
    0x08008f54   0x08008f54   0x0000001c   Code   RO         6104    i.lcd_write_byte    bg_lcd.o
    0x08008f70   0x08008f70   0x00000054   Code   RO         6517    i.logic_init        logic_run.o
    0x08008fc4   0x08008fc4   0x00000024   Code   RO         6518    i.logic_run         logic_run.o
    0x08008fe8   0x08008fe8   0x00000044   Code   RO           16    i.main              main.o
    0x0800902c   0x0800902c   0x00000048   Code   RO         6787    i.seek_and_read     bg_read.o
    0x08009074   0x08009074   0x00000040   Code   RO         6105    i.showimage         bg_lcd.o
    0x080090b4   0x080090b4   0x00000184   Code   RO         6246    i.st7735_init       st7735.o
    0x08009238   0x08009238   0x00000024   Code   RO         5403    i.usb_printf        usbd_cdc_if.o
    0x0800925c   0x0800925c   0x00000008   Data   RO         1814    .constdata          stm32f4xx_hal_dma.o
    0x08009264   0x08009264   0x00000010   Data   RO         5244    .constdata          system_stm32f4xx.o
    0x08009274   0x08009274   0x00000008   Data   RO         5245    .constdata          system_stm32f4xx.o
    0x0800927c   0x0800927c   0x00000004   PAD
    0x08009280   0x08009280   0x00000030   Data   RO         6949    .constdata          m_wm.l(cos_i.o)
    0x080092b0   0x080092b0   0x000000c8   Data   RO         6978    .constdata          m_wm.l(rred.o)
    0x08009378   0x08009378   0x00000028   Data   RO         6982    .constdata          m_wm.l(sin_i.o)
    0x080093a0   0x080093a0   0x00000020   Data   RO         7062    Region$$Table       anon$$obj.o


    Execution Region RW_IRAM1 (Exec base: 0x20000000, Load base: 0x080093c0, Size: 0x00004a68, Max: 0x00010000, ABSOLUTE, COMPRESSED[0x00000144])

    Exec Addr    Load Addr    Size         Type   Attr      Idx    E Section Name        Object

    0x20000000   COMPRESSED   0x0000000c   Data   RW         2283    .data               stm32f4xx_hal.o
    0x2000000c   COMPRESSED   0x00000004   Data   RW         5246    .data               system_stm32f4xx.o
    0x20000010   COMPRESSED   0x0000001c   Data   RW         5320    .data               usbd_desc.o
    0x2000002c   COMPRESSED   0x00000032   Data   RW         5321    .data               usbd_desc.o
    0x2000005e   COMPRESSED   0x00000002   PAD
    0x20000060   COMPRESSED   0x00000014   Data   RW         5405    .data               usbd_cdc_if.o
    0x20000074   COMPRESSED   0x00000002   Data   RW         5406    .data               usbd_cdc_if.o
    0x20000076   COMPRESSED   0x00000001   Data   RW         5850    .data               usbd_ctlreq.o
    0x20000077   COMPRESSED   0x00000001   PAD
    0x20000078   COMPRESSED   0x00000053   Data   RW         5993    .data               usbd_cdc.o
    0x200000cb   COMPRESSED   0x00000001   PAD
    0x200000cc   COMPRESSED   0x00000038   Data   RW         5994    .data               usbd_cdc.o
    0x20000104   COMPRESSED   0x00000028   Data   RW         6106    .data               bg_lcd.o
    0x2000012c   COMPRESSED   0x00000030   Data   RW         6370    .data               bg_flash_manager.o
    0x2000015c   COMPRESSED   0x00000018   Data   RW         6608    .data               hardware_interfance.o
    0x20000174   COMPRESSED   0x00000024   Data   RW         6609    .data               hardware_interfance.o
    0x20000198   COMPRESSED   0x00000010   Data   RW         6648    .data               midi_controller.o
    0x200001a8   COMPRESSED   0x00000028   Data   RW         6716    .data               standard_request _processing.o
    0x200001d0   COMPRESSED   0x00000180   Data   RW         6717    .data               standard_request _processing.o
    0x20000350   COMPRESSED   0x00000004   Data   RW         7029    .data               mc_w.l(errno.o)
    0x20000354        -       0x00000048   Zero   RW          285    .bss                adc.o
    0x2000039c        -       0x000000a8   Zero   RW          351    .bss                i2s.o
    0x20000444        -       0x00000144   Zero   RW          393    .bss                sdio.o
    0x20000588        -       0x00000118   Zero   RW          435    .bss                spi.o
    0x200006a0        -       0x00000090   Zero   RW          478    .bss                tim.o
    0x20000730        -       0x00000108   Zero   RW          525    .bss                usart.o
    0x20000838        -       0x000002dc   Zero   RW         5281    .bss                usb_device.o
    0x20000b14        -       0x00000200   Zero   RW         5319    .bss                usbd_desc.o
    0x20000d14        -       0x00000a00   Zero   RW         5404    .bss                usbd_cdc_if.o
    0x20001714        -       0x00000704   Zero   RW         5505    .bss                usbd_conf.o
    0x20001e18        -       0x00000400   Zero   RW         6520    .bss                logic_run.o
    0x20002218        -       0x00000850   Zero   RW         6647    .bss                midi_controller.o
    0x20002a68        -       0x00002000   Zero   RW            1    STACK               startup_stm32f401xc.o


==============================================================================

Image component sizes


      Code (inc. data)   RO Data    RW Data    ZI Data      Debug   Object Name

       252         24          0          0         72       1733   adc.o
      1386        140          0         48          0      16616   bg_flash_manager.o
      1404         38          0         40          0      13107   bg_lcd.o
       468         90          0          0          0       2635   bg_read.o
        70          0          0          0          0       1086   delay.o
       156          4          0          0          0        850   dma.o
       236         16          0          0          0       1019   gpio.o
         0          0          0         60          0       2494   hardware_interfance.o
       244         28          0          0        168       1806   i2s.o
       286         74          0          0       1024       4556   logic_run.o
       216         14          0          0          0     484791   main.o
       540         86          0         16       2128       5772   midi_controller.o
        36          6          0          0          0        959   play.o
       388         32          0          0        324       1927   sdio.o
       284         30          0          0        280       1851   spi.o
       388          6          0          0          0        746   st7735.o
       612         78          0        424          0       7063   standard_request _processing.o
        36          8        404          0       8192        832   startup_stm32f401xc.o
       180         28          0         12          0       9229   stm32f4xx_hal.o
       712         28          0          0          0       2859   stm32f4xx_hal_adc.o
       198         14          0          0          0      33943   stm32f4xx_hal_cortex.o
       938         16          8          0          0       6418   stm32f4xx_hal_dma.o
       490         34          0          0          0       2156   stm32f4xx_hal_gpio.o
       906         32          0          0          0       7988   stm32f4xx_hal_i2s.o
       694         24          0          0          0       3719   stm32f4xx_hal_i2s_ex.o
        48          6          0          0          0        850   stm32f4xx_hal_msp.o
      2576         12          0          0          0      13484   stm32f4xx_hal_pcd.o
        78          0          0          0          0       2377   stm32f4xx_hal_pcd_ex.o
      1356         78          0          0          0       5684   stm32f4xx_hal_rcc.o
       432         44          0          0          0       2269   stm32f4xx_hal_rcc_ex.o
      2216         32          0          0          0      13176   stm32f4xx_hal_sd.o
      1650         60          0          0          0      15128   stm32f4xx_hal_spi.o
      1000         48          0          0          0      10225   stm32f4xx_hal_tim.o
       128         20          0          0          0       2465   stm32f4xx_hal_tim_ex.o
       368         10          0          0          0       2028   stm32f4xx_hal_uart.o
       152         66          0          0          0       9274   stm32f4xx_it.o
      1468         48          0          0          0      20399   stm32f4xx_ll_sdmmc.o
      2700        116          0          0          0      22965   stm32f4xx_ll_usb.o
        16          4         24          4          0       1115   system_stm32f4xx.o
       200         20          0          0        144       1772   tim.o
       280         28          0          0        264       1936   usart.o
        84         18          0          0        732        800   usb_device.o
      1278         36          0        139          0      14317   usbd_cdc.o
       184         36          0         22       2560       5387   usbd_cdc_if.o
       636         24          0          0       1796      16640   usbd_conf.o
       924          0          0          0          0      15355   usbd_core.o
      1354         28          0          1          0      15260   usbd_ctlreq.o
       276         92          0         78        512       6117   usbd_desc.o
       132          0          0          0          0       4492   usbd_ioreq.o

    ----------------------------------------------------------------------
     30714       1676        472        848      18196     819670   Object Totals
         0          0         32          0          0          0   (incl. Generated)
        58          0          4          4          0          0   (incl. Padding)

    ----------------------------------------------------------------------

      Code (inc. data)   RO Data    RW Data    ZI Data      Debug   Library Member Name

       368         46         48          0          0        200   cos_i.o
        84         16          0          0          0        372   dunder.o
        24          0          0          0          0        124   fabs.o
        48          0          0          0          0        124   fpclassify.o
       248          0          0          0          0        152   poly.o
      1080        142        200          0          0        188   rred.o
       200         20          0          0          0        164   sin.o
       304         24         40          0          0        208   sin_i.o
        86          0          0          0          0          0   __dczerorl2.o
         0          0          0          0          0          0   entry.o
         0          0          0          0          0          0   entry10a.o
         0          0          0          0          0          0   entry11a.o
         4          0          0          0          0          0   entry12b.o
         8          4          0          0          0          0   entry2.o
         4          0          0          0          0          0   entry5.o
         0          0          0          0          0          0   entry7b.o
         0          0          0          0          0          0   entry8b.o
         8          4          0          0          0          0   entry9a.o
        12          6          0          4          0         68   errno.o
        30          0          0          0          0          0   handlers.o
        36          8          0          0          0         68   init.o
         0          0          0          0          0          0   iusefp.o
        30          0          0          0          0         68   llshl.o
        36          0          0          0          0         68   llsshr.o
        32          0          0          0          0         68   llushr.o
        36          0          0          0          0         68   memcpya.o
        36          0          0          0          0        108   memseta.o
      2260         86          0          0          0        528   printfa.o
        44          0          0          0          0         80   uidiv.o
        98          0          0          0          0         92   uldiv.o
        48          0          0          0          0         68   cdrcmple.o
       334          0          0          0          0        148   dadd.o
       222          0          0          0          0        100   ddiv.o
       186          0          0          0          0        176   depilogue.o
        62          0          0          0          0         80   dfixi.o
        48          0          0          0          0         68   dfixul.o
        34          0          0          0          0         76   dflti.o
        26          0          0          0          0         76   dfltui.o
       228          0          0          0          0         96   dmul.o
        38          0          0          0          0         68   f2d.o

    ----------------------------------------------------------------------
      6350        356        288          4          0       3704   Library Totals
         8          0          0          0          0          0   (incl. Padding)

    ----------------------------------------------------------------------

      Code (inc. data)   RO Data    RW Data    ZI Data      Debug   Library Name

      2356        248        288          0          0       1532   m_wm.l
      2760        108          0          4          0       1216   mc_w.l
      1226          0          0          0          0        956   mf_w.l

    ----------------------------------------------------------------------
      6350        356        288          4          0       3704   Library Totals

    ----------------------------------------------------------------------

==============================================================================


      Code (inc. data)   RO Data    RW Data    ZI Data      Debug   

     37064       2032        760        852      18196     786166   Grand Totals
     37064       2032        760        324      18196     786166   ELF Image Totals (compressed)
     37064       2032        760        324          0          0   ROM Totals

==============================================================================

    Total RO  Size (Code + RO Data)                37824 (  36.94kB)
    Total RW  Size (RW Data + ZI Data)             19048 (  18.60kB)
    Total ROM Size (Code + RO Data + RW Data)      38148 (  37.25kB)

==============================================================================

